Component: ARM Compiler 5.06 update 4 (build 422) Tool: armlink [4d35d2]

==============================================================================

Section Cross References

    lcd_log.o(i.LCD_LOG_ClearTextZone) refers to stm324x9i_eval_lcd.o(i.BSP_LCD_ClearStringLine) for BSP_LCD_ClearStringLine
    lcd_log.o(i.LCD_LOG_ClearTextZone) refers to lcd_log.o(i.LCD_LOG_DeInit) for LCD_LOG_DeInit
    lcd_log.o(i.LCD_LOG_DeInit) refers to lcd_log.o(.data) for LCD_LineColor
    lcd_log.o(i.LCD_LOG_Init) refers to lcd_log.o(i.LCD_LOG_DeInit) for LCD_LOG_DeInit
    lcd_log.o(i.LCD_LOG_Init) refers to stm324x9i_eval_lcd.o(i.BSP_LCD_Clear) for BSP_LCD_Clear
    lcd_log.o(i.LCD_LOG_ScrollBack) refers to lcd_log.o(i.LCD_LOG_UpdateDisplay) for LCD_LOG_UpdateDisplay
    lcd_log.o(i.LCD_LOG_ScrollBack) refers to lcd_log.o(.data) for LCD_ScrollActive
    lcd_log.o(i.LCD_LOG_ScrollForward) refers to lcd_log.o(i.LCD_LOG_UpdateDisplay) for LCD_LOG_UpdateDisplay
    lcd_log.o(i.LCD_LOG_ScrollForward) refers to lcd_log.o(.data) for LCD_ScrollBackStep
    lcd_log.o(i.LCD_LOG_SetFooter) refers to stm324x9i_eval_lcd.o(i.BSP_LCD_SetFont) for BSP_LCD_SetFont
    lcd_log.o(i.LCD_LOG_SetFooter) refers to stm324x9i_eval_lcd.o(i.BSP_LCD_SetTextColor) for BSP_LCD_SetTextColor
    lcd_log.o(i.LCD_LOG_SetFooter) refers to stm324x9i_eval_lcd.o(i.BSP_LCD_GetXSize) for BSP_LCD_GetXSize
    lcd_log.o(i.LCD_LOG_SetFooter) refers to stm324x9i_eval_lcd.o(i.BSP_LCD_GetYSize) for BSP_LCD_GetYSize
    lcd_log.o(i.LCD_LOG_SetFooter) refers to stm324x9i_eval_lcd.o(i.BSP_LCD_FillRect) for BSP_LCD_FillRect
    lcd_log.o(i.LCD_LOG_SetFooter) refers to stm324x9i_eval_lcd.o(i.BSP_LCD_SetBackColor) for BSP_LCD_SetBackColor
    lcd_log.o(i.LCD_LOG_SetFooter) refers to stm324x9i_eval_lcd.o(i.BSP_LCD_DisplayStringAt) for BSP_LCD_DisplayStringAt
    lcd_log.o(i.LCD_LOG_SetFooter) refers to stm324x9i_eval_lcd.o(.data) for Font12
    lcd_log.o(i.LCD_LOG_SetHeader) refers to stm324x9i_eval_lcd.o(i.BSP_LCD_SetFont) for BSP_LCD_SetFont
    lcd_log.o(i.LCD_LOG_SetHeader) refers to stm324x9i_eval_lcd.o(i.BSP_LCD_SetTextColor) for BSP_LCD_SetTextColor
    lcd_log.o(i.LCD_LOG_SetHeader) refers to stm324x9i_eval_lcd.o(i.BSP_LCD_GetXSize) for BSP_LCD_GetXSize
    lcd_log.o(i.LCD_LOG_SetHeader) refers to stm324x9i_eval_lcd.o(i.BSP_LCD_FillRect) for BSP_LCD_FillRect
    lcd_log.o(i.LCD_LOG_SetHeader) refers to stm324x9i_eval_lcd.o(i.BSP_LCD_SetBackColor) for BSP_LCD_SetBackColor
    lcd_log.o(i.LCD_LOG_SetHeader) refers to stm324x9i_eval_lcd.o(i.BSP_LCD_DisplayStringAt) for BSP_LCD_DisplayStringAt
    lcd_log.o(i.LCD_LOG_SetHeader) refers to stm324x9i_eval_lcd.o(.data) for Font16
    lcd_log.o(i.LCD_LOG_UpdateDisplay) refers to stm324x9i_eval_lcd.o(i.BSP_LCD_SetTextColor) for BSP_LCD_SetTextColor
    lcd_log.o(i.LCD_LOG_UpdateDisplay) refers to stm324x9i_eval_lcd.o(i.BSP_LCD_DisplayStringAtLine) for BSP_LCD_DisplayStringAtLine
    lcd_log.o(i.LCD_LOG_UpdateDisplay) refers to lcd_log.o(.data) for LCD_CacheBuffer_yptr_bottom
    lcd_log.o(i.LCD_LOG_UpdateDisplay) refers to lcd_log.o(.bss) for LCD_CacheBuffer
    app_ethernet.o(i.DHCP_thread) refers to _printf_percent.o(.ARM.Collect$$_printf_percent$$00000000) for _printf_percent
    app_ethernet.o(i.DHCP_thread) refers to _printf_s.o(.ARM.Collect$$_printf_percent$$00000014) for _printf_s
    app_ethernet.o(i.DHCP_thread) refers to _printf_str.o(.text) for _printf_str
    app_ethernet.o(i.DHCP_thread) refers to dhcp.o(i.dhcp_start) for dhcp_start
    app_ethernet.o(i.DHCP_thread) refers to noretval__2printf.o(.text) for __2printf
    app_ethernet.o(i.DHCP_thread) refers to dhcp.o(i.dhcp_supplied_address) for dhcp_supplied_address
    app_ethernet.o(i.DHCP_thread) refers to ip4_addr.o(i.ip4addr_ntoa) for ip4addr_ntoa
    app_ethernet.o(i.DHCP_thread) refers to noretval__2sprintf.o(.text) for __2sprintf
    app_ethernet.o(i.DHCP_thread) refers to dhcp.o(i.dhcp_stop) for dhcp_stop
    app_ethernet.o(i.DHCP_thread) refers to netif.o(i.netif_set_addr) for netif_set_addr
    app_ethernet.o(i.DHCP_thread) refers to cmsis_os.o(i.osDelay) for osDelay
    app_ethernet.o(i.DHCP_thread) refers to app_ethernet.o(.data) for DHCP_state
    app_ethernet.o(i.User_notification) refers to noretval__2printf.o(.text) for __2printf
    app_ethernet.o(i.User_notification) refers to app_ethernet.o(.data) for DHCP_state
    app_ethernet.o(i.ethernetif_notify_conn_changed) refers to stm324x9i_eval.o(i.BSP_LED_Off) for BSP_LED_Off
    app_ethernet.o(i.ethernetif_notify_conn_changed) refers to stm324x9i_eval.o(i.BSP_LED_On) for BSP_LED_On
    app_ethernet.o(i.ethernetif_notify_conn_changed) refers to netif.o(i.netif_set_up) for netif_set_up
    app_ethernet.o(i.ethernetif_notify_conn_changed) refers to netif.o(i.netif_set_down) for netif_set_down
    app_ethernet.o(i.ethernetif_notify_conn_changed) refers to noretval__2printf.o(.text) for __2printf
[...]
    sys_mutex_new                            0x08009cdb   Thumb Code    30  sys_arch.o(i.sys_mutex_new)
    sys_mutex_unlock                         0x08009cf9   Thumb Code    12  sys_arch.o(i.sys_mutex_unlock)
    sys_now                                  0x08009d05   Thumb Code     8  ethernetif.o(i.sys_now)
    sys_sem_free                             0x08009d0d   Thumb Code    12  sys_arch.o(i.sys_sem_free)
    sys_sem_new                              0x08009d19   Thumb Code    44  sys_arch.o(i.sys_sem_new)
    sys_sem_set_invalid                      0x08009d45   Thumb Code     6  sys_arch.o(i.sys_sem_set_invalid)
    sys_sem_signal                           0x08009d4b   Thumb Code    12  sys_arch.o(i.sys_sem_signal)
    sys_sem_valid                            0x08009d57   Thumb Code    14  sys_arch.o(i.sys_sem_valid)
    sys_thread_new                           0x08009d65   Thumb Code    54  sys_arch.o(i.sys_thread_new)
    sys_timeout                              0x08009d9d   Thumb Code   206  timeouts.o(i.sys_timeout)
    sys_timeouts_init                        0x08009e75   Thumb Code    38  timeouts.o(i.sys_timeouts_init)
    sys_timeouts_mbox_fetch                  0x08009ea9   Thumb Code    58  timeouts.o(i.sys_timeouts_mbox_fetch)
    tcp_abandon                              0x08009f21   Thumb Code   216  tcp.o(i.tcp_abandon)
    tcp_abort                                0x0800a009   Thumb Code    14  tcp.o(i.tcp_abort)
    tcp_accept                               0x0800a017   Thumb Code    16  tcp.o(i.tcp_accept)
    tcp_alloc                                0x0800a03d   Thumb Code   176  tcp.o(i.tcp_alloc)
    tcp_arg                                  0x0800a0fd   Thumb Code     6  tcp.o(i.tcp_arg)
    tcp_bind                                 0x0800a105   Thumb Code   164  tcp.o(i.tcp_bind)
    tcp_close                                0x0800a1b5   Thumb Code    34  tcp.o(i.tcp_close)
    tcp_debug_print                          0x0800a447   Thumb Code    22  tcp.o(i.tcp_debug_print)
    tcp_debug_print_flags                    0x0800a45d   Thumb Code     2  tcp.o(i.tcp_debug_print_flags)
    tcp_debug_print_state                    0x0800a45f   Thumb Code     2  tcp.o(i.tcp_debug_print_state)
    tcp_eff_send_mss_impl                    0x0800a461   Thumb Code    58  tcp.o(i.tcp_eff_send_mss_impl)
    tcp_enqueue_flags                        0x0800a49b   Thumb Code   270  tcp_out.o(i.tcp_enqueue_flags)
    tcp_err                                  0x0800a5a9   Thumb Code    12  tcp.o(i.tcp_err)
    tcp_fasttmr                              0x0800a5b5   Thumb Code   108  tcp.o(i.tcp_fasttmr)
    tcp_init                                 0x0800a685   Thumb Code     2  tcp.o(i.tcp_init)
    tcp_input                                0x0800a689   Thumb Code  1332  tcp_in.o(i.tcp_input)
    tcp_keepalive                            0x0800abe1   Thumb Code   114  tcp_out.o(i.tcp_keepalive)
    tcp_listen_with_backlog                  0x0800aea1   Thumb Code   168  tcp.o(i.tcp_listen_with_backlog)
    tcp_netif_ip_addr_changed                0x0800af55   Thumb Code    70  tcp.o(i.tcp_netif_ip_addr_changed)
    tcp_new                                  0x0800afd3   Thumb Code    10  tcp.o(i.tcp_new)
    tcp_next_iss                             0x0800b045   Thumb Code    20  tcp.o(i.tcp_next_iss)
    tcp_output                               0x0800b061   Thumb Code   534  tcp_out.o(i.tcp_output)
    tcp_pcb_purge                            0x0800b4e9   Thumb Code    64  tcp.o(i.tcp_pcb_purge)
    tcp_pcb_remove                           0x0800b529   Thumb Code   124  tcp.o(i.tcp_pcb_remove)
    tcp_pcbs_sane                            0x0800b5a5   Thumb Code    44  tcp.o(i.tcp_pcbs_sane)
    tcp_poll                                 0x0800b5d9   Thumb Code    12  tcp.o(i.tcp_poll)
    tcp_process_refused_data                 0x0800bba1   Thumb Code   146  tcp.o(i.tcp_process_refused_data)
    tcp_recv                                 0x0800c23d   Thumb Code    10  tcp.o(i.tcp_recv)
    tcp_recv_null                            0x0800c247   Thumb Code    46  tcp.o(i.tcp_recv_null)
    tcp_recved                               0x0800c275   Thumb Code    96  tcp.o(i.tcp_recved)
    tcp_rexmit                               0x0800c2ed   Thumb Code    90  tcp_out.o(i.tcp_rexmit)
    tcp_rexmit_fast                          0x0800c347   Thumb Code   116  tcp_out.o(i.tcp_rexmit_fast)
    tcp_rexmit_rto                           0x0800c3bb   Thumb Code    58  tcp_out.o(i.tcp_rexmit_rto)
    tcp_rst                                  0x0800c3f5   Thumb Code   152  tcp_out.o(i.tcp_rst)
    tcp_seg_free                             0x0800c48d   Thumb Code    30  tcp.o(i.tcp_seg_free)
    tcp_segs_free                            0x0800c4ab   Thumb Code    24  tcp.o(i.tcp_segs_free)
    tcp_send_empty_ack                       0x0800c4c3   Thumb Code   142  tcp_out.o(i.tcp_send_empty_ack)
    tcp_send_fin                             0x0800c551   Thumb Code    74  tcp_out.o(i.tcp_send_fin)
    tcp_sent                                 0x0800c59b   Thumb Code    10  tcp.o(i.tcp_sent)
    tcp_shutdown                             0x0800c5a5   Thumb Code    98  tcp.o(i.tcp_shutdown)
    tcp_slowtmr                              0x0800c609   Thumb Code   808  tcp.o(i.tcp_slowtmr)
    tcp_timer_needed                         0x0800c951   Thumb Code    38  timeouts.o(i.tcp_timer_needed)
    tcp_tmr                                  0x0800ca2d   Thumb Code    30  tcp.o(i.tcp_tmr)
    tcp_trigger_input_pcb_close              0x0800ca51   Thumb Code    14  tcp_in.o(i.tcp_trigger_input_pcb_close)
    tcp_update_rcv_ann_wnd                   0x0800ca65   Thumb Code    78  tcp.o(i.tcp_update_rcv_ann_wnd)
    tcp_write                                0x0800cab3   Thumb Code   956  tcp_out.o(i.tcp_write)
    tcp_zero_window_probe                    0x0800cedf   Thumb Code   238  tcp_out.o(i.tcp_zero_window_probe)
    tcpecho_init                             0x0800cfcd   Thumb Code    22  tcpecho.o(i.tcpecho_init)
    tcpip_init                               0x0800d089   Thumb Code    64  tcpip.o(i.tcpip_init)
    tcpip_inpkt                              0x0800d0e5   Thumb Code    76  tcpip.o(i.tcpip_inpkt)
    tcpip_input                              0x0800d135   Thumb Code    40  tcpip.o(i.tcpip_input)
    tcpip_send_msg_wait_sem                  0x0800d165   Thumb Code    28  tcpip.o(i.tcpip_send_msg_wait_sem)
    udp_bind                                 0x0800d251   Thumb Code   140  udp.o(i.udp_bind)
    udp_connect                              0x0800d2e5   Thumb Code   106  udp.o(i.udp_connect)
    udp_debug_print                          0x0800d355   Thumb Code     2  udp.o(i.udp_debug_print)
    udp_init                                 0x0800d357   Thumb Code     2  udp.o(i.udp_init)
    udp_input                                0x0800d359   Thumb Code   352  udp.o(i.udp_input)
    udp_netif_ip_addr_changed                0x0800d509   Thumb Code    42  udp.o(i.udp_netif_ip_addr_changed)
    udp_new                                  0x0800d539   Thumb Code    28  udp.o(i.udp_new)
    udp_recv                                 0x0800d5ad   Thumb Code     6  udp.o(i.udp_recv)
    udp_remove                               0x0800d5b5   Thumb Code    64  udp.o(i.udp_remove)
    udp_sendto_if                            0x0800d5f9   Thumb Code    82  udp.o(i.udp_sendto_if)
    udp_sendto_if_src                        0x0800d64b   Thumb Code   232  udp.o(i.udp_sendto_if_src)
    uxListRemove                             0x0800d733   Thumb Code    40  list.o(i.uxListRemove)
    uxQueueMessagesWaiting                   0x0800d75b   Thumb Code    42  queue.o(i.uxQueueMessagesWaiting)
    uxQueueMessagesWaitingFromISR            0x0800d785   Thumb Code    30  queue.o(i.uxQueueMessagesWaitingFromISR)
    vListInitialise                          0x0800d7a3   Thumb Code    26  list.o(i.vListInitialise)
    vListInitialiseItem                      0x0800d7bd   Thumb Code     6  list.o(i.vListInitialiseItem)
    vListInsert                              0x0800d7c3   Thumb Code    52  list.o(i.vListInsert)
    vListInsertEnd                           0x0800d7f7   Thumb Code    24  list.o(i.vListInsertEnd)
    vPortEnterCritical                       0x0800d811   Thumb Code    76  port.o(i.vPortEnterCritical)
    vPortExitCritical                        0x0800d865   Thumb Code    56  port.o(i.vPortExitCritical)
    vPortFree                                0x0800d8a1   Thumb Code   140  heap_4.o(i.vPortFree)
    vPortSetupTimerInterrupt                 0x0800d935   Thumb Code    26  port.o(i.vPortSetupTimerInterrupt)
    vPortValidateInterruptPriority           0x0800d955   Thumb Code   106  port.o(i.vPortValidateInterruptPriority)
    vQueueDelete                             0x0800d9cd   Thumb Code    44  queue.o(i.vQueueDelete)
    vQueueUnregisterQueue                    0x0800d9f9   Thumb Code    44  queue.o(i.vQueueUnregisterQueue)
    vTaskDelay                               0x0800da29   Thumb Code    82  tasks.o(i.vTaskDelay)
    vTaskDelete                              0x0800da85   Thumb Code   202  tasks.o(i.vTaskDelete)
    vTaskMissedYield                         0x0800db79   Thumb Code     8  tasks.o(i.vTaskMissedYield)
    vTaskPlaceOnEventList                    0x0800db85   Thumb Code    52  tasks.o(i.vTaskPlaceOnEventList)
    vTaskPriorityInherit                     0x0800dbbd   Thumb Code   164  tasks.o(i.vTaskPriorityInherit)
    vTaskSetTimeOutState                     0x0800dc6d   Thumb Code    38  tasks.o(i.vTaskSetTimeOutState)
    vTaskStartScheduler                      0x0800dc9d   Thumb Code   108  tasks.o(i.vTaskStartScheduler)
    vTaskSuspendAll                          0x0800dd25   Thumb Code    12  tasks.o(i.vTaskSuspendAll)
    vTaskSwitchContext                       0x0800dd35   Thumb Code   118  tasks.o(i.vTaskSwitchContext)
    xPortStartScheduler                      0x0800ddc1   Thumb Code   288  port.o(i.xPortStartScheduler)
    xPortSysTickHandler                      0x0800defd   Thumb Code    46  port.o(i.xPortSysTickHandler)
    xQueueCreateCountingSemaphore            0x0800df31   Thumb Code    92  queue.o(i.xQueueCreateCountingSemaphore)
    xQueueCreateMutex                        0x0800df8d   Thumb Code    34  queue.o(i.xQueueCreateMutex)
    xQueueGenericCreate                      0x0800dfaf   Thumb Code    88  queue.o(i.xQueueGenericCreate)
    xQueueGenericReceive                     0x0800e009   Thumb Code   446  queue.o(i.xQueueGenericReceive)
    xQueueGenericReset                       0x0800e1cd   Thumb Code   146  queue.o(i.xQueueGenericReset)
    xQueueGenericSend                        0x0800e265   Thumb Code   420  queue.o(i.xQueueGenericSend)
    xQueueGenericSendFromISR                 0x0800e40d   Thumb Code   248  queue.o(i.xQueueGenericSendFromISR)
    xQueueGiveFromISR                        0x0800e505   Thumb Code   224  queue.o(i.xQueueGiveFromISR)
    xQueueReceiveFromISR                     0x0800e5e5   Thumb Code   202  queue.o(i.xQueueReceiveFromISR)
    xTaskCheckForTimeOut                     0x0800e6b1   Thumb Code   122  tasks.o(i.xTaskCheckForTimeOut)
    xTaskCreate                              0x0800e735   Thumb Code    96  tasks.o(i.xTaskCreate)
    xTaskGetSchedulerState                   0x0800e795   Thumb Code    24  tasks.o(i.xTaskGetSchedulerState)
    xTaskGetTickCount                        0x0800e7b5   Thumb Code     6  tasks.o(i.xTaskGetTickCount)
    xTaskGetTickCountFromISR                 0x0800e7c1   Thumb Code    16  tasks.o(i.xTaskGetTickCountFromISR)
    xTaskIncrementTick                       0x0800e7d5   Thumb Code   282  tasks.o(i.xTaskIncrementTick)
    xTaskPriorityDisinherit                  0x0800e91d   Thumb Code   188  tasks.o(i.xTaskPriorityDisinherit)
    xTaskRemoveFromEventList                 0x0800e9e5   Thumb Code   128  tasks.o(i.xTaskRemoveFromEventList)
    xTaskResumeAll                           0x0800ea7d   Thumb Code   224  tasks.o(i.xTaskResumeAll)
    _fp_init                                 0x0800eb81   Thumb Code    10  fpinit.o(x$fpl$fpinit)
    __fplib_config_fpu_vfp                   0x0800eb89   Thumb Code     0  fpinit.o(x$fpl$fpinit)
    __fplib_config_pureend_doubles           0x0800eb89   Thumb Code     0  fpinit.o(x$fpl$fpinit)
    GPIO_PIN                                 0x0800ebf0   Data           4  stm324x9i_eval.o(.constdata)
    BUTTON_PIN                               0x0800ebf4   Data           6  stm324x9i_eval.o(.constdata)
    BUTTON_IRQn                              0x0800ebfa   Data           6  stm324x9i_eval.o(.constdata)
    COM_TX_PIN                               0x0800ec00   Data           2  stm324x9i_eval.o(.constdata)
    COM_RX_PIN                               0x0800ec02   Data           2  stm324x9i_eval.o(.constdata)
    COM_TX_AF                                0x0800ec04   Data           2  stm324x9i_eval.o(.constdata)
    COM_RX_AF                                0x0800ec06   Data           2  stm324x9i_eval.o(.constdata)
    ip_addr_any                              0x0800ec08   Data           4  ip4_addr.o(.constdata)
    ip_addr_broadcast                        0x0800ec0c   Data           4  ip4_addr.o(.constdata)
    AHBPrescTable                            0x0800ec10   Data          16  system_stm32f4xx.o(.constdata)
    APBPrescTable                            0x0800ec20   Data           8  system_stm32f4xx.o(.constdata)
    lwip_cyclic_timers                       0x0800ec28   Data          40  timeouts.o(.constdata)
    tcp_pcb_lists                            0x0800ec90   Data          16  tcp.o(.constdata)
    memp_UDP_PCB                             0x0800eca0   Data          12  memp.o(.constdata)
    memp_TCP_PCB                             0x0800ecac   Data          12  memp.o(.constdata)
    memp_TCP_PCB_LISTEN                      0x0800ecb8   Data          12  memp.o(.constdata)
    memp_TCP_SEG                             0x0800ecc4   Data          12  memp.o(.constdata)
    memp_REASSDATA                           0x0800ecd0   Data          12  memp.o(.constdata)
    memp_FRAG_PBUF                           0x0800ecdc   Data          12  memp.o(.constdata)
    memp_NETBUF                              0x0800ece8   Data          12  memp.o(.constdata)
    memp_NETCONN                             0x0800ecf4   Data          12  memp.o(.constdata)
    memp_TCPIP_MSG_API                       0x0800ed00   Data          12  memp.o(.constdata)
    memp_TCPIP_MSG_INPKT                     0x0800ed0c   Data          12  memp.o(.constdata)
    memp_SYS_TIMEOUT                         0x0800ed18   Data          12  memp.o(.constdata)
    memp_PBUF                                0x0800ed24   Data          12  memp.o(.constdata)
    memp_PBUF_POOL                           0x0800ed30   Data          12  memp.o(.constdata)
    memp_pools                               0x0800ed3c   Data          52  memp.o(.constdata)
    ethbroadcast                             0x0800ed70   Data           6  ethernet.o(.constdata)
    ethzero                                  0x0800ed76   Data           6  ethernet.o(.constdata)
    os_mutex_def_lwip_sys_mutex              0x0800ed7c   Data           4  sys_arch.o(.constdata)
    __stdin_name                             0x0800edc1   Data           4  sys_io.o(.constdata)
    __stdout_name                            0x0800edc5   Data           4  sys_io.o(.constdata)
    __stderr_name                            0x0800edc9   Data           4  sys_io.o(.constdata)
    Region$$Table$$Base                      0x0800ee70   Number         0  anon$$obj.o(Region$$Table)
    Region$$Table$$Limit                     0x0800ee90   Number         0  anon$$obj.o(Region$$Table)
    DHCP_state                               0x20000000   Data           1  app_ethernet.o(.data)
    Netif_LinkSemaphore                      0x20000004   Data           4  main.o(.data)
    link_arg                                 0x20000008   Data           8  main.o(.data)
    s_xSemaphore                             0x20000010   Data           4  ethernetif.o(.data)
    GPIO_PORT                                0x20000014   Data           8  stm324x9i_eval.o(.data)
    BUTTON_PORT                              0x2000001c   Data          12  stm324x9i_eval.o(.data)
    COM_USART                                0x20000028   Data           4  stm324x9i_eval.o(.data)
    COM_TX_PORT                              0x2000002c   Data           4  stm324x9i_eval.o(.data)
    COM_RX_PORT                              0x20000030   Data           4  stm324x9i_eval.o(.data)
    SystemCoreClock                          0x2000005c   Data           4  system_stm32f4xx.o(.data)
    pxCurrentTCB                             0x20000060   Data           4  tasks.o(.data)
    uwTick                                   0x2000009c   Data           4  stm32f4xx_hal.o(.data)
    netconn_aborted                          0x200000c4   Data           1  api_msg.o(.data)
    lock_tcpip_core                          0x200000d4   Data           4  tcpip.o(.data)
    netif_list                               0x200000e4   Data           4  netif.o(.data)
    netif_default                            0x200000e8   Data           4  netif.o(.data)
    udp_pcbs                                 0x200000f4   Data           4  udp.o(.data)
    tcp_ticks                                0x200000fc   Data           4  tcp.o(.data)
    tcp_bound_pcbs                           0x20000100   Data           4  tcp.o(.data)
    tcp_listen_pcbs                          0x20000104   Data           4  tcp.o(.data)
    tcp_active_pcbs                          0x20000108   Data           4  tcp.o(.data)
    tcp_tw_pcbs                              0x2000010c   Data           4  tcp.o(.data)
    tcp_active_pcbs_changed                  0x20000110   Data           1  tcp.o(.data)
    tcp_input_pcb                            0x20000180   Data           4  tcp_in.o(.data)
    errno                                    0x20000184   Data           4  sys_arch.o(.data)
    lwip_sys_mutex                           0x20000188   Data           4  sys_arch.o(.data)
    __aeabi_stdin                            0x2000018c   Data           4  stdio_streams.o(.data)
    __aeabi_stdout                           0x20000190   Data           4  stdio_streams.o(.data)
    __aeabi_stderr                           0x20000194   Data           4  stdio_streams.o(.data)
    gnetif                                   0x20000198   Data          56  main.o(.bss)
    DMARxDscrTab                             0x200001d0   Data         128  ethernetif.o(.bss)
    DMATxDscrTab                             0x20000250   Data         128  ethernetif.o(.bss)
    Rx_Buff                                  0x200002d0   Data        6096  ethernetif.o(.bss)
    Tx_Buff                                  0x20001aa0   Data        6096  ethernetif.o(.bss)
    EthHandle                                0x20003270   Data          72  ethernetif.o(.bss)
    TimHandle                                0x200032b8   Data          60  stm32f4xx_hal_timebase_tim.o(.bss)
    UartHandle                               0x200032f4   Data          64  stm324x9i_eval_debug.o(.bss)
    dhcp_rx_options_val                      0x20003344   Data          40  dhcp.o(.bss)
    dhcp_rx_options_given                    0x2000336c   Data          10  dhcp.o(.bss)
    xQueueRegistry                           0x20003544   Data          64  queue.o(.bss)
    ip_data                                  0x20007184   Data          24  ip.o(.bss)
    ram_heap                                 0x2000719c   Data       10259  mem.o(.bss)
    memp_memory_UDP_PCB_base                 0x200099af   Data         195  memp.o(.bss)
    memp_memory_TCP_PCB_base                 0x20009a72   Data        1483  memp.o(.bss)
    memp_memory_TCP_PCB_LISTEN_base          0x2000a03d   Data         143  memp.o(.bss)
    memp_memory_TCP_SEG_base                 0x2000a0cc   Data         131  memp.o(.bss)
    memp_memory_REASSDATA_base               0x2000a14f   Data         163  memp.o(.bss)
    memp_memory_FRAG_PBUF_base               0x2000a1f2   Data         363  memp.o(.bss)
    memp_memory_NETBUF_base                  0x2000a35d   Data          35  memp.o(.bss)
    memp_memory_NETCONN_base                 0x2000a380   Data         163  memp.o(.bss)
    memp_memory_TCPIP_MSG_API_base           0x2000a423   Data         131  memp.o(.bss)
    memp_memory_TCPIP_MSG_INPKT_base         0x2000a4a6   Data         131  memp.o(.bss)
    memp_memory_SYS_TIMEOUT_base             0x2000a529   Data         163  memp.o(.bss)
    memp_memory_PBUF_base                    0x2000a5cc   Data         163  memp.o(.bss)
    memp_memory_PBUF_POOL_base               0x2000a66f   Data        4131  memp.o(.bss)
    _random_number_data                      0x2000b6a4   Data         228  rand.o(.bss)
    __stdin                                  0x2000b788   Data          84  stdio_streams.o(.bss)
    __stdout                                 0x2000b7dc   Data          84  stdio_streams.o(.bss)
    __stderr                                 0x2000b830   Data          84  stdio_streams.o(.bss)
    __libspace_start                         0x2000b884   Data          96  libspace.o(.bss)
    __temporary_stack_top$libspace           0x2000b8e4   Data           0  libspace.o(.bss)



==============================================================================

Memory Map of the image

  Image Entry point : 0x080001ad

  Load Region LR_IROM1 (Base: 0x08000000, Size: 0x0000f028, Max: 0x00100000, ABSOLUTE, COMPRESSED[0x0000eebc])

    Execution Region ER_IROM1 (Base: 0x08000000, Size: 0x0000ee90, Max: 0x00100000, ABSOLUTE)

    Base Addr    Size         Type   Attr      Idx    E Section Name        Object

    0x08000000   0x000001ac   Data   RO         9246    RESET               startup_stm32f429xx.o
    0x080001ac   0x00000008   Code   RO         9337  * !!!main             c_w.l(__main.o)
    0x080001b4   0x00000034   Code   RO         9660    !!!scatter          c_w.l(__scatter.o)
    0x080001e8   0x0000005a   Code   RO         9658    !!dczerorl2         c_w.l(__dczerorl2.o)
    0x08000242   0x00000002   PAD
    0x08000244   0x0000001c   Code   RO         9662    !!handler_zi        c_w.l(__scatter_zi.o)
    0x08000260   0x00000000   Code   RO         9313    .ARM.Collect$$_printf_percent$$00000000  c_w.l(_printf_percent.o)
    0x08000260   0x00000006   Code   RO         9312    .ARM.Collect$$_printf_percent$$00000009  c_w.l(_printf_d.o)
    0x08000266   0x00000006   Code   RO         9311    .ARM.Collect$$_printf_percent$$0000000C  c_w.l(_printf_x.o)
    0x0800026c   0x00000006   Code   RO         9310    .ARM.Collect$$_printf_percent$$00000014  c_w.l(_printf_s.o)
    0x08000272   0x00000004   Code   RO         9350    .ARM.Collect$$_printf_percent$$00000017  c_w.l(_printf_percent_end.o)
    0x08000276   0x00000002   Code   RO         9522    .ARM.Collect$$libinit$$00000000  c_w.l(libinit.o)
    0x08000278   0x00000004   Code   RO         9357    .ARM.Collect$$libinit$$00000001  c_w.l(libinit2.o)
    0x0800027c   0x00000000   Code   RO         9360    .ARM.Collect$$libinit$$00000004  c_w.l(libinit2.o)
    0x0800027c   0x00000008   Code   RO         9361    .ARM.Collect$$libinit$$00000005  c_w.l(libinit2.o)
    0x08000284   0x00000000   Code   RO         9363    .ARM.Collect$$libinit$$0000000A  c_w.l(libinit2.o)
    0x08000284   0x00000000   Code   RO         9365    .ARM.Collect$$libinit$$0000000C  c_w.l(libinit2.o)
    0x08000284   0x00000004   Code   RO         9366    .ARM.Collect$$libinit$$0000000D  c_w.l(libinit2.o)
    0x08000288   0x00000000   Code   RO         9367    .ARM.Collect$$libinit$$0000000E  c_w.l(libinit2.o)
    0x08000288   0x00000000   Code   RO         9370    .ARM.Collect$$libinit$$00000011  c_w.l(libinit2.o)
    0x08000288   0x00000000   Code   RO         9372    .ARM.Collect$$libinit$$00000013  c_w.l(libinit2.o)
    0x08000288   0x00000000   Code   RO         9374    .ARM.Collect$$libinit$$00000015  c_w.l(libinit2.o)
    0x08000288   0x00000000   Code   RO         9376    .ARM.Collect$$libinit$$00000017  c_w.l(libinit2.o)
    0x08000288   0x00000000   Code   RO         9378    .ARM.Collect$$libinit$$00000019  c_w.l(libinit2.o)
    0x08000288   0x00000000   Code   RO         9380    .ARM.Collect$$libinit$$0000001B  c_w.l(libinit2.o)
    0x08000288   0x00000000   Code   RO         9382    .ARM.Collect$$libinit$$0000001D  c_w.l(libinit2.o)
    0x08000288   0x00000000   Code   RO         9384    .ARM.Collect$$libinit$$0000001F  c_w.l(libinit2.o)
    0x08000288   0x00000000   Code   RO         9386    .ARM.Collect$$libinit$$00000021  c_w.l(libinit2.o)
    0x08000288   0x00000000   Code   RO         9388    .ARM.Collect$$libinit$$00000023  c_w.l(libinit2.o)
    0x08000288   0x00000004   Code   RO         9389    .ARM.Collect$$libinit$$00000024  c_w.l(libinit2.o)
    0x0800028c   0x00000000   Code   RO         9390    .ARM.Collect$$libinit$$00000025  c_w.l(libinit2.o)
    0x0800028c   0x00000000   Code   RO         9394    .ARM.Collect$$libinit$$0000002C  c_w.l(libinit2.o)
    0x0800028c   0x00000000   Code   RO         9396    .ARM.Collect$$libinit$$0000002E  c_w.l(libinit2.o)
    0x0800028c   0x00000000   Code   RO         9398    .ARM.Collect$$libinit$$00000030  c_w.l(libinit2.o)
    0x0800028c   0x00000000   Code   RO         9400    .ARM.Collect$$libinit$$00000032  c_w.l(libinit2.o)
    0x0800028c   0x00000002   Code   RO         9401    .ARM.Collect$$libinit$$00000033  c_w.l(libinit2.o)
    0x0800028e   0x00000002   Code   RO         9637    .ARM.Collect$$libshutdown$$00000000  c_w.l(libshutdown.o)
    0x08000290   0x00000000   Code   RO         9524    .ARM.Collect$$libshutdown$$00000002  c_w.l(libshutdown2.o)
    0x08000290   0x00000004   Code   RO         9525    .ARM.Collect$$libshutdown$$00000003  c_w.l(libshutdown2.o)
    0x08000294   0x00000000   Code   RO         9526    .ARM.Collect$$libshutdown$$00000004  c_w.l(libshutdown2.o)
    0x08000294   0x00000000   Code   RO         9529    .ARM.Collect$$libshutdown$$00000007  c_w.l(libshutdown2.o)
    0x08000294   0x00000000   Code   RO         9532    .ARM.Collect$$libshutdown$$0000000A  c_w.l(libshutdown2.o)
    0x08000294   0x00000000   Code   RO         9534    .ARM.Collect$$libshutdown$$0000000C  c_w.l(libshutdown2.o)
    0x08000294   0x00000000   Code   RO         9537    .ARM.Collect$$libshutdown$$0000000F  c_w.l(libshutdown2.o)
    0x08000294   0x00000002   Code   RO         9538    .ARM.Collect$$libshutdown$$00000010  c_w.l(libshutdown2.o)
    0x08000296   0x00000000   Code   RO         9339    .ARM.Collect$$rtentry$$00000000  c_w.l(__rtentry.o)
    0x08000296   0x00000000   Code   RO         9403    .ARM.Collect$$rtentry$$00000002  c_w.l(__rtentry2.o)
    0x08000296   0x00000006   Code   RO         9415    .ARM.Collect$$rtentry$$00000004  c_w.l(__rtentry4.o)
    0x0800029c   0x00000000   Code   RO         9405    .ARM.Collect$$rtentry$$00000009  c_w.l(__rtentry2.o)
    0x0800029c   0x00000004   Code   RO         9406    .ARM.Collect$$rtentry$$0000000A  c_w.l(__rtentry2.o)
    0x080002a0   0x00000000   Code   RO         9408    .ARM.Collect$$rtentry$$0000000C  c_w.l(__rtentry2.o)
    0x080002a0   0x00000008   Code   RO         9409    .ARM.Collect$$rtentry$$0000000D  c_w.l(__rtentry2.o)
    0x080002a8   0x00000002   Code   RO         9547    .ARM.Collect$$rtexit$$00000000  c_w.l(rtexit.o)
    0x080002aa   0x00000000   Code   RO         9595    .ARM.Collect$$rtexit$$00000002  c_w.l(rtexit2.o)
    0x080002aa   0x00000004   Code   RO         9596    .ARM.Collect$$rtexit$$00000003  c_w.l(rtexit2.o)
    0x080002ae   0x00000006   Code   RO         9597    .ARM.Collect$$rtexit$$00000004  c_w.l(rtexit2.o)
    0x080002b4   0x000000ba   Code   RO         6955    .emb_text           port.o
    0x0800036e   0x00000002   PAD
    0x08000370   0x00000034   Code   RO         9314    .emb_text           c_w.l(rand.o)
    0x080003a4   0x00000000   Code   RO         9601    .emb_text           c_w.l(maybetermalloc1.o)
    0x080003a4   0x00000040   Code   RO         9247    .text               startup_stm32f429xx.o
    0x080003e4   0x00000018   Code   RO         9257    .text               c_w.l(noretval__2printf.o)
    0x080003fc   0x00000028   Code   RO         9259    .text               c_w.l(noretval__2sprintf.o)
    0x08000424   0x0000004e   Code   RO         9263    .text               c_w.l(_printf_pad.o)
    0x08000472   0x00000052   Code   RO         9265    .text               c_w.l(_printf_str.o)
    0x080004c4   0x00000078   Code   RO         9267    .text               c_w.l(_printf_dec.o)
    0x0800053c   0x00000058   Code   RO         9272    .text               c_w.l(_printf_hex_int.o)
    0x08000594   0x00000138   Code   RO         9302    .text               c_w.l(__printf_flags_wp.o)
    0x080006cc   0x0000003c   Code   RO         9315    .text               c_w.l(rand.o)
    0x08000708   0x00000058   Code   RO         9319    .text               c_w.l(memcmp.o)
    0x08000760   0x0000003e   Code   RO         9321    .text               c_w.l(strlen.o)
    0x0800079e   0x0000008a   Code   RO         9325    .text               c_w.l(rt_memcpy_v6.o)
    0x08000828   0x00000064   Code   RO         9327    .text               c_w.l(rt_memcpy_w.o)
    0x0800088c   0x00000010   Code   RO         9329    .text               c_w.l(aeabi_memset.o)
    0x0800089c   0x00000044   Code   RO         9331    .text               c_w.l(rt_memclr.o)
    0x080008e0   0x0000004e   Code   RO         9333    .text               c_w.l(rt_memclr_w.o)
    0x0800092e   0x00000006   Code   RO         9335    .text               c_w.l(heapauxi.o)
    0x08000934   0x000000b2   Code   RO         9340    .text               c_w.l(_printf_intcommon.o)
    0x080009e6   0x00000002   PAD
    0x080009e8   0x00000030   Code   RO         9342    .text               c_w.l(_printf_char_common.o)
    0x08000a18   0x0000000a   Code   RO         9344    .text               c_w.l(_sputc.o)
    0x08000a22   0x0000002c   Code   RO         9346    .text               c_w.l(_printf_char.o)
    0x08000a4e   0x00000002   PAD
    0x08000a50   0x00000024   Code   RO         9348    .text               c_w.l(_printf_char_file.o)
    0x08000a74   0x00000008   Code   RO         9419    .text               c_w.l(ferror.o)
    0x08000a7c   0x00000138   Code   RO         9421    .text               c_w.l(initio.o)
    0x08000bb4   0x00000066   Code   RO         9431    .text               c_w.l(sys_io.o)
    0x08000c1a   0x0000004a   Code   RO         9438    .text               c_w.l(sys_stackheap_outer.o)
    0x08000c64   0x0000004e   Code   RO         9442    .text               c_w.l(h1_free.o)
    0x08000cb2   0x00000046   Code   RO         9496    .text               c_w.l(setvbuf.o)
    0x08000cf8   0x000000ec   Code   RO         9499    .text               c_w.l(fopen.o)
    0x08000de4   0x0000004c   Code   RO         9501    .text               c_w.l(fclose.o)
    0x08000e30   0x00000012   Code   RO         9507    .text               c_w.l(exit.o)
    0x08000e42   0x0000000e   Code   RO         9509    .text               c_w.l(defsig_rtred_outer.o)
    0x08000e50   0x00000008   Code   RO         9541    .text               c_w.l(libspace.o)
    0x08000e58   0x00000002   Code   RO         9544    .text               c_w.l(use_no_semi.o)
    0x08000e5a   0x00000000   Code   RO         9546    .text               c_w.l(indicate_semi.o)
    0x08000e5a   0x00000002   PAD
    0x08000e5c   0x00000008   Code   RO         9554    .text               c_w.l(rt_heap_descriptor_intlibspace.o)
    0x08000e64   0x00000004   Code   RO         9556    .text               c_w.l(hguard.o)
    0x08000e68   0x0000008a   Code   RO         9560    .text               c_w.l(init_alloc.o)
    0x08000ef2   0x0000005e   Code   RO         9566    .text               c_w.l(h1_alloc.o)
    0x08000f50   0x000000f8   Code   RO         9580    .text               c_w.l(fseek.o)
    0x08001048   0x000000f0   Code   RO         9582    .text               c_w.l(stdio.o)
    0x08001138   0x0000000a   Code   RO         9584    .text               c_w.l(defsig_exit.o)
    0x08001142   0x00000002   PAD
    0x08001144   0x00000034   Code   RO         9586    .text               c_w.l(defsig_rtred_inner.o)
    0x08001178   0x0000000e   Code   RO         9588    .text               c_w.l(defsig_rtmem_outer.o)
    0x08001186   0x00000002   PAD
    0x08001188   0x0000000c   Code   RO         9592    .text               c_w.l(sys_exit.o)
    0x08001194   0x0000000e   Code   RO         9603    .text               c_w.l(h1_init.o)
    0x080011a2   0x00000034   Code   RO         9605    .text               c_w.l(h1_extend.o)
    0x080011d6   0x00000042   Code   RO         9611    .text               c_w.l(ftell.o)
    0x08001218   0x00000032   Code   RO         9615    .text               c_w.l(defsig_general.o)
    0x0800124a   0x00000002   PAD
    0x0800124c   0x00000050   Code   RO         9617    .text               c_w.l(defsig_rtmem_inner.o)
    0x0800129c   0x0000000e   Code   RO         9624    .text               c_w.l(sys_wrch.o)
    0x080012aa   0x00000002   PAD
    0x080012ac   0x00000008   Code   RO         9629    .text               c_w.l(rt_errno_addr_intlibspace.o)
    0x080012b4   0x00000090   Code   RO          418    i.BSP_Config        main.o
    0x08001344   0x00000018   Code   RO         1086    i.BSP_IO_ITClear    stm324x9i_eval_io.o
    0x0800135c   0x00000018   Code   RO         1087    i.BSP_IO_ITGetStatus  stm324x9i_eval_io.o
    0x08001374   0x00000090   Code   RO          827    i.BSP_LED_Init      stm324x9i_eval.o
    0x08001404   0x00000020   Code   RO          828    i.BSP_LED_Off       stm324x9i_eval.o
    0x08001424   0x00000020   Code   RO          829    i.BSP_LED_On        stm324x9i_eval.o
    0x08001444   0x00000020   Code   RO          830    i.BSP_LED_Toggle    stm324x9i_eval.o
    0x08001464   0x00000050   Code   RO          833    i.BSP_RESET_IO_Init  stm324x9i_eval.o
    0x080014b4   0x00000038   Code   RO         1573    i.BSP_USART_Debug_Init  stm324x9i_eval_debug.o
    0x080014ec   0x00000004   Code   RO          622    i.BusFault_Handler  stm32f4xx_it.o
    0x080014f0   0x0000015c   Code   RO          232    i.DHCP_thread       app_ethernet.o
    0x0800164c   0x00000002   Code   RO          623    i.DebugMon_Handler  stm32f4xx_it.o
    0x0800164e   0x00000016   Code   RO         6250    i.ETH_DMAReceptionDisable  stm32f4xx_hal_eth.o
    0x08001664   0x00000016   Code   RO         6251    i.ETH_DMAReceptionEnable  stm32f4xx_hal_eth.o
    0x0800167a   0x00000016   Code   RO         6252    i.ETH_DMATransmissionDisable  stm32f4xx_hal_eth.o
    0x08001690   0x00000016   Code   RO         6253    i.ETH_DMATransmissionEnable  stm32f4xx_hal_eth.o
    0x080016a6   0x00000002   PAD
    0x080016a8   0x00000028   Code   RO         6254    i.ETH_Delay         stm32f4xx_hal_eth.o
    0x080016d0   0x00000038   Code   RO         6255    i.ETH_FlushTransmitFIFO  stm32f4xx_hal_eth.o
    0x08001708   0x00000010   Code   RO          624    i.ETH_IRQHandler    stm32f4xx_it.o
    0x08001718   0x00000034   Code   RO         6256    i.ETH_MACAddressConfig  stm32f4xx_hal_eth.o
    0x0800174c   0x00000244   Code   RO         6257    i.ETH_MACDMAConfig  stm32f4xx_hal_eth.o
    0x08001990   0x00000028   Code   RO         6258    i.ETH_MACReceptionDisable  stm32f4xx_hal_eth.o
    0x080019b8   0x00000028   Code   RO         6259    i.ETH_MACReceptionEnable  stm32f4xx_hal_eth.o
    0x080019e0   0x00000028   Code   RO         6260    i.ETH_MACTransmissionDisable  stm32f4xx_hal_eth.o
    0x08001a08   0x00000028   Code   RO         6261    i.ETH_MACTransmissionEnable  stm32f4xx_hal_eth.o
    0x08001a30   0x0000000c   Code   RO          625    i.EXTI9_5_IRQHandler  stm32f4xx_it.o
    0x08001a3c   0x00000004   Code   RO         1574    i.Error_Handler     stm324x9i_eval_debug.o
    0x08001a40   0x0000001e   Code   RO         3824    i.HAL_Delay         stm32f4xx_hal.o
    0x08001a5e   0x00000002   PAD
    0x08001a60   0x00000140   Code   RO         6263    i.HAL_ETH_ConfigMAC  stm32f4xx_hal_eth.o
    0x08001ba0   0x0000008c   Code   RO         6264    i.HAL_ETH_DMARxDescListInit  stm32f4xx_hal_eth.o
    0x08001c2c   0x00000084   Code   RO         6265    i.HAL_ETH_DMATxDescListInit  stm32f4xx_hal_eth.o
    0x08001cb0   0x00000002   Code   RO         6267    i.HAL_ETH_ErrorCallback  stm32f4xx_hal_eth.o
    0x08001cb2   0x000000ba   Code   RO         6269    i.HAL_ETH_GetReceivedFrame_IT  stm32f4xx_hal_eth.o
    0x08001d6c   0x000000a4   Code   RO         6271    i.HAL_ETH_IRQHandler  stm32f4xx_hal_eth.o
    0x08001e10   0x000002fc   Code   RO         6272    i.HAL_ETH_Init      stm32f4xx_hal_eth.o
    0x0800210c   0x000001f0   Code   RO          499    i.HAL_ETH_MspInit   ethernetif.o
    0x080022fc   0x00000092   Code   RO         6275    i.HAL_ETH_ReadPHYRegister  stm32f4xx_hal_eth.o
    0x0800238e   0x00000002   PAD
    0x08002390   0x00000014   Code   RO          500    i.HAL_ETH_RxCpltCallback  ethernetif.o
    0x080023a4   0x00000052   Code   RO         6277    i.HAL_ETH_Start     stm32f4xx_hal_eth.o
    0x080023f6   0x00000052   Code   RO         6278    i.HAL_ETH_Stop      stm32f4xx_hal_eth.o
    0x08002448   0x0000013e   Code   RO         6279    i.HAL_ETH_TransmitFrame  stm32f4xx_hal_eth.o
    0x08002586   0x00000002   Code   RO         6280    i.HAL_ETH_TxCpltCallback  stm32f4xx_hal_eth.o
    0x08002588   0x00000090   Code   RO         6281    i.HAL_ETH_WritePHYRegister  stm32f4xx_hal_eth.o
    0x08002618   0x00000020   Code   RO          419    i.HAL_GPIO_EXTI_Callback  main.o
    0x08002638   0x0000001c   Code   RO         4258    i.HAL_GPIO_EXTI_IRQHandler  stm32f4xx_hal_gpio.o
    0x08002654   0x0000021c   Code   RO         4259    i.HAL_GPIO_Init     stm32f4xx_hal_gpio.o
    0x08002870   0x00000008   Code   RO         4262    i.HAL_GPIO_TogglePin  stm32f4xx_hal_gpio.o
    0x08002878   0x0000000c   Code   RO         4263    i.HAL_GPIO_WritePin  stm32f4xx_hal_gpio.o
    0x08002884   0x0000000c   Code   RO         3832    i.HAL_GetTick       stm32f4xx_hal.o
    0x08002890   0x00000010   Code   RO         3834    i.HAL_IncTick       stm32f4xx_hal.o
    0x080028a0   0x0000003c   Code   RO         3835    i.HAL_Init          stm32f4xx_hal.o
    0x080028dc   0x00000098   Code   RO          767    i.HAL_InitTick      stm32f4xx_hal_timebase_tim.o
    0x08002974   0x00000002   Code   RO         3838    i.HAL_MspInit       stm32f4xx_hal.o
    0x08002976   0x0000001a   Code   RO         2782    i.HAL_NVIC_EnableIRQ  stm32f4xx_hal_cortex.o
    0x08002990   0x0000007c   Code   RO         2788    i.HAL_NVIC_SetPriority  stm32f4xx_hal_cortex.o
    0x08002a0c   0x00000028   Code   RO         2789    i.HAL_NVIC_SetPriorityGrouping  stm32f4xx_hal_cortex.o
    0x08002a34   0x000000a4   Code   RO         6454    i.HAL_PWREx_EnableOverDrive  stm32f4xx_hal_pwr_ex.o
    0x08002ad8   0x000001d0   Code   RO         6107    i.HAL_RCC_ClockConfig  stm32f4xx_hal_rcc.o
    0x08002ca8   0x00000044   Code   RO         6111    i.HAL_RCC_GetClockConfig  stm32f4xx_hal_rcc.o
    0x08002cec   0x0000000c   Code   RO         6112    i.HAL_RCC_GetHCLKFreq  stm32f4xx_hal_rcc.o
    0x08002cf8   0x0000002c   Code   RO         6114    i.HAL_RCC_GetPCLK1Freq  stm32f4xx_hal_rcc.o
    0x08002d24   0x0000002c   Code   RO         6115    i.HAL_RCC_GetPCLK2Freq  stm32f4xx_hal_rcc.o
    0x08002d50   0x000000b4   Code   RO         6116    i.HAL_RCC_GetSysClockFreq  stm32f4xx_hal_rcc.o
    0x08002e04   0x0000044c   Code   RO         6119    i.HAL_RCC_OscConfig  stm32f4xx_hal_rcc.o
    0x08003250   0x00000002   Code   RO         3578    i.HAL_TIMEx_BreakCallback  stm32f4xx_hal_tim_ex.o
    0x08003252   0x00000002   Code   RO         3579    i.HAL_TIMEx_CommutationCallback  stm32f4xx_hal_tim_ex.o
    0x08003254   0x00000034   Code   RO         5013    i.HAL_TIM_Base_Init  stm32f4xx_hal_tim.o
    0x08003288   0x00000002   Code   RO         5015    i.HAL_TIM_Base_MspInit  stm32f4xx_hal_tim.o
    0x0800328a   0x0000001e   Code   RO         5018    i.HAL_TIM_Base_Start_IT  stm32f4xx_hal_tim.o
    0x080032a8   0x00000002   Code   RO         5042    i.HAL_TIM_IC_CaptureCallback  stm32f4xx_hal_tim.o
    0x080032aa   0x00000196   Code   RO         5055    i.HAL_TIM_IRQHandler  stm32f4xx_hal_tim.o
    0x08003440   0x00000002   Code   RO         5058    i.HAL_TIM_OC_DelayElapsedCallback  stm32f4xx_hal_tim.o
    0x08003442   0x00000002   Code   RO         5085    i.HAL_TIM_PWM_PulseFinishedCallback  stm32f4xx_hal_tim.o
    0x08003444   0x0000000a   Code   RO          770    i.HAL_TIM_PeriodElapsedCallback  stm32f4xx_hal_timebase_tim.o
    0x0800344e   0x00000002   Code   RO         5096    i.HAL_TIM_TriggerCallback  stm32f4xx_hal_tim.o
    0x08003450   0x00000072   Code   RO         3272    i.HAL_UART_Init     stm32f4xx_hal_uart.o
    0x080034c2   0x00000002   PAD
    0x080034c4   0x000000a0   Code   RO         1576    i.HAL_UART_MspInit  stm324x9i_eval_debug.o
    0x08003564   0x000000d6   Code   RO         3280    i.HAL_UART_Transmit  stm32f4xx_hal_uart.o
    0x0800363a   0x00000004   Code   RO          626    i.HardFault_Handler  stm32f4xx_it.o
    0x0800363e   0x00000004   Code   RO          627    i.MemManage_Handler  stm32f4xx_it.o
    0x08003642   0x00000002   Code   RO          628    i.NMI_Handler       stm32f4xx_it.o
    0x08003644   0x00000010   Code   RO         2795    i.NVIC_GetPriorityGrouping  stm32f4xx_hal_cortex.o
    0x08003654   0x00000028   Code   RO         2796    i.NVIC_SetPriority  stm32f4xx_hal_cortex.o
    0x0800367c   0x0000009c   Code   RO          420    i.Netif_Config      main.o
    0x08003718   0x00000054   Code   RO          421    i.StartThread       main.o
    0x0800376c   0x00000008   Code   RO          629    i.SysTick_Handler   stm32f4xx_it.o
    0x08003774   0x0000009c   Code   RO          422    i.SystemClock_Config  main.o
    0x08003810   0x00000064   Code   RO         2181    i.SystemInit        system_stm32f4xx.o
    0x08003874   0x00000010   Code   RO          771    i.TIM6_DAC_IRQHandler  stm32f4xx_hal_timebase_tim.o
    0x08003884   0x000000e4   Code   RO         5097    i.TIM_Base_SetConfig  stm32f4xx_hal_tim.o
    0x08003968   0x00000012   Code   RO          423    i.ToggleSys_led     main.o
    0x0800397a   0x00000002   PAD
    0x0800397c   0x00000368   Code   RO         3299    i.UART_SetConfig    stm32f4xx_hal_uart.o
    0x08003ce4   0x0000006c   Code   RO         3301    i.UART_WaitOnFlagUntilTimeout  stm32f4xx_hal_uart.o
    0x08003d50   0x00000004   Code   RO          630    i.UsageFault_Handler  stm32f4xx_it.o
    0x08003d54   0x00000070   Code   RO          233    i.User_notification  app_ethernet.o
    0x08003dc4   0x0000000e   Code   RO         9300    i._is_digit         c_w.l(__printf_wp.o)
    0x08003dd2   0x00000002   PAD
    0x08003dd4   0x000000f0   Code   RO         7032    i.accept_function   api_msg.o
    0x08003ec4   0x0000001c   Code   RO         8022    i.cyclic_timer      timeouts.o
    0x08003ee0   0x0000002a   Code   RO         1773    i.dhcp_arp_reply    dhcp.o
    0x08003f0a   0x00000102   Code   RO         1774    i.dhcp_bind         dhcp.o
    0x0800400c   0x0000003e   Code   RO         1775    i.dhcp_check        dhcp.o
    0x0800404a   0x00000002   PAD
    0x0800404c   0x00000068   Code   RO         1777    i.dhcp_coarse_tmr   dhcp.o
    0x080040b4   0x00000150   Code   RO         1778    i.dhcp_create_msg   dhcp.o
    0x08004204   0x00000030   Code   RO         1779    i.dhcp_dec_pcb_refcount  dhcp.o
    0x08004234   0x00000098   Code   RO         1780    i.dhcp_decline      dhcp.o
    0x080042cc   0x00000028   Code   RO         1781    i.dhcp_delete_msg   dhcp.o
    0x080042f4   0x000000d4   Code   RO         1782    i.dhcp_discover     dhcp.o
    0x080043c8   0x0000003c   Code   RO         1783    i.dhcp_fine_tmr     dhcp.o
    0x08004404   0x00000080   Code   RO         1784    i.dhcp_handle_ack   dhcp.o
    0x08004484   0x00000028   Code   RO         1785    i.dhcp_handle_nak   dhcp.o
    0x080044ac   0x0000002c   Code   RO         1786    i.dhcp_handle_offer  dhcp.o
    0x080044d8   0x00000074   Code   RO         1787    i.dhcp_inc_pcb_refcount  dhcp.o
    0x0800454c   0x0000004a   Code   RO         1789    i.dhcp_network_changed  dhcp.o
    0x08004596   0x00000020   Code   RO         1790    i.dhcp_option       dhcp.o
    0x080045b6   0x00000012   Code   RO         1791    i.dhcp_option_byte  dhcp.o
    0x080045c8   0x00000042   Code   RO         1792    i.dhcp_option_long  dhcp.o
    0x0800460a   0x00000022   Code   RO         1793    i.dhcp_option_short  dhcp.o
    0x0800462c   0x00000046   Code   RO         1794    i.dhcp_option_trailer  dhcp.o
    0x08004672   0x00000002   PAD
    0x08004674   0x00000324   Code   RO         1795    i.dhcp_parse_reply  dhcp.o
    0x08004998   0x000000c0   Code   RO         1796    i.dhcp_rebind       dhcp.o
    0x08004a58   0x000000dc   Code   RO         1797    i.dhcp_reboot       dhcp.o
    0x08004b34   0x00000134   Code   RO         1798    i.dhcp_recv         dhcp.o
    0x08004c68   0x000000ac   Code   RO         1799    i.dhcp_release      dhcp.o
    0x08004d14   0x000000bc   Code   RO         1800    i.dhcp_renew        dhcp.o
    0x08004dd0   0x00000104   Code   RO         1801    i.dhcp_select       dhcp.o
    0x08004ed4   0x00000010   Code   RO         1802    i.dhcp_set_state    dhcp.o
    0x08004ee4   0x0000008c   Code   RO         1804    i.dhcp_start        dhcp.o
    0x08004f70   0x0000002c   Code   RO         1805    i.dhcp_stop         dhcp.o
    0x08004f9c   0x00000022   Code   RO         1806    i.dhcp_supplied_address  dhcp.o
    0x08004fbe   0x00000042   Code   RO         1807    i.dhcp_t1_timeout   dhcp.o
    0x08005000   0x00000048   Code   RO         1808    i.dhcp_t2_timeout   dhcp.o
    0x08005048   0x00000074   Code   RO         1809    i.dhcp_timeout      dhcp.o
    0x080050bc   0x00000028   Code   RO         8925    i.do_memp_free_pool  memp.o
    0x080050e4   0x0000002e   Code   RO         8926    i.do_memp_malloc_pool  memp.o
    0x08005112   0x00000116   Code   RO         7033    i.err_tcp           api_msg.o
    0x08005228   0x00000038   Code   RO         2021    i.etharp_cleanup_netif  etharp.o
    0x08005260   0x00000160   Code   RO         2023    i.etharp_find_entry  etharp.o
    0x080053c0   0x00000040   Code   RO         2024    i.etharp_free_entry  etharp.o
    0x08005400   0x000000de   Code   RO         2026    i.etharp_input      etharp.o
    0x080054de   0x00000002   PAD
    0x080054e0   0x00000134   Code   RO         2027    i.etharp_output     etharp.o
    0x08005614   0x000000b8   Code   RO         2028    i.etharp_output_to_arp_index  etharp.o
    0x080056cc   0x00000174   Code   RO         2029    i.etharp_query      etharp.o
    0x08005840   0x00000098   Code   RO         2030    i.etharp_raw        etharp.o
    0x080058d8   0x00000018   Code   RO         2031    i.etharp_request    etharp.o
    0x080058f0   0x0000002c   Code   RO         2032    i.etharp_request_dst  etharp.o
    0x0800591c   0x000000dc   Code   RO         2033    i.etharp_tmr        etharp.o
    0x080059f8   0x000000c0   Code   RO         2034    i.etharp_update_arp_entry  etharp.o
    0x08005ab8   0x000000c8   Code   RO         9069    i.ethernet_input    ethernet.o
    0x08005b80   0x00000056   Code   RO         9070    i.ethernet_output   ethernet.o
    0x08005bd6   0x00000002   PAD
    0x08005bd8   0x00000030   Code   RO          501    i.ethernetif_init   ethernetif.o
    0x08005c08   0x00000064   Code   RO          502    i.ethernetif_input  ethernetif.o
    0x08005c6c   0x0000006c   Code   RO          234    i.ethernetif_notify_conn_changed  app_ethernet.o
    0x08005cd8   0x00000054   Code   RO          504    i.ethernetif_set_link  ethernetif.o
    0x08005d2c   0x000000d4   Code   RO          505    i.ethernetif_update_config  ethernetif.o
    0x08005e00   0x0000001c   Code   RO         1578    i.fputc             stm324x9i_eval_debug.o
    0x08005e1c   0x00000012   Code   RO         1992    i.icmp_dest_unreach  icmp.o
    0x08005e2e   0x00000002   PAD
    0x08005e30   0x000001bc   Code   RO         1993    i.icmp_input        icmp.o
    0x08005fec   0x0000007e   Code   RO         1994    i.icmp_send_response  icmp.o
    0x0800606a   0x00000012   Code   RO         1995    i.icmp_time_exceeded  icmp.o
    0x0800607c   0x00000010   Code   RO         6580    i.inHandlerMode     cmsis_os.o
    0x0800608c   0x00000014   Code   RO         7882    i.inet_chksum       inet_chksum.o
    0x080060a0   0x00000052   Code   RO         7883    i.inet_chksum_pbuf  inet_chksum.o
    0x080060f2   0x0000004c   Code   RO         7884    i.inet_chksum_pseudo  inet_chksum.o
    0x0800613e   0x0000007e   Code   RO         7886    i.inet_cksum_pseudo_base  inet_chksum.o
    0x080061bc   0x0000004e   Code   RO         1633    i.ip4_addr_isbroadcast_u32  ip4_addr.o
    0x0800620a   0x00000004   Code   RO         1692    i.ip4_debug_print   ip4.o
    0x0800620e   0x00000002   PAD
    0x08006210   0x000001c4   Code   RO         2111    i.ip4_frag          ip4_frag.o
    0x080063d4   0x0000026c   Code   RO         1693    i.ip4_input         ip4.o
    0x08006640   0x00000036   Code   RO         1695    i.ip4_output_if     ip4.o
    0x08006676   0x00000002   PAD
    0x08006678   0x0000010c   Code   RO         1696    i.ip4_output_if_src  ip4.o
    0x08006784   0x000001ac   Code   RO         2112    i.ip4_reass         ip4_frag.o
    0x08006930   0x00000090   Code   RO         1697    i.ip4_route         ip4.o
    0x080069c0   0x00000014   Code   RO         1636    i.ip4addr_ntoa      ip4_addr.o
    0x080069d4   0x000000a8   Code   RO         1637    i.ip4addr_ntoa_r    ip4_addr.o
    0x08006a7c   0x00000024   Code   RO         7888    i.ip_chksum_pseudo  inet_chksum.o
    0x08006aa0   0x0000000a   Code   RO         2113    i.ip_frag_alloc_pbuf_custom_ref  ip4_frag.o
    0x08006aaa   0x00000012   Code   RO         2114    i.ip_frag_free_pbuf_custom_ref  ip4_frag.o
    0x08006abc   0x0000016c   Code   RO         2115    i.ip_reass_chain_frag_into_datagram_and_validate  ip4_frag.o
    0x08006c28   0x0000002c   Code   RO         2116    i.ip_reass_dequeue_datagram  ip4_frag.o
    0x08006c54   0x00000054   Code   RO         2117    i.ip_reass_enqueue_new_datagram  ip4_frag.o
    0x08006ca8   0x000000a0   Code   RO         2118    i.ip_reass_free_complete_datagram  ip4_frag.o
    0x08006d48   0x00000088   Code   RO         2119    i.ip_reass_remove_oldest_datagram  ip4_frag.o
    0x08006dd0   0x00000034   Code   RO         2120    i.ip_reass_tmr      ip4_frag.o
    0x08006e04   0x00000020   Code   RO         2121    i.ipfrag_free_pbuf_custom  ip4_frag.o
    0x08006e24   0x00000144   Code   RO          506    i.low_level_init    ethernetif.o
    0x08006f68   0x00000138   Code   RO          507    i.low_level_input   ethernetif.o
    0x080070a0   0x00000134   Code   RO          508    i.low_level_output  ethernetif.o
    0x080071d4   0x0000001a   Code   RO         7952    i.lwip_htonl        def.o
    0x080071ee   0x0000000c   Code   RO         7953    i.lwip_htons        def.o
    0x080071fa   0x00000024   Code   RO         7995    i.lwip_init         init.o
    0x0800721e   0x00000086   Code   RO         7034    i.lwip_netconn_do_bind  api_msg.o
    0x080072a4   0x000000bc   Code   RO         7035    i.lwip_netconn_do_close  api_msg.o
    0x08007360   0x000001c8   Code   RO         7036    i.lwip_netconn_do_close_internal  api_msg.o
    0x08007528   0x0000010c   Code   RO         7039    i.lwip_netconn_do_delconn  api_msg.o
    0x08007634   0x0000010c   Code   RO         7042    i.lwip_netconn_do_listen  api_msg.o
    0x08007740   0x00000040   Code   RO         7043    i.lwip_netconn_do_newconn  api_msg.o
    0x08007780   0x00000070   Code   RO         7044    i.lwip_netconn_do_recv  api_msg.o
    0x080077f0   0x000000b8   Code   RO         7046    i.lwip_netconn_do_write  api_msg.o
    0x080078a8   0x000001b2   Code   RO         7047    i.lwip_netconn_do_writemore  api_msg.o
    0x08007a5a   0x0000005e   Code   RO         7890    i.lwip_standard_chksum  inet_chksum.o
    0x08007ab8   0x00000028   Code   RO          424    i.main              main.o
    0x08007ae0   0x0000000e   Code   RO         6582    i.makeFreeRtosPriority  cmsis_os.o
    0x08007aee   0x00000002   PAD
    0x08007af0   0x0000006c   Code   RO         8881    i.mem_free          mem.o
    0x08007b5c   0x0000006c   Code   RO         8882    i.mem_init          mem.o
    0x08007bc8   0x0000010c   Code   RO         8883    i.mem_malloc        mem.o
    0x08007cd4   0x00000124   Code   RO         8884    i.mem_trim          mem.o
    0x08007df8   0x00000028   Code   RO         8927    i.memp_free         memp.o
    0x08007e20   0x00000020   Code   RO         8929    i.memp_init         memp.o
    0x08007e40   0x0000002c   Code   RO         8930    i.memp_init_pool    memp.o
    0x08007e6c   0x00000024   Code   RO         8931    i.memp_malloc       memp.o
    0x08007e90   0x00000040   Code   RO         7213    i.netbuf_data       netbuf.o
    0x08007ed0   0x00000020   Code   RO         7214    i.netbuf_delete     netbuf.o
    0x08007ef0   0x0000002e   Code   RO         7218    i.netbuf_next       netbuf.o
    0x08007f1e   0x00000002   PAD
    0x08007f20   0x000000a4   Code   RO         7392    i.netconn_accept    api_lib.o
    0x08007fc4   0x00000084   Code   RO         7048    i.netconn_alloc     api_msg.o
    0x08008048   0x00000022   Code   RO         7393    i.netconn_apimsg    api_lib.o
    0x0800806a   0x00000002   PAD
    0x0800806c   0x0000003c   Code   RO         7394    i.netconn_bind      api_lib.o
    0x080080a8   0x0000000e   Code   RO         7395    i.netconn_close     api_lib.o
    0x080080b6   0x00000002   PAD
    0x080080b8   0x00000034   Code   RO         7396    i.netconn_close_shutdown  api_lib.o
    0x080080ec   0x00000034   Code   RO         7398    i.netconn_delete    api_lib.o
    0x08008120   0x000000b4   Code   RO         7049    i.netconn_drain     api_msg.o
    0x080081d4   0x0000003a   Code   RO         7050    i.netconn_free      api_msg.o
    0x0800820e   0x00000002   PAD
    0x08008210   0x0000002c   Code   RO         7401    i.netconn_listen_with_backlog  api_lib.o
    0x0800823c   0x00000084   Code   RO         7402    i.netconn_new_with_proto_and_callback  api_lib.o
    0x080082c0   0x0000007a   Code   RO         7403    i.netconn_recv      api_lib.o
    0x0800833a   0x00000002   PAD
    0x0800833c   0x00000104   Code   RO         7404    i.netconn_recv_data  api_lib.o
    0x08008440   0x00000094   Code   RO         7409    i.netconn_write_partly  api_lib.o
    0x080084d4   0x00000078   Code   RO         8094    i.netif_add         netif.o
    0x0800854c   0x00000002   Code   RO         8096    i.netif_init        netif.o
    0x0800854e   0x00000024   Code   RO         8098    i.netif_issue_reports  netif.o
    0x08008572   0x00000048   Code   RO         8100    i.netif_set_addr    netif.o
    0x080085ba   0x00000002   PAD
    0x080085bc   0x0000000c   Code   RO         8101    i.netif_set_default  netif.o
    0x080085c8   0x0000002a   Code   RO         8102    i.netif_set_down    netif.o
    0x080085f2   0x0000000c   Code   RO         8103    i.netif_set_gw      netif.o
    0x080085fe   0x00000002   PAD
    0x08008600   0x0000004c   Code   RO         8104    i.netif_set_ipaddr  netif.o
    0x0800864c   0x00000006   Code   RO         8105    i.netif_set_link_callback  netif.o
    0x08008652   0x0000002a   Code   RO         8106    i.netif_set_link_down  netif.o
    0x0800867c   0x00000042   Code   RO         8107    i.netif_set_link_up  netif.o
    0x080086be   0x0000000c   Code   RO         8108    i.netif_set_netmask  netif.o
    0x080086ca   0x0000002c   Code   RO         8109    i.netif_set_up      netif.o
    0x080086f6   0x00000018   Code   RO         6584    i.osDelay           cmsis_os.o
    0x0800870e   0x0000000a   Code   RO         6587    i.osKernelStart     cmsis_os.o
    0x08008718   0x00000014   Code   RO         6588    i.osKernelSysTick   cmsis_os.o
    0x0800872c   0x00000012   Code   RO         6596    i.osMessageCreate   cmsis_os.o
    0x0800873e   0x00000018   Code   RO         6597    i.osMessageDelete   cmsis_os.o
    0x08008756   0x00000002   PAD
    0x08008758   0x0000009c   Code   RO         6598    i.osMessageGet      cmsis_os.o
    0x080087f4   0x00000060   Code   RO         6600    i.osMessagePut      cmsis_os.o
    0x08008854   0x0000001a   Code   RO         6601    i.osMessageWaiting  cmsis_os.o
    0x0800886e   0x0000000c   Code   RO         6602    i.osMutexCreate     cmsis_os.o
    0x0800887a   0x00000002   PAD
    0x0800887c   0x00000050   Code   RO         6604    i.osMutexRelease    cmsis_os.o
    0x080088cc   0x0000006c   Code   RO         6605    i.osMutexWait       cmsis_os.o
    0x08008938   0x00000032   Code   RO         6613    i.osSemaphoreCreate  cmsis_os.o
    0x0800896a   0x00000018   Code   RO         6614    i.osSemaphoreDelete  cmsis_os.o
    0x08008982   0x00000002   PAD
    0x08008984   0x00000050   Code   RO         6616    i.osSemaphoreRelease  cmsis_os.o
    0x080089d4   0x0000006c   Code   RO         6617    i.osSemaphoreWait   cmsis_os.o
    0x08008a40   0x00000010   Code   RO         6620    i.osSystickHandler  cmsis_os.o
    0x08008a50   0x00000030   Code   RO         6621    i.osThreadCreate    cmsis_os.o
    0x08008a80   0x0000000e   Code   RO         6630    i.osThreadTerminate  cmsis_os.o
    0x08008a8e   0x0000018c   Code   RO         8417    i.pbuf_alloc        pbuf.o
    0x08008c1a   0x0000006e   Code   RO         8418    i.pbuf_alloced_custom  pbuf.o
    0x08008c88   0x00000038   Code   RO         8419    i.pbuf_cat          pbuf.o
    0x08008cc0   0x00000016   Code   RO         8420    i.pbuf_chain        pbuf.o
    0x08008cd6   0x00000012   Code   RO         8421    i.pbuf_clen         pbuf.o
    0x08008ce8   0x000000c0   Code   RO         8423    i.pbuf_copy         pbuf.o
    0x08008da8   0x00000092   Code   RO         8424    i.pbuf_copy_partial  pbuf.o
    0x08008e3a   0x00000092   Code   RO         8426    i.pbuf_free         pbuf.o
    0x08008ecc   0x00000012   Code   RO         8428    i.pbuf_header       pbuf.o
    0x08008ede   0x00000012   Code   RO         8429    i.pbuf_header_force  pbuf.o
    0x08008ef0   0x0000008e   Code   RO         8430    i.pbuf_header_impl  pbuf.o
    0x08008f7e   0x00000080   Code   RO         8434    i.pbuf_realloc      pbuf.o
    0x08008ffe   0x0000001e   Code   RO         8435    i.pbuf_ref          pbuf.o
    0x0800901c   0x00000074   Code   RO         7051    i.pcb_new           api_msg.o
    0x08009090   0x00000088   Code   RO         8885    i.plug_holes        mem.o
    0x08009118   0x0000007e   Code   RO         7052    i.poll_tcp          api_msg.o
    0x08009196   0x00000002   PAD
    0x08009198   0x00000080   Code   RO         2273    i.prvAddCurrentTaskToDelayedList  tasks.o
    0x08009218   0x000000b8   Code   RO         2274    i.prvAddNewTaskToReadyList  tasks.o
    0x080092d0   0x00000064   Code   RO         2275    i.prvCheckTasksWaitingTermination  tasks.o
    0x08009334   0x0000002a   Code   RO         2587    i.prvCopyDataFromQueue  queue.o
    0x0800935e   0x0000007c   Code   RO         2588    i.prvCopyDataToQueue  queue.o
    0x080093da   0x00000012   Code   RO         2276    i.prvDeleteTCB      tasks.o
    0x080093ec   0x0000007c   Code   RO         6517    i.prvHeapInit       heap_4.o
    0x08009468   0x00000028   Code   RO         2277    i.prvIdleTask       tasks.o
    0x08009490   0x0000001c   Code   RO         2589    i.prvInitialiseMutex  queue.o
    0x080094ac   0x0000002a   Code   RO         2590    i.prvInitialiseNewQueue  queue.o
    0x080094d6   0x000000b4   Code   RO         2278    i.prvInitialiseNewTask  tasks.o
    0x0800958a   0x00000002   PAD
    0x0800958c   0x0000005c   Code   RO         2279    i.prvInitialiseTaskLists  tasks.o
    0x080095e8   0x00000068   Code   RO         6518    i.prvInsertBlockIntoFreeList  heap_4.o
    0x08009650   0x0000001a   Code   RO         2591    i.prvIsQueueEmpty   queue.o
    0x0800966a   0x0000001e   Code   RO         2592    i.prvIsQueueFull    queue.o
    0x08009688   0x00000034   Code   RO         2281    i.prvResetNextTaskUnblockTime  tasks.o
    0x080096bc   0x00000040   Code   RO         6956    i.prvTaskExitError  port.o
    0x080096fc   0x0000007e   Code   RO         2593    i.prvUnlockQueue    queue.o
    0x0800977a   0x00000002   PAD
    0x0800977c   0x0000013c   Code   RO         6519    i.pvPortMalloc      heap_4.o
    0x080098b8   0x00000020   Code   RO         2283    i.pvTaskIncrementMutexHeldCount  tasks.o
    0x080098d8   0x0000002c   Code   RO         6957    i.pxPortInitialiseStack  port.o
    0x08009904   0x00000094   Code   RO         7053    i.recv_tcp          api_msg.o
    0x08009998   0x00000082   Code   RO         7054    i.recv_udp          api_msg.o
    0x08009a1a   0x00000068   Code   RO         7055    i.sent_tcp          api_msg.o
    0x08009a82   0x00000002   PAD
    0x08009a84   0x00000044   Code   RO         7056    i.setup_tcp         api_msg.o
    0x08009ac8   0x0000005e   Code   RO         9096    i.sys_arch_mbox_fetch  sys_arch.o
    0x08009b26   0x00000030   Code   RO         9097    i.sys_arch_mbox_tryfetch  sys_arch.o
    0x08009b56   0x00000002   PAD
    0x08009b58   0x00000018   Code   RO         9098    i.sys_arch_protect  sys_arch.o
    0x08009b70   0x0000003e   Code   RO         9099    i.sys_arch_sem_wait  sys_arch.o
    0x08009bae   0x00000002   PAD
    0x08009bb0   0x00000014   Code   RO         9100    i.sys_arch_unprotect  sys_arch.o
    0x08009bc4   0x0000007c   Code   RO         8023    i.sys_check_timeouts  timeouts.o
    0x08009c40   0x00000018   Code   RO         9101    i.sys_init          sys_arch.o
    0x08009c58   0x00000012   Code   RO         9102    i.sys_mbox_free     sys_arch.o
    0x08009c6a   0x00000002   PAD
    0x08009c6c   0x0000002c   Code   RO         9103    i.sys_mbox_new      sys_arch.o
    0x08009c98   0x00000006   Code   RO         9105    i.sys_mbox_set_invalid  sys_arch.o
    0x08009c9e   0x0000001e   Code   RO         9106    i.sys_mbox_trypost  sys_arch.o
    0x08009cbc   0x0000000e   Code   RO         9107    i.sys_mbox_valid    sys_arch.o
    0x08009cca   0x00000010   Code   RO         9109    i.sys_mutex_lock    sys_arch.o
    0x08009cda   0x0000001e   Code   RO         9110    i.sys_mutex_new     sys_arch.o
    0x08009cf8   0x0000000c   Code   RO         9111    i.sys_mutex_unlock  sys_arch.o
    0x08009d04   0x00000008   Code   RO          509    i.sys_now           ethernetif.o
    0x08009d0c   0x0000000c   Code   RO         9112    i.sys_sem_free      sys_arch.o
    0x08009d18   0x0000002c   Code   RO         9113    i.sys_sem_new       sys_arch.o
    0x08009d44   0x00000006   Code   RO         9114    i.sys_sem_set_invalid  sys_arch.o
    0x08009d4a   0x0000000c   Code   RO         9115    i.sys_sem_signal    sys_arch.o
    0x08009d56   0x0000000e   Code   RO         9116    i.sys_sem_valid     sys_arch.o
    0x08009d64   0x00000036   Code   RO         9117    i.sys_thread_new    sys_arch.o
    0x08009d9a   0x00000002   PAD
    0x08009d9c   0x000000d8   Code   RO         8025    i.sys_timeout       timeouts.o
    0x08009e74   0x00000034   Code   RO         8026    i.sys_timeouts_init  timeouts.o
    0x08009ea8   0x00000040   Code   RO         8027    i.sys_timeouts_mbox_fetch  timeouts.o
    0x08009ee8   0x00000038   Code   RO         8028    i.sys_timeouts_sleeptime  timeouts.o
    0x08009f20   0x000000e8   Code   RO         8571    i.tcp_abandon       tcp.o
    0x0800a008   0x0000000e   Code   RO         8572    i.tcp_abort         tcp.o
    0x0800a016   0x00000010   Code   RO         8573    i.tcp_accept        tcp.o
    0x0800a026   0x00000014   Code   RO         8574    i.tcp_accept_null   tcp.o
    0x0800a03a   0x00000002   PAD
    0x0800a03c   0x000000c0   Code   RO         8575    i.tcp_alloc         tcp.o
    0x0800a0fc   0x00000006   Code   RO         8576    i.tcp_arg           tcp.o
    0x0800a102   0x00000002   PAD
    0x0800a104   0x000000b0   Code   RO         8577    i.tcp_bind          tcp.o
    0x0800a1b4   0x00000022   Code   RO         8578    i.tcp_close         tcp.o
    0x0800a1d6   0x00000002   PAD
    0x0800a1d8   0x000001b0   Code   RO         8579    i.tcp_close_shutdown  tcp.o
    0x0800a388   0x000000be   Code   RO         8320    i.tcp_create_segment  tcp_out.o
    0x0800a446   0x00000016   Code   RO         8581    i.tcp_debug_print   tcp.o
    0x0800a45c   0x00000002   Code   RO         8582    i.tcp_debug_print_flags  tcp.o
    0x0800a45e   0x00000002   Code   RO         8584    i.tcp_debug_print_state  tcp.o
    0x0800a460   0x0000003a   Code   RO         8586    i.tcp_eff_send_mss_impl  tcp.o
    0x0800a49a   0x0000010e   Code   RO         8321    i.tcp_enqueue_flags  tcp_out.o
    0x0800a5a8   0x0000000c   Code   RO         8587    i.tcp_err           tcp.o
    0x0800a5b4   0x00000078   Code   RO         8588    i.tcp_fasttmr       tcp.o
    0x0800a62c   0x00000058   Code   RO         9010    i.tcp_getoptbyte    tcp_in.o
    0x0800a684   0x00000002   Code   RO         8589    i.tcp_init          tcp.o
    0x0800a686   0x00000002   PAD
    0x0800a688   0x00000558   Code   RO         9011    i.tcp_input         tcp_in.o
    0x0800abe0   0x00000072   Code   RO         8322    i.tcp_keepalive     tcp_out.o
    0x0800ac52   0x00000002   PAD
    0x0800ac54   0x00000058   Code   RO         8590    i.tcp_kill_prio     tcp.o
    0x0800acac   0x0000004c   Code   RO         8591    i.tcp_kill_state    tcp.o
    0x0800acf8   0x0000003c   Code   RO         8592    i.tcp_kill_timewait  tcp.o
    0x0800ad34   0x0000002c   Code   RO         8593    i.tcp_listen_closed  tcp.o
    0x0800ad60   0x00000140   Code   RO         9012    i.tcp_listen_input  tcp_in.o
    0x0800aea0   0x000000b4   Code   RO         8594    i.tcp_listen_with_backlog  tcp.o
    0x0800af54   0x00000054   Code   RO         8595    i.tcp_netif_ip_addr_changed  tcp.o
    0x0800afa8   0x0000002a   Code   RO         8596    i.tcp_netif_ip_addr_changed_pcblist  tcp.o
    0x0800afd2   0x0000000a   Code   RO         8597    i.tcp_new           tcp.o
    0x0800afdc   0x00000068   Code   RO         8599    i.tcp_new_port      tcp.o
    0x0800b044   0x0000001c   Code   RO         8600    i.tcp_next_iss      tcp.o
    0x0800b060   0x0000021c   Code   RO         8323    i.tcp_output        tcp_out.o
    0x0800b27c   0x00000078   Code   RO         8324    i.tcp_output_alloc_header  tcp_out.o
    0x0800b2f4   0x000000dc   Code   RO         8325    i.tcp_output_segment  tcp_out.o
    0x0800b3d0   0x000000a0   Code   RO         9013    i.tcp_parseopt      tcp_in.o
    0x0800b470   0x00000078   Code   RO         8326    i.tcp_pbuf_prealloc  tcp_out.o
    0x0800b4e8   0x00000040   Code   RO         8601    i.tcp_pcb_purge     tcp.o
    0x0800b528   0x0000007c   Code   RO         8602    i.tcp_pcb_remove    tcp.o
    0x0800b5a4   0x00000034   Code   RO         8603    i.tcp_pcbs_sane     tcp.o
    0x0800b5d8   0x0000000c   Code   RO         8604    i.tcp_poll          tcp.o
    0x0800b5e4   0x000005bc   Code   RO         9014    i.tcp_process       tcp_in.o
    0x0800bba0   0x00000092   Code   RO         8605    i.tcp_process_refused_data  tcp.o
    0x0800bc32   0x00000002   PAD
    0x0800bc34   0x00000608   Code   RO         9015    i.tcp_receive       tcp_in.o
    0x0800c23c   0x0000000a   Code   RO         8606    i.tcp_recv          tcp.o
    0x0800c246   0x0000002e   Code   RO         8607    i.tcp_recv_null     tcp.o
    0x0800c274   0x00000060   Code   RO         8608    i.tcp_recved        tcp.o
    0x0800c2d4   0x00000018   Code   RO         8609    i.tcp_remove_listener  tcp.o
    0x0800c2ec   0x0000005a   Code   RO         8327    i.tcp_rexmit        tcp_out.o
    0x0800c346   0x00000074   Code   RO         8328    i.tcp_rexmit_fast   tcp_out.o
    0x0800c3ba   0x0000003a   Code   RO         8329    i.tcp_rexmit_rto    tcp_out.o
    0x0800c3f4   0x00000098   Code   RO         8330    i.tcp_rst           tcp_out.o
    0x0800c48c   0x0000001e   Code   RO         8610    i.tcp_seg_free      tcp.o
    0x0800c4aa   0x00000018   Code   RO         8611    i.tcp_segs_free     tcp.o
    0x0800c4c2   0x0000008e   Code   RO         8331    i.tcp_send_empty_ack  tcp_out.o
    0x0800c550   0x0000004a   Code   RO         8332    i.tcp_send_fin      tcp_out.o
    0x0800c59a   0x0000000a   Code   RO         8612    i.tcp_sent          tcp.o
    0x0800c5a4   0x00000062   Code   RO         8614    i.tcp_shutdown      tcp.o
    0x0800c606   0x00000002   PAD
    0x0800c608   0x00000348   Code   RO         8615    i.tcp_slowtmr       tcp.o
    0x0800c950   0x00000038   Code   RO         8030    i.tcp_timer_needed  timeouts.o
    0x0800c988   0x000000a4   Code   RO         9016    i.tcp_timewait_input  tcp_in.o
    0x0800ca2c   0x00000024   Code   RO         8616    i.tcp_tmr           tcp.o
    0x0800ca50   0x00000014   Code   RO         9017    i.tcp_trigger_input_pcb_close  tcp_in.o
    0x0800ca64   0x0000004e   Code   RO         8618    i.tcp_update_rcv_ann_wnd  tcp.o
    0x0800cab2   0x000003bc   Code   RO         8333    i.tcp_write         tcp_out.o
    0x0800ce6e   0x00000070   Code   RO         8334    i.tcp_write_checks  tcp_out.o
    0x0800cede   0x000000ee   Code   RO         8335    i.tcp_zero_window_probe  tcp_out.o
    0x0800cfcc   0x0000002c   Code   RO          747    i.tcpecho_init      tcpecho.o
    0x0800cff8   0x00000090   Code   RO          748    i.tcpecho_thread    tcpecho.o
    0x0800d088   0x0000005c   Code   RO         7278    i.tcpip_init        tcpip.o
    0x0800d0e4   0x00000050   Code   RO         7279    i.tcpip_inpkt       tcpip.o
    0x0800d134   0x00000030   Code   RO         7280    i.tcpip_input       tcpip.o
    0x0800d164   0x00000020   Code   RO         7281    i.tcpip_send_msg_wait_sem  tcpip.o
    0x0800d184   0x00000038   Code   RO         8031    i.tcpip_tcp_timer   timeouts.o
    0x0800d1bc   0x00000094   Code   RO         7282    i.tcpip_thread      tcpip.o
    0x0800d250   0x00000094   Code   RO         8205    i.udp_bind          udp.o
    0x0800d2e4   0x00000070   Code   RO         8206    i.udp_connect       udp.o
    0x0800d354   0x00000002   Code   RO         8207    i.udp_debug_print   udp.o
    0x0800d356   0x00000002   Code   RO         8209    i.udp_init          udp.o
    0x0800d358   0x00000168   Code   RO         8210    i.udp_input         udp.o
    0x0800d4c0   0x00000048   Code   RO         8211    i.udp_input_local_match  udp.o
    0x0800d508   0x00000030   Code   RO         8212    i.udp_netif_ip_addr_changed  udp.o
    0x0800d538   0x0000001c   Code   RO         8213    i.udp_new           udp.o
    0x0800d554   0x00000058   Code   RO         8215    i.udp_new_port      udp.o
    0x0800d5ac   0x00000006   Code   RO         8216    i.udp_recv          udp.o
    0x0800d5b2   0x00000002   PAD
    0x0800d5b4   0x00000044   Code   RO         8217    i.udp_remove        udp.o
    0x0800d5f8   0x00000052   Code   RO         8220    i.udp_sendto_if     udp.o
    0x0800d64a   0x000000e8   Code   RO         8221    i.udp_sendto_if_src  udp.o
    0x0800d732   0x00000028   Code   RO         2235    i.uxListRemove      list.o
    0x0800d75a   0x0000002a   Code   RO         2596    i.uxQueueMessagesWaiting  queue.o
    0x0800d784   0x0000001e   Code   RO         2597    i.uxQueueMessagesWaitingFromISR  queue.o
    0x0800d7a2   0x0000001a   Code   RO         2236    i.vListInitialise   list.o
    0x0800d7bc   0x00000006   Code   RO         2237    i.vListInitialiseItem  list.o
    0x0800d7c2   0x00000034   Code   RO         2238    i.vListInsert       list.o
    0x0800d7f6   0x00000018   Code   RO         2239    i.vListInsertEnd    list.o
    0x0800d80e   0x00000002   PAD
    0x0800d810   0x00000054   Code   RO         6959    i.vPortEnterCritical  port.o
    0x0800d864   0x0000003c   Code   RO         6960    i.vPortExitCritical  port.o
    0x0800d8a0   0x00000094   Code   RO         6520    i.vPortFree         heap_4.o
    0x0800d934   0x00000020   Code   RO         6961    i.vPortSetupTimerInterrupt  port.o
    0x0800d954   0x00000078   Code   RO         6962    i.vPortValidateInterruptPriority  port.o
    0x0800d9cc   0x0000002c   Code   RO         2600    i.vQueueDelete      queue.o
    0x0800d9f8   0x00000030   Code   RO         2602    i.vQueueUnregisterQueue  queue.o
    0x0800da28   0x0000005c   Code   RO         2291    i.vTaskDelay        tasks.o
    0x0800da84   0x000000f4   Code   RO         2292    i.vTaskDelete       tasks.o
    0x0800db78   0x0000000c   Code   RO         2295    i.vTaskMissedYield  tasks.o
    0x0800db84   0x00000038   Code   RO         2297    i.vTaskPlaceOnEventList  tasks.o
    0x0800dbbc   0x000000b0   Code   RO         2299    i.vTaskPriorityInherit  tasks.o
    0x0800dc6c   0x00000030   Code   RO         2302    i.vTaskSetTimeOutState  tasks.o
    0x0800dc9c   0x00000088   Code   RO         2303    i.vTaskStartScheduler  tasks.o
    0x0800dd24   0x00000010   Code   RO         2304    i.vTaskSuspendAll   tasks.o
    0x0800dd34   0x0000008c   Code   RO         2305    i.vTaskSwitchContext  tasks.o
    0x0800ddc0   0x0000013c   Code   RO         6963    i.xPortStartScheduler  port.o
    0x0800defc   0x00000034   Code   RO         6964    i.xPortSysTickHandler  port.o
    0x0800df30   0x0000005c   Code   RO         2603    i.xQueueCreateCountingSemaphore  queue.o
    0x0800df8c   0x00000022   Code   RO         2604    i.xQueueCreateMutex  queue.o
    0x0800dfae   0x00000058   Code   RO         2605    i.xQueueGenericCreate  queue.o
    0x0800e006   0x00000002   PAD
    0x0800e008   0x000001c4   Code   RO         2606    i.xQueueGenericReceive  queue.o
    0x0800e1cc   0x00000098   Code   RO         2607    i.xQueueGenericReset  queue.o
    0x0800e264   0x000001a8   Code   RO         2608    i.xQueueGenericSend  queue.o
    0x0800e40c   0x000000f8   Code   RO         2609    i.xQueueGenericSendFromISR  queue.o
    0x0800e504   0x000000e0   Code   RO         2610    i.xQueueGiveFromISR  queue.o
    0x0800e5e4   0x000000ca   Code   RO         2615    i.xQueueReceiveFromISR  queue.o
    0x0800e6ae   0x00000002   PAD
    0x0800e6b0   0x00000084   Code   RO         2306    i.xTaskCheckForTimeOut  tasks.o
    0x0800e734   0x00000060   Code   RO         2307    i.xTaskCreate       tasks.o
    0x0800e794   0x00000020   Code   RO         2311    i.xTaskGetSchedulerState  tasks.o
    0x0800e7b4   0x0000000c   Code   RO         2312    i.xTaskGetTickCount  tasks.o
    0x0800e7c0   0x00000014   Code   RO         2313    i.xTaskGetTickCountFromISR  tasks.o
    0x0800e7d4   0x00000148   Code   RO         2314    i.xTaskIncrementTick  tasks.o
    0x0800e91c   0x000000c8   Code   RO         2317    i.xTaskPriorityDisinherit  tasks.o
    0x0800e9e4   0x00000098   Code   RO         2318    i.xTaskRemoveFromEventList  tasks.o
    0x0800ea7c   0x00000104   Code   RO         2320    i.xTaskResumeAll    tasks.o
    0x0800eb80   0x0000000a   Code   RO         9429    x$fpl$fpinit        fz_wm.l(fpinit.o)
    0x0800eb8a   0x00000002   PAD
    0x0800eb8c   0x00000050   Data   RO          426    .constdata          main.o
    0x0800ebdc   0x00000014   Data   RO          511    .constdata          ethernetif.o
    0x0800ebf0   0x00000018   Data   RO          860    .constdata          stm324x9i_eval.o
    0x0800ec08   0x00000008   Data   RO         1640    .constdata          ip4_addr.o
    0x0800ec10   0x00000018   Data   RO         2182    .constdata          system_stm32f4xx.o
    0x0800ec28   0x00000028   Data   RO         8032    .constdata          timeouts.o
    0x0800ec50   0x00000050   Data   RO         8619    .constdata          tcp.o
    0x0800eca0   0x000000d0   Data   RO         8934    .constdata          memp.o
    0x0800ed70   0x0000000c   Data   RO         9071    .constdata          ethernet.o
    0x0800ed7c   0x0000000c   Data   RO         9118    .constdata          sys_arch.o
    0x0800ed88   0x00000028   Data   RO         9273    .constdata          c_w.l(_printf_hex_int.o)
    0x0800edb0   0x00000011   Data   RO         9303    .constdata          c_w.l(__printf_flags_wp.o)
    0x0800edc1   0x00000004   Data   RO         9432    .constdata          c_w.l(sys_io.o)
    0x0800edc5   0x00000004   Data   RO         9433    .constdata          c_w.l(sys_io.o)
    0x0800edc9   0x00000004   Data   RO         9434    .constdata          c_w.l(sys_io.o)
    0x0800edcd   0x00000003   PAD
    0x0800edd0   0x0000001e   Data   RO          427    .conststring        main.o
    0x0800edee   0x00000002   PAD
    0x0800edf0   0x00000006   Data   RO          512    .conststring        ethernetif.o
    0x0800edf6   0x00000002   PAD
    0x0800edf8   0x00000075   Data   RO         8620    .conststring        tcp.o
    0x0800ee6d   0x00000003   PAD
    0x0800ee70   0x00000020   Data   RO         9656    Region$$Table       anon$$obj.o


    Execution Region RW_IRAM1 (Base: 0x20000000, Size: 0x0000bee8, Max: 0x00030000, ABSOLUTE, COMPRESSED[0x0000002c])

    Base Addr    Size         Type   Attr      Idx    E Section Name        Object

    0x20000000   0x00000001   Data   RW          235    .data               app_ethernet.o
    0x20000001   0x00000003   PAD
    0x20000004   0x0000000c   Data   RW          428    .data               main.o
    0x20000010   0x00000004   Data   RW          513    .data               ethernetif.o
    0x20000014   0x00000021   Data   RW          861    .data               stm324x9i_eval.o
    0x20000035   0x00000003   PAD
    0x20000038   0x00000004   Data   RW         1092    .data               stm324x9i_eval_io.o
    0x2000003c   0x00000002   Data   RW         1698    .data               ip4.o
    0x2000003e   0x00000002   PAD
    0x20000040   0x00000010   Data   RW         1811    .data               dhcp.o
    0x20000050   0x00000001   Data   RW         2036    .data               etharp.o
    0x20000051   0x00000003   PAD
    0x20000054   0x00000006   Data   RW         2122    .data               ip4_frag.o
    0x2000005a   0x00000002   PAD
    0x2000005c   0x00000004   Data   RW         2183    .data               system_stm32f4xx.o
    0x20000060   0x0000003c   Data   RW         2322    .data               tasks.o
    0x2000009c   0x00000004   Data   RW         3841    .data               stm32f4xx_hal.o
    0x200000a0   0x00000018   Data   RW         6525    .data               heap_4.o
    0x200000b8   0x0000000c   Data   RW         6965    .data               port.o
    0x200000c4   0x00000001   Data   RW         7057    .data               api_msg.o
    0x200000c5   0x00000003   PAD
    0x200000c8   0x00000010   Data   RW         7284    .data               tcpip.o
    0x200000d8   0x0000000c   Data   RW         8033    .data               timeouts.o
    0x200000e4   0x00000009   Data   RW         8110    .data               netif.o
    0x200000ed   0x00000003   PAD
    0x200000f0   0x00000008   Data   RW         8222    .data               udp.o
    0x200000f8   0x00000020   Data   RW         8621    .data               tcp.o
    0x20000118   0x00000010   Data   RW         8887    .data               mem.o
    0x20000128   0x00000034   Data   RW         8935    .data               memp.o
    0x2000015c   0x00000028   Data   RW         9019    .data               tcp_in.o
    0x20000184   0x00000008   Data   RW         9119    .data               sys_arch.o
    0x2000018c   0x00000004   Data   RW         9354    .data               c_w.l(stdio_streams.o)
    0x20000190   0x00000004   Data   RW         9355    .data               c_w.l(stdio_streams.o)
    0x20000194   0x00000004   Data   RW         9356    .data               c_w.l(stdio_streams.o)
    0x20000198   0x00000038   Zero   RW          425    .bss                main.o
    0x200001d0   0x000030e8   Zero   RW          510    .bss                ethernetif.o
    0x200032b8   0x0000003c   Zero   RW          772    .bss                stm32f4xx_hal_timebase_tim.o
    0x200032f4   0x00000040   Zero   RW         1579    .bss                stm324x9i_eval_debug.o
    0x20003334   0x00000010   Zero   RW         1639    .bss                ip4_addr.o
    0x20003344   0x00000032   Zero   RW         1810    .bss                dhcp.o
    0x20003376   0x00000002   PAD
    0x20003378   0x000000f0   Zero   RW         2035    .bss                etharp.o
    0x20003468   0x000000dc   Zero   RW         2321    .bss                tasks.o
    0x20003544   0x00000040   Zero   RW         2617    .bss                queue.o
    0x20003584   0x00003c00   Zero   RW         6524    .bss                heap_4.o
    0x20007184   0x00000018   Zero   RW         7940    .bss                ip.o
    0x2000719c   0x00002813   Zero   RW         8886    .bss                mem.o
    0x200099af   0x00001ce3   Zero   RW         8933    .bss                memp.o
    0x2000b692   0x00000002   PAD
    0x2000b694   0x00000010   Zero   RW         9018    .bss                tcp_in.o
    0x2000b6a4   0x000000e4   Zero   RW         9316    .bss                c_w.l(rand.o)
    0x2000b788   0x00000054   Zero   RW         9351    .bss                c_w.l(stdio_streams.o)
    0x2000b7dc   0x00000054   Zero   RW         9352    .bss                c_w.l(stdio_streams.o)
    0x2000b830   0x00000054   Zero   RW         9353    .bss                c_w.l(stdio_streams.o)
    0x2000b884   0x00000060   Zero   RW         9542    .bss                c_w.l(libspace.o)
    0x2000b8e4   0x00000004   PAD
    0x2000b8e8   0x00000200   Zero   RW         9245    HEAP                startup_stm32f429xx.o
    0x2000bae8   0x00000400   Zero   RW         9244    STACK               startup_stm32f429xx.o


==============================================================================

Image component sizes


      Code (inc. data)   RO Data    RW Data    ZI Data      Debug   Object Name

      1082         46          0          0          0      23455   api_lib.o
      3688         68          0          1          0      28513   api_msg.o
       568        260          0          1          0      43980   app_ethernet.o
       944         24          0          0          0      25395   cmsis_os.o
        38          0          0          0          0       1098   def.o
      4568        186          0         16         50      27755   dhcp.o
      2190         64          0          1        240      11787   etharp.o
       286          4         12          0          0       2686   ethernet.o
      1912        248         26          4      12520      14547   ethernetif.o
       692         62          0         24      15360       7247   heap_4.o
       606          6          0          0          0       3938   icmp.o
       434          0          0          0          0       5252   inet_chksum.o
        36          0          0          0          0        536   init.o
         0          0          0          0         24       2982   ip.o
      1090        106          0          2          0      19873   ip4.o
       266          4          8          0         16       8646   ip4_addr.o
      1780         42          0          6          0      10782   ip4_frag.o
         0          0          0          0          0     783636   lcd_log.o
       148          0          0          0          0       3474   list.o
       630        150        110         12         56      10194   main.o
       912         80          0         16      10259       5401   mem.o
       238         14        208         52       7395      10800   memp.o
       142          0          0          0          0       2368   netbuf.o
       542         18          0          9          0      11547   netif.o
      1422         12          0          0          0      11315   pbuf.o
       958         92          0         12          0      11829   port.o
      2498         20          0          0         64      20609   queue.o
        64         26        428          0       1536        816   startup_stm32f429xx.o
       320         48         24         33          0       6743   stm324x9i_eval.o
       248         24          0          0         64       5163   stm324x9i_eval_debug.o
        48         10          0          4          0       1738   stm324x9i_eval_io.o
       120         16          0          4          0       4346   stm32f4xx_hal.o
       246         22          0          0          0      30182   stm32f4xx_hal_cortex.o
      3458        130          0          0          0      19171   stm32f4xx_hal_eth.o
       588         58          0          0          0       3604   stm32f4xx_hal_gpio.o
       164         12          0          0          0       1292   stm32f4xx_hal_pwr_ex.o
      1912         90          0          0          0       6161   stm32f4xx_hal_rcc.o
       726         44          0          0          0       6318   stm32f4xx_hal_tim.o
         4          0          0          0          0       1594   stm32f4xx_hal_tim_ex.o
       178         24          0          0         60       2621   stm32f4xx_hal_timebase_tim.o
      1308          8          0          0          0       3756   stm32f4xx_hal_uart.o
        56          6          0          0          0       4229   stm32f4xx_it.o
       584         26         12          8          0      18096   sys_arch.o
       100         18         24          4          0       1407   system_stm32f4xx.o
      2978        400          0         60        220      32092   tasks.o
      3746        212        197         32          0      38634   tcp.o
      5132        328          0         40         16      18135   tcp_in.o
      3512         12          0          0          0      16591   tcp_out.o
       188         22          0          0          0       1659   tcpecho.o
       400         60          0         16          0       6501   tcpip.o
       652         90         40         12          0       7048   timeouts.o
      1248         46          0          8          0      12103   udp.o
         0          0          0          0          0      12980   udpecho.o

    ----------------------------------------------------------------------
     55736       3238       1128        396      47884    1372625   Object Totals
         0          0         32          0          0          0   (incl. Generated)
        86          0          7         19          4          0   (incl. Padding)

    ----------------------------------------------------------------------

      Code (inc. data)   RO Data    RW Data    ZI Data      Debug   Library Member Name

        90          0          0          0          0          0   __dczerorl2.o
         8          0          0          0          0         68   __main.o
       312          4         17          0          0         92   __printf_flags_wp.o
        14          0          0          0          0         68   __printf_wp.o
         0          0          0          0          0          0   __rtentry.o
        12          0          0          0          0          0   __rtentry2.o
         6          0          0          0          0          0   __rtentry4.o
        52          8          0          0          0          0   __scatter.o
        28          0          0          0          0          0   __scatter_zi.o
        44          0          0          0          0        108   _printf_char.o
        48          6          0          0          0         96   _printf_char_common.o
        36          4          0          0          0         80   _printf_char_file.o
         6          0          0          0          0          0   _printf_d.o
       120         16          0          0          0         92   _printf_dec.o
        88          4         40          0          0         88   _printf_hex_int.o
       178          0          0          0          0         88   _printf_intcommon.o
        78          0          0          0          0        108   _printf_pad.o
         0          0          0          0          0          0   _printf_percent.o
         4          0          0          0          0          0   _printf_percent_end.o
         6          0          0          0          0          0   _printf_s.o
        82          0          0          0          0         80   _printf_str.o
         6          0          0          0          0          0   _printf_x.o
        10          0          0          0          0         68   _sputc.o
        16          0          0          0          0         68   aeabi_memset.o
        10          0          0          0          0         68   defsig_exit.o
        50          0          0          0          0         88   defsig_general.o
        80         58          0          0          0         76   defsig_rtmem_inner.o
        14          0          0          0          0         80   defsig_rtmem_outer.o
        52         38          0          0          0         76   defsig_rtred_inner.o
        14          0          0          0          0         80   defsig_rtred_outer.o
        18          0          0          0          0         80   exit.o
        76          0          0          0          0         88   fclose.o
         8          0          0          0          0         68   ferror.o
       236          4          0          0          0        128   fopen.o
       248          6          0          0          0         84   fseek.o
        66          0          0          0          0         76   ftell.o
        94          0          0          0          0         80   h1_alloc.o
        52          0          0          0          0         68   h1_extend.o
        78          0          0          0          0         80   h1_free.o
        14          0          0          0          0         84   h1_init.o
         6          0          0          0          0        152   heapauxi.o
         4          0          0          0          0        136   hguard.o
         0          0          0          0          0          0   indicate_semi.o
       138          0          0          0          0        168   init_alloc.o
       312         46          0          0          0        112   initio.o
         2          0          0          0          0          0   libinit.o
        22          0          0          0          0          0   libinit2.o
         2          0          0          0          0          0   libshutdown.o
         6          0          0          0          0          0   libshutdown2.o
         8          4          0          0         96         68   libspace.o
         0          0          0          0          0          0   maybetermalloc1.o
        88          0          0          0          0         76   memcmp.o
        24          4          0          0          0         84   noretval__2printf.o
        40          6          0          0          0         84   noretval__2sprintf.o
       112         18          0          0        228        160   rand.o
         8          4          0          0          0         68   rt_errno_addr_intlibspace.o
         8          4          0          0          0         68   rt_heap_descriptor_intlibspace.o
        68          0          0          0          0         68   rt_memclr.o
        78          0          0          0          0         80   rt_memclr_w.o
       138          0          0          0          0         68   rt_memcpy_v6.o
       100          0          0          0          0         80   rt_memcpy_w.o
         2          0          0          0          0          0   rtexit.o
        10          0          0          0          0          0   rtexit2.o
        70          0          0          0          0         80   setvbuf.o
       240          6          0          0          0        156   stdio.o
         0          0          0         12        252          0   stdio_streams.o
        62          0          0          0          0         76   strlen.o
        12          4          0          0          0         68   sys_exit.o
       102          0         12          0          0        240   sys_io.o
        74          0          0          0          0         80   sys_stackheap_outer.o
        14          0          0          0          0         76   sys_wrch.o
         2          0          0          0          0         68   use_no_semi.o
        10          0          0          0          0        116   fpinit.o

    ----------------------------------------------------------------------
      4136        244         72         12        580       4840   Library Totals
        20          0          3          0          4          0   (incl. Padding)

    ----------------------------------------------------------------------

      Code (inc. data)   RO Data    RW Data    ZI Data      Debug   Library Name

      4106        244         69         12        576       4724   c_w.l
        10          0          0          0          0        116   fz_wm.l

    ----------------------------------------------------------------------
      4136        244         72         12        580       4840   Library Totals

    ----------------------------------------------------------------------

==============================================================================


      Code (inc. data)   RO Data    RW Data    ZI Data      Debug   

     59872       3482       1200        408      48464    1329865   Grand Totals
     59872       3482       1200         44      48464    1329865   ELF Image Totals (compressed)
     59872       3482       1200         44          0          0   ROM Totals

==============================================================================

    Total RO  Size (Code + RO Data)                61072 (  59.64kB)
    Total RW  Size (RW Data + ZI Data)             48872 (  47.73kB)
    Total ROM Size (Code + RO Data + RW Data)      61116 (  59.68kB)

==============================================================================

