###############################################################################
#
# IAR ELF Linker V8.11.2.13589/W32 for ARM                19/Jun/2019  13:38:05
# Copyright 2007-2017 IAR Systems AB.
#
#    Output file  =  
#        C:\Users\youcai\Desktop\Lwip_PCB\LWIP_EVAM\EWARM\Release\Exe\Lwip_EVAM.out
#    Map file     =  
#        C:\Users\youcai\Desktop\Lwip_PCB\LWIP_EVAM\EWARM\Release\List\Lwip_EVAM.map
#    Command line =  
#        -f C:\Users\youcai\AppData\Local\Temp\EW9FD3.tmp
#        (C:\Users\youcai\Desktop\Lwip_PCB\LWIP_EVAM\EWARM\Release\Obj\api_lib.o
#        C:\Users\youcai\Desktop\Lwip_PCB\LWIP_EVAM\EWARM\Release\Obj\api_msg.o
#        C:\Users\youcai\Desktop\Lwip_PCB\LWIP_EVAM\EWARM\Release\Obj\app_ethernet.o
#        C:\Users\youcai\Desktop\Lwip_PCB\LWIP_EVAM\EWARM\Release\Obj\autoip.o
#        C:\Users\youcai\Desktop\Lwip_PCB\LWIP_EVAM\EWARM\Release\Obj\cmsis_os.o
#        C:\Users\youcai\Desktop\Lwip_PCB\LWIP_EVAM\EWARM\Release\Obj\croutine.o
#        C:\Users\youcai\Desktop\Lwip_PCB\LWIP_EVAM\EWARM\Release\Obj\def.o
#        C:\Users\youcai\Desktop\Lwip_PCB\LWIP_EVAM\EWARM\Release\Obj\dhcp.o
#        C:\Users\youcai\Desktop\Lwip_PCB\LWIP_EVAM\EWARM\Release\Obj\dns.o
#        C:\Users\youcai\Desktop\Lwip_PCB\LWIP_EVAM\EWARM\Release\Obj\err.o
#        C:\Users\youcai\Desktop\Lwip_PCB\LWIP_EVAM\EWARM\Release\Obj\etharp.o
#        C:\Users\youcai\Desktop\Lwip_PCB\LWIP_EVAM\EWARM\Release\Obj\ethernet.o
#        C:\Users\youcai\Desktop\Lwip_PCB\LWIP_EVAM\EWARM\Release\Obj\ethernetif.o
#        C:\Users\youcai\Desktop\Lwip_PCB\LWIP_EVAM\EWARM\Release\Obj\heap_4.o
#        C:\Users\youcai\Desktop\Lwip_PCB\LWIP_EVAM\EWARM\Release\Obj\icmp.o
#        C:\Users\youcai\Desktop\Lwip_PCB\LWIP_EVAM\EWARM\Release\Obj\igmp.o
#        C:\Users\youcai\Desktop\Lwip_PCB\LWIP_EVAM\EWARM\Release\Obj\inet_chksum.o
#        C:\Users\youcai\Desktop\Lwip_PCB\LWIP_EVAM\EWARM\Release\Obj\init.o
#        C:\Users\youcai\Desktop\Lwip_PCB\LWIP_EVAM\EWARM\Release\Obj\ip.o
#        C:\Users\youcai\Desktop\Lwip_PCB\LWIP_EVAM\EWARM\Release\Obj\ip4.o
#        C:\Users\youcai\Desktop\Lwip_PCB\LWIP_EVAM\EWARM\Release\Obj\ip4_addr.o
#        C:\Users\youcai\Desktop\Lwip_PCB\LWIP_EVAM\EWARM\Release\Obj\ip4_frag.o
#        C:\Users\youcai\Desktop\Lwip_PCB\LWIP_EVAM\EWARM\Release\Obj\lcd_log.o
#        C:\Users\youcai\Desktop\Lwip_PCB\LWIP_EVAM\EWARM\Release\Obj\list.o
#        C:\Users\youcai\Desktop\Lwip_PCB\LWIP_EVAM\EWARM\Release\Obj\main.o
#        C:\Users\youcai\Desktop\Lwip_PCB\LWIP_EVAM\EWARM\Release\Obj\mem.o
#        C:\Users\youcai\Desktop\Lwip_PCB\LWIP_EVAM\EWARM\Release\Obj\memp.o
#        C:\Users\youcai\Desktop\Lwip_PCB\LWIP_EVAM\EWARM\Release\Obj\netbuf.o
#        C:\Users\youcai\Desktop\Lwip_PCB\LWIP_EVAM\EWARM\Release\Obj\netdb.o
#        C:\Users\youcai\Desktop\Lwip_PCB\LWIP_EVAM\EWARM\Release\Obj\netif.o
#        C:\Users\youcai\Desktop\Lwip_PCB\LWIP_EVAM\EWARM\Release\Obj\netifapi.o
#        C:\Users\youcai\Desktop\Lwip_PCB\LWIP_EVAM\EWARM\Release\Obj\pbuf.o
#        C:\Users\youcai\Desktop\Lwip_PCB\LWIP_EVAM\EWARM\Release\Obj\port.o
#        C:\Users\youcai\Desktop\Lwip_PCB\LWIP_EVAM\EWARM\Release\Obj\portasm.o
#        C:\Users\youcai\Desktop\Lwip_PCB\LWIP_EVAM\EWARM\Release\Obj\queue.o
#        C:\Users\youcai\Desktop\Lwip_PCB\LWIP_EVAM\EWARM\Release\Obj\raw.o
#        C:\Users\youcai\Desktop\Lwip_PCB\LWIP_EVAM\EWARM\Release\Obj\sockets.o
#        C:\Users\youcai\Desktop\Lwip_PCB\LWIP_EVAM\EWARM\Release\Obj\startup_stm32f429xx.o
#        C:\Users\youcai\Desktop\Lwip_PCB\LWIP_EVAM\EWARM\Release\Obj\stats.o
#        C:\Users\youcai\Desktop\Lwip_PCB\LWIP_EVAM\EWARM\Release\Obj\stm324x9i_eval.o
#        C:\Users\youcai\Desktop\Lwip_PCB\LWIP_EVAM\EWARM\Release\Obj\stm324x9i_eval_debug.o
#        C:\Users\youcai\Desktop\Lwip_PCB\LWIP_EVAM\EWARM\Release\Obj\stm324x9i_eval_io.o
#        C:\Users\youcai\Desktop\Lwip_PCB\LWIP_EVAM\EWARM\Release\Obj\stm324x9i_eval_lcd.o
#        C:\Users\youcai\Desktop\Lwip_PCB\LWIP_EVAM\EWARM\Release\Obj\stm324x9i_eval_sdram.o
#        C:\Users\youcai\Desktop\Lwip_PCB\LWIP_EVAM\EWARM\Release\Obj\stm32f4xx_hal.o
#        C:\Users\youcai\Desktop\Lwip_PCB\LWIP_EVAM\EWARM\Release\Obj\stm32f4xx_hal_cortex.o
#        C:\Users\youcai\Desktop\Lwip_PCB\LWIP_EVAM\EWARM\Release\Obj\stm32f4xx_hal_dma.o
#        C:\Users\youcai\Desktop\Lwip_PCB\LWIP_EVAM\EWARM\Release\Obj\stm32f4xx_hal_dma2d.o
#        C:\Users\youcai\Desktop\Lwip_PCB\LWIP_EVAM\EWARM\Release\Obj\stm32f4xx_hal_eth.o
#        C:\Users\youcai\Desktop\Lwip_PCB\LWIP_EVAM\EWARM\Release\Obj\stm32f4xx_hal_flash.o
#        C:\Users\youcai\Desktop\Lwip_PCB\LWIP_EVAM\EWARM\Release\Obj\stm32f4xx_hal_flash_ex.o
#        C:\Users\youcai\Desktop\Lwip_PCB\LWIP_EVAM\EWARM\Release\Obj\stm32f4xx_hal_gpio.o
#        C:\Users\youcai\Desktop\Lwip_PCB\LWIP_EVAM\EWARM\Release\Obj\stm32f4xx_hal_i2c.o
#        C:\Users\youcai\Desktop\Lwip_PCB\LWIP_EVAM\EWARM\Release\Obj\stm32f4xx_hal_i2c_ex.o
#        C:\Users\youcai\Desktop\Lwip_PCB\LWIP_EVAM\EWARM\Release\Obj\stm32f4xx_hal_pwr.o
#        C:\Users\youcai\Desktop\Lwip_PCB\LWIP_EVAM\EWARM\Release\Obj\stm32f4xx_hal_pwr_ex.o
#        C:\Users\youcai\Desktop\Lwip_PCB\LWIP_EVAM\EWARM\Release\Obj\stm32f4xx_hal_rcc.o
#        C:\Users\youcai\Desktop\Lwip_PCB\LWIP_EVAM\EWARM\Release\Obj\stm32f4xx_hal_rcc_ex.o
#        C:\Users\youcai\Desktop\Lwip_PCB\LWIP_EVAM\EWARM\Release\Obj\stm32f4xx_hal_sdram.o
#        C:\Users\youcai\Desktop\Lwip_PCB\LWIP_EVAM\EWARM\Release\Obj\stm32f4xx_hal_tim.o
#        C:\Users\youcai\Desktop\Lwip_PCB\LWIP_EVAM\EWARM\Release\Obj\stm32f4xx_hal_tim_ex.o
#        C:\Users\youcai\Desktop\Lwip_PCB\LWIP_EVAM\EWARM\Release\Obj\stm32f4xx_hal_timebase_tim.o
#        C:\Users\youcai\Desktop\Lwip_PCB\LWIP_EVAM\EWARM\Release\Obj\stm32f4xx_hal_uart.o
#        C:\Users\youcai\Desktop\Lwip_PCB\LWIP_EVAM\EWARM\Release\Obj\stm32f4xx_hal_usart.o
#        C:\Users\youcai\Desktop\Lwip_PCB\LWIP_EVAM\EWARM\Release\Obj\stm32f4xx_it.o
#        C:\Users\youcai\Desktop\Lwip_PCB\LWIP_EVAM\EWARM\Release\Obj\stmpe1600.o
#        C:\Users\youcai\Desktop\Lwip_PCB\LWIP_EVAM\EWARM\Release\Obj\stmpe811.o
#        C:\Users\youcai\Desktop\Lwip_PCB\LWIP_EVAM\EWARM\Release\Obj\sys.o
#        C:\Users\youcai\Desktop\Lwip_PCB\LWIP_EVAM\EWARM\Release\Obj\sys_arch.o
#        C:\Users\youcai\Desktop\Lwip_PCB\LWIP_EVAM\EWARM\Release\Obj\system_stm32f4xx.o
#        C:\Users\youcai\Desktop\Lwip_PCB\LWIP_EVAM\EWARM\Release\Obj\tasks.o
#        C:\Users\youcai\Desktop\Lwip_PCB\LWIP_EVAM\EWARM\Release\Obj\tcp.o
#        C:\Users\youcai\Desktop\Lwip_PCB\LWIP_EVAM\EWARM\Release\Obj\tcp_in.o
#        C:\Users\youcai\Desktop\Lwip_PCB\LWIP_EVAM\EWARM\Release\Obj\tcp_out.o
#        C:\Users\youcai\Desktop\Lwip_PCB\LWIP_EVAM\EWARM\Release\Obj\tcpecho.o
#        C:\Users\youcai\Desktop\Lwip_PCB\LWIP_EVAM\EWARM\Release\Obj\tcpip.o
#        C:\Users\youcai\Desktop\Lwip_PCB\LWIP_EVAM\EWARM\Release\Obj\timeouts.o
#        C:\Users\youcai\Desktop\Lwip_PCB\LWIP_EVAM\EWARM\Release\Obj\timers.o
#        C:\Users\youcai\Desktop\Lwip_PCB\LWIP_EVAM\EWARM\Release\Obj\udp.o
#        C:\Users\youcai\Desktop\Lwip_PCB\LWIP_EVAM\EWARM\Release\Obj\udpecho.o
#        -o
#        C:\Users\youcai\Desktop\Lwip_PCB\LWIP_EVAM\EWARM\Release\Exe\Lwip_EVAM.out
#        --map
#        C:\Users\youcai\Desktop\Lwip_PCB\LWIP_EVAM\EWARM\Release\List\Lwip_EVAM.map
#        --config "F:\Program Files (x86)\IAR Systems\Embedded Workbench
#        8.0\arm\config\linker\ST\stm32f429xG.icf" --semihosting --entry
#        __iar_program_start --inline --vfe --text_out locale)
#
###############################################################################

*******************************************************************************
*** RUNTIME MODEL ATTRIBUTES
***

CppFlavor       = *
__SystemLibrary = DLib
__dlib_version  = 6


*******************************************************************************
*** HEAP SELECTION
***

The basic heap was selected because no calls to memory allocation
functions were found in the application outside of system library
functions, and there are calls to deallocation functions in the
application.


*******************************************************************************
*** PLACEMENT SUMMARY
***

"A0":  place at 0x08000000 { ro section .intvec };
"P1":  place in [from 0x08000000 to 0x080fffff] { ro };
define block CSTACK with size = 8K, alignment = 8 { };
"P3":  place in [from 0x10000000 to 0x1000ffff] {
          block CSTACK, section .ccram };
define block HEAP with size = 8K, alignment = 8 { };
"P4":  place in [from 0x20000000 to 0x2001bfff] |
                [from 0x2001c000 to 0x2001ffff] |
                [from 0x20020000 to 0x2002ffff] { rw, block HEAP };
initialize by copy { rw };

  Section            Kind        Address    Size  Object
  -------            ----        -------    ----  ------
"A0":                                      0x1ac
  .intvec            ro code  0x08000000   0x1ac  startup_stm32f429xx.o [1]
                            - 0x080001ac   0x1ac

"P1":                                     0xfda8
  .text              ro code  0x080001ac  0x21bc  dhcp.o [1]
  .text              ro code  0x08002368   0x9d0  udp.o [1]
  .text              ro code  0x08002d38    0x28  printf.o [3]
  .text              ro code  0x08002d60   0x5dc  etharp.o [1]
  .text              ro code  0x0800333c    0x26  def.o [1]
  .text              ro code  0x08003362     0xa  xsprout.o [3]
  .text              ro code  0x0800336c   0x6e4  pbuf.o [1]
  .text              ro code  0x08003a50   0x2f0  mem.o [1]
  .text              ro code  0x08003d40     0x6  ABImemclr4.o [5]
  .text              ro code  0x08003d48   0x424  netif.o [1]
  .text              ro code  0x0800416c    0xa8  rand.o [3]
  .text              ro code  0x08004214    0xd0  ip4_addr.o [1]
  .text              ro code  0x080042e4   0x200  inet_chksum.o [1]
  .text              ro code  0x080044e4   0x4fc  icmp.o [1]
  .text              ro code  0x080049e0   0xa94  ip4.o [1]
  .text              ro code  0x08005474   0x10c  memp.o [1]
  .text              ro code  0x08005580     0x6  ABImemclr.o [5]
  .text              ro code  0x08005588   0x4e0  xprintfsmall_nomb.o [3]
  .text              ro code  0x08005a68    0xa6  ABImemcpy.o [5]
  .text              ro code  0x08005b10    0xe8  ethernet.o [1]
  .text              ro code  0x08005bf8   0x1d4  sys_arch.o [1]
  .text              ro code  0x08005dcc    0x3a  ABImemset48.o [5]
  .text              ro code  0x08005e08  0x1444  tcp.o [1]
  .text              ro code  0x0800724c    0x30  err.o [1]
  .text              ro code  0x0800727c   0x71c  ip4_frag.o [1]
  .text              ro code  0x08007998  0x14b4  tcp_in.o [1]
  .text              ro code  0x08008e4c    0x5e  ABImemset.o [5]
  .text              ro code  0x08008eac    0x16  strchr.o [5]
  .text              ro code  0x08008ec4    0x44  xfail_s.o [3]
  .text              ro code  0x08008f08    0x36  strlen.o [5]
  .text              ro code  0x08008f40    0x58  memchr.o [5]
  .text              ro code  0x08008f98    0x68  memcmp.o [5]
  .text              ro code  0x08009000   0x308  cmsis_os.o [1]
  .text              ro code  0x08009308  0x1318  tcp_out.o [1]
  .text              ro code  0x0800a620   0x204  timeouts.o [1]
  .text              ro code  0x0800a824     0x6  abort.o [3]
  .text              ro code  0x0800a82c   0x890  tasks.o [1]
  .text              ro code  0x0800b0bc   0x7c4  queue.o [1]
  .text              ro code  0x0800b880   0x200  port.o [1]
  .text              ro code  0x0800ba80   0x660  ethernetif.o [1]
  .text              ro code  0x0800c0e0    0x14  exit.o [6]
  .text              ro code  0x0800c0f4   0x1c4  heap_4.o [1]
  .text              ro code  0x0800c2b8    0x8a  list.o [1]
  CODE               ro code  0x0800c344    0xa8  portasm.o [1]
  .text              ro code  0x0800c3ec   0x224  stm32f4xx_hal_gpio.o [1]
  .text              ro code  0x0800c610    0x94  stm32f4xx_hal_cortex.o [1]
  .text              ro code  0x0800c6a4   0xb50  stm32f4xx_hal_eth.o [1]
  .text              ro code  0x0800d1f4     0xc  stm32f4xx_hal.o [1]
  .text              ro code  0x0800d200   0x204  app_ethernet.o [1]
  .text              ro code  0x0800d404   0x288  main.o [1]
  .text              ro code  0x0800d68c   0x220  stm32f4xx_hal_rcc.o [1]
  .text              ro code  0x0800d8ac    0x1e  stm32f4xx_hal.o [1]
  .text              ro code  0x0800d8cc    0xec  stm324x9i_eval.o [1]
  .text              ro code  0x0800d9b8    0x28  stm324x9i_eval_io.o [1]
  .text              ro code  0x0800d9e0    0x40  sprintf.o [3]
  .text              ro code  0x0800da20    0x34  stm32f4xx_hal.o [1]
  .text              ro code  0x0800da54   0x2d8  stm32f4xx_hal_rcc.o [1]
  .text              ro code  0x0800dd2c    0x6c  stm32f4xx_hal_pwr_ex.o [1]
  .text              ro code  0x0800dd98    0xcc  stm324x9i_eval_debug.o [1]
  .text              ro code  0x0800de64   0x224  tcpip.o [1]
  .text              ro code  0x0800e088    0xb0  tcpecho.o [1]
  .text              ro code  0x0800e138    0x94  stm32f4xx_hal_timebase_tim.o [1]
  .text              ro code  0x0800e1cc   0x3b4  stm32f4xx_hal_uart.o [1]
  .text              ro code  0x0800e580     0x2  stm324x9i_eval_debug.o [1]
  .text              ro code  0x0800e582    0x22  init.o [1]
  .text              ro code  0x0800e5a4   0x3c4  api_lib.o [1]
  .text              ro code  0x0800e968    0x68  netbuf.o [1]
  .text              ro code  0x0800e9d0   0x258  stm32f4xx_hal_tim.o [1]
  .text              ro code  0x0800ec28    0x10  stm32f4xx_hal.o [1]
  .text              ro code  0x0800ec38   0xbb8  api_msg.o [1]
  .text              ro code  0x0800f7f0     0x2  stm32f4xx_hal_tim_ex.o [1]
  .rodata            const    0x0800f7f4   0x168  memp.o [1]
  .rodata            const    0x0800f95c   0x13c  err.o [1]
  .rodata            const    0x0800fa98    0x78  tcp.o [1]
  .text              ro code  0x0800fb10    0x60  system_stm32f4xx.o [1]
  .text              ro code  0x0800fb70    0x40  zero_init3.o [5]
  .text              ro code  0x0800fbb0    0x2c  copy_init3.o [5]
  .text              ro code  0x0800fbdc    0x28  data_init.o [5]
  .text              ro code  0x0800fc04    0x24  stm32f4xx_it.o [1]
  .text              ro code  0x0800fc28    0x22  fpinit_M.o [4]
  .iar.init_table    const    0x0800fc4c    0x24  - Linker created -
  .rodata            const    0x0800fc70    0x20  main.o [1]
  .text              ro code  0x0800fc90    0x1a  cmain.o [5]
  .text              ro code  0x0800fcaa     0x4  exit.o [3]
  .text              ro code  0x0800fcb0     0xa  cexit.o [5]
  .text              ro code  0x0800fcba    0x16  xprout.o [3]
  .text              ro code  0x0800fcd0     0xc  putchar.o [3]
  .text              ro code  0x0800fcdc    0x10  startup_stm32f429xx.o [1]
  .text              ro code  0x0800fcec     0xc  cstartup_M.o [5]
  .rodata            const    0x0800fcf8     0x8  ethernet.o [1]
  .rodata            const    0x0800fd00     0x8  ethernetif.o [1]
  .rodata            const    0x0800fd08     0x8  ip4_addr.o [1]
  .rodata            const    0x0800fd10     0x8  system_stm32f4xx.o [1]
  .text              ro code  0x0800fd18     0x4  startup_stm32f429xx.o [1]
  .text              ro code  0x0800fd1c     0x4  startup_stm32f429xx.o [1]
  .text              ro code  0x0800fd20     0x4  startup_stm32f429xx.o [1]
  .text              ro code  0x0800fd24     0x4  startup_stm32f429xx.o [1]
  .text              ro code  0x0800fd28     0x4  startup_stm32f429xx.o [1]
  .text              ro code  0x0800fd2c     0x4  startup_stm32f429xx.o [1]
  .text              ro code  0x0800fd30     0x4  startup_stm32f429xx.o [1]
  .text              ro code  0x0800fd34     0x4  startup_stm32f429xx.o [1]
  .text              ro code  0x0800fd38     0x4  startup_stm32f429xx.o [1]
  .text              ro code  0x0800fd3c     0x4  startup_stm32f429xx.o [1]
  .text              ro code  0x0800fd40     0x4  startup_stm32f429xx.o [1]
  .text              ro code  0x0800fd44     0x4  startup_stm32f429xx.o [1]
  .text              ro code  0x0800fd48     0x4  startup_stm32f429xx.o [1]
  .text              ro code  0x0800fd4c     0x4  startup_stm32f429xx.o [1]
  .text              ro code  0x0800fd50     0x4  startup_stm32f429xx.o [1]
  .text              ro code  0x0800fd54     0x4  startup_stm32f429xx.o [1]
  .text              ro code  0x0800fd58     0x4  startup_stm32f429xx.o [1]
  .text              ro code  0x0800fd5c     0x4  startup_stm32f429xx.o [1]
  .text              ro code  0x0800fd60     0x4  startup_stm32f429xx.o [1]
  .text              ro code  0x0800fd64     0x4  startup_stm32f429xx.o [1]
  .text              ro code  0x0800fd68     0x4  startup_stm32f429xx.o [1]
  .text              ro code  0x0800fd6c     0x4  startup_stm32f429xx.o [1]
  .text              ro code  0x0800fd70     0x4  startup_stm32f429xx.o [1]
  .text              ro code  0x0800fd74     0x4  startup_stm32f429xx.o [1]
  .text              ro code  0x0800fd78     0x4  startup_stm32f429xx.o [1]
  .text              ro code  0x0800fd7c     0x4  startup_stm32f429xx.o [1]
  .text              ro code  0x0800fd80     0x4  startup_stm32f429xx.o [1]
  .text              ro code  0x0800fd84     0x4  startup_stm32f429xx.o [1]
  .text              ro code  0x0800fd88     0x4  startup_stm32f429xx.o [1]
  .text              ro code  0x0800fd8c     0x4  startup_stm32f429xx.o [1]
  .text              ro code  0x0800fd90     0x4  startup_stm32f429xx.o [1]
  .text              ro code  0x0800fd94     0x4  startup_stm32f429xx.o [1]
  .text              ro code  0x0800fd98     0x4  startup_stm32f429xx.o [1]
  .text              ro code  0x0800fd9c     0x4  startup_stm32f429xx.o [1]
  .text              ro code  0x0800fda0     0x4  startup_stm32f429xx.o [1]
  .text              ro code  0x0800fda4     0x4  startup_stm32f429xx.o [1]
  .text              ro code  0x0800fda8     0x4  startup_stm32f429xx.o [1]
  .text              ro code  0x0800fdac     0x4  startup_stm32f429xx.o [1]
  .text              ro code  0x0800fdb0     0x4  startup_stm32f429xx.o [1]
  .text              ro code  0x0800fdb4     0x4  startup_stm32f429xx.o [1]
  .text              ro code  0x0800fdb8     0x4  startup_stm32f429xx.o [1]
  .text              ro code  0x0800fdbc     0x4  startup_stm32f429xx.o [1]
  .text              ro code  0x0800fdc0     0x4  startup_stm32f429xx.o [1]
  .text              ro code  0x0800fdc4     0x4  startup_stm32f429xx.o [1]
  .text              ro code  0x0800fdc8     0x4  startup_stm32f429xx.o [1]
  .text              ro code  0x0800fdcc     0x4  startup_stm32f429xx.o [1]
  .text              ro code  0x0800fdd0     0x4  startup_stm32f429xx.o [1]
  .text              ro code  0x0800fdd4     0x4  startup_stm32f429xx.o [1]
  .text              ro code  0x0800fdd8     0x4  startup_stm32f429xx.o [1]
  .text              ro code  0x0800fddc     0x4  startup_stm32f429xx.o [1]
  .text              ro code  0x0800fde0     0x4  startup_stm32f429xx.o [1]
  .text              ro code  0x0800fde4     0x4  startup_stm32f429xx.o [1]
  .text              ro code  0x0800fde8     0x4  startup_stm32f429xx.o [1]
  .text              ro code  0x0800fdec     0x4  startup_stm32f429xx.o [1]
  .text              ro code  0x0800fdf0     0x4  startup_stm32f429xx.o [1]
  .text              ro code  0x0800fdf4     0x4  startup_stm32f429xx.o [1]
  .text              ro code  0x0800fdf8     0x4  startup_stm32f429xx.o [1]
  .text              ro code  0x0800fdfc     0x4  startup_stm32f429xx.o [1]
  .text              ro code  0x0800fe00     0x4  startup_stm32f429xx.o [1]
  .text              ro code  0x0800fe04     0x4  startup_stm32f429xx.o [1]
  .text              ro code  0x0800fe08     0x4  startup_stm32f429xx.o [1]
  .text              ro code  0x0800fe0c     0x4  startup_stm32f429xx.o [1]
  .text              ro code  0x0800fe10     0x4  startup_stm32f429xx.o [1]
  .text              ro code  0x0800fe14     0x4  startup_stm32f429xx.o [1]
  .text              ro code  0x0800fe18     0x4  startup_stm32f429xx.o [1]
  .text              ro code  0x0800fe1c     0x4  startup_stm32f429xx.o [1]
  .text              ro code  0x0800fe20     0x4  startup_stm32f429xx.o [1]
  .text              ro code  0x0800fe24     0x4  startup_stm32f429xx.o [1]
  .text              ro code  0x0800fe28     0x4  startup_stm32f429xx.o [1]
  .text              ro code  0x0800fe2c     0x4  startup_stm32f429xx.o [1]
  .text              ro code  0x0800fe30     0x4  startup_stm32f429xx.o [1]
  .text              ro code  0x0800fe34     0x4  startup_stm32f429xx.o [1]
  .text              ro code  0x0800fe38     0x4  startup_stm32f429xx.o [1]
  .text              ro code  0x0800fe3c     0x4  startup_stm32f429xx.o [1]
  .text              ro code  0x0800fe40     0x4  startup_stm32f429xx.o [1]
  .text              ro code  0x0800fe44     0x4  startup_stm32f429xx.o [1]
  .text              ro code  0x0800fe48     0x4  startup_stm32f429xx.o [1]
  .text              ro code  0x0800fe4c     0x4  startup_stm32f429xx.o [1]
  .text              ro code  0x0800fe50     0x4  startup_stm32f429xx.o [1]
  .text              ro code  0x0800fe54     0x4  startup_stm32f429xx.o [1]
  .text              ro code  0x0800fe58     0x4  startup_stm32f429xx.o [1]
  .text              ro code  0x0800fe5c     0x4  startup_stm32f429xx.o [1]
  .text              ro code  0x0800fe60     0x4  startup_stm32f429xx.o [1]
  .text              ro code  0x0800fe64     0x4  startup_stm32f429xx.o [1]
  .text              ro code  0x0800fe68     0x4  startup_stm32f429xx.o [1]
  .text              ro code  0x0800fe6c     0x4  startup_stm32f429xx.o [1]
  .text              ro code  0x0800fe70     0x4  startup_stm32f429xx.o [1]
  .rodata            const    0x0800fe74     0x0  zero_init3.o [5]
  .rodata            const    0x0800fe74     0x0  copy_init3.o [5]
  Initializer bytes  const    0x0800fe74    0xe0  <for P4 s0>
                            - 0x0800ff54  0xfda8

"P3":                                     0x2000
  CSTACK                      0x10000000  0x2000  <Block>
    CSTACK           uninit   0x10000000  0x2000  <Block tail>
                            - 0x10002000  0x2000

"P4", part 1 of 2:                          0xe0
  P4 s0                       0x20000000    0xe0  <Init block>
    .data            inited   0x20000000    0x48  xfiles.o [3]
    .data            inited   0x20000048    0x44  err.o [1]
    .data            inited   0x2000008c    0x1c  tcp.o [1]
    .data            inited   0x200000a8     0xc  dhcp.o [1]
    .data            inited   0x200000b4     0xc  port.o [1]
    .data            inited   0x200000c0     0x8  stm324x9i_eval.o [1]
    .data            inited   0x200000c8     0x8  udp.o [1]
    .data            inited   0x200000d0     0x8  rand.o [3]
    .data            inited   0x200000d8     0x4  system_stm32f4xx.o [1]
    .data            inited   0x200000dc     0x2  tcp.o [1]
                            - 0x200000e0    0xe0

"P4", part 2 of 2:                        0xb72c
  .bss               zero     0x200000e0  0x3c18  heap_4.o [1]
  .bss               zero     0x20003cf8  0x30ec  ethernetif.o [1]
  .bss               zero     0x20006de4  0x2824  mem.o [1]
  .bss               zero     0x20009608  0x1024  memp.o [1]
  .bss               zero     0x2000a62c   0x5cc  memp.o [1]
  .bss               zero     0x2000abf8   0x16c  memp.o [1]
  .bss               zero     0x2000ad64    0xf0  etharp.o [1]
  .bss               zero     0x2000ae54    0xc4  memp.o [1]
  .bss               zero     0x2000af18    0xa4  memp.o [1]
  .bss               zero     0x2000afbc    0xa4  memp.o [1]
  .bss               zero     0x2000b060    0xa4  memp.o [1]
  .bss               zero     0x2000b104    0xa4  memp.o [1]
  .bss               zero     0x2000b1a8    0xa4  memp.o [1]
  .bss               zero     0x2000b24c    0x90  memp.o [1]
  .bss               zero     0x2000b2dc    0x8c  tasks.o [1]
  .bss               zero     0x2000b368    0x8c  tasks.o [1]
  .bss               zero     0x2000b3f4    0x84  memp.o [1]
  .bss               zero     0x2000b478    0x84  memp.o [1]
  .bss               zero     0x2000b4fc    0x84  rand.o [3]
  .bss               zero     0x2000b580    0x50  xfiles.o [3]
  .bss               zero     0x2000b5d0    0x44  main.o [1]
  .bss               zero     0x2000b614    0x40  queue.o [1]
  .bss               zero     0x2000b654    0x40  stm324x9i_eval_debug.o [1]
  .bss               zero     0x2000b694    0x3c  stm32f4xx_hal_timebase_tim.o [1]
  .bss               zero     0x2000b6d0    0x3c  tcp_in.o [1]
  .bss               zero     0x2000b70c    0x34  dhcp.o [1]
  .bss               zero     0x2000b740    0x24  memp.o [1]
  .bss               zero     0x2000b764    0x18  ip.o [1]
  .bss               zero     0x2000b77c    0x10  ip4_addr.o [1]
  .bss               zero     0x2000b78c    0x10  tcpip.o [1]
  .bss               zero     0x2000b79c     0xc  netif.o [1]
  .bss               zero     0x2000b7a8     0x8  ip4_frag.o [1]
  .bss               zero     0x2000b7b0     0x8  timeouts.o [1]
  .bss               zero     0x2000b7b8     0x4  dhcp.o [1]
  .bss               zero     0x2000b7bc     0x4  memp.o [1]
  .bss               zero     0x2000b7c0     0x4  memp.o [1]
  .bss               zero     0x2000b7c4     0x4  memp.o [1]
  .bss               zero     0x2000b7c8     0x4  memp.o [1]
  .bss               zero     0x2000b7cc     0x4  memp.o [1]
  .bss               zero     0x2000b7d0     0x4  memp.o [1]
  .bss               zero     0x2000b7d4     0x4  memp.o [1]
  .bss               zero     0x2000b7d8     0x4  memp.o [1]
  .bss               zero     0x2000b7dc     0x4  memp.o [1]
  .bss               zero     0x2000b7e0     0x4  memp.o [1]
  .bss               zero     0x2000b7e4     0x4  memp.o [1]
  .bss               zero     0x2000b7e8     0x4  memp.o [1]
  .bss               zero     0x2000b7ec     0x4  memp.o [1]
  .bss               zero     0x2000b7f0     0x4  stm324x9i_eval_io.o [1]
  .bss               zero     0x2000b7f4     0x4  stm32f4xx_hal.o [1]
  .bss               zero     0x2000b7f8     0x4  sys_arch.o [1]
  .bss               zero     0x2000b7fc     0x4  timeouts.o [1]
  .bss               zero     0x2000b800     0x4  xfail_s.o [3]
  .bss               zero     0x2000b804     0x2  ip4.o [1]
  .bss               zero     0x2000b806     0x1  api_msg.o [1]
  .bss               zero     0x2000b807     0x1  app_ethernet.o [1]
  .bss               zero     0x2000b808     0x1  etharp.o [1]
  .bss               zero     0x2000b809     0x1  tcp.o [1]
                            - 0x2000b80a  0xb72a


*******************************************************************************
*** INIT TABLE
***

          Address     Size
          -------     ----
Zero (__iar_zero_init3)
    1 destination range, total size 0xb72a:
          0x200000e0  0xb72a

Copy (__iar_copy_init3)
    1 source range, total size 0xe0 (100% of destination):
          0x0800fe74    0xe0
    1 destination range, total size 0xde:
          0x20000000    0xde



*******************************************************************************
*** MODULE SUMMARY
***

    Module                        ro code  ro data  rw data
    ------                        -------  -------  -------
C:\Users\youcai\Desktop\Lwip_PCB\LWIP_EVAM\EWARM\Release\Obj: [1]
    api_lib.o                         964
    api_msg.o                       3 000                 1
    app_ethernet.o                    516                 1
    cmsis_os.o                        776
    def.o                              38
    dhcp.o                          8 636       12       68
    err.o                              48      384       68
    etharp.o                        1 500               241
    ethernet.o                        232        8
    ethernetif.o                    1 632        8   12 524
    heap_4.o                          452            15 384
    icmp.o                          1 276
    inet_chksum.o                     512
    init.o                             34
    ip.o                                                 24
    ip4.o                           2 708                 2
    ip4_addr.o                        208        8       16
    ip4_frag.o                      1 820                 8
    list.o                            138
    main.o                            648       32       68
    mem.o                             752            10 276
    memp.o                            268      360    7 492
    netbuf.o                          104
    netif.o                         1 060                12
    pbuf.o                          1 764
    port.o                            512       12       12
    portasm.o                         168
    queue.o                         1 988                64
    startup_stm32f429xx.o             792
    stm324x9i_eval.o                  236        8        8
    stm324x9i_eval_debug.o            206                64
    stm324x9i_eval_io.o                40                 4
    stm32f4xx_hal.o                   110                 4
    stm32f4xx_hal_cortex.o            148
    stm32f4xx_hal_eth.o             2 896
    stm32f4xx_hal_gpio.o              548
    stm32f4xx_hal_pwr_ex.o            108
    stm32f4xx_hal_rcc.o             1 272
    stm32f4xx_hal_tim.o               600
    stm32f4xx_hal_tim_ex.o              2
    stm32f4xx_hal_timebase_tim.o      148                60
    stm32f4xx_hal_uart.o              948
    stm32f4xx_it.o                     36
    sys_arch.o                        468                 4
    system_stm32f4xx.o                 96       12        4
    tasks.o                         2 192               280
    tcp.o                           5 188      150       31
    tcp_in.o                        5 300                60
    tcp_out.o                       4 888
    tcpecho.o                         176
    tcpip.o                           548                16
    timeouts.o                        516                12
    udp.o                           2 512        8        8
    -------------------------------------------------------
    Total:                         61 728    1 002   46 816

command line: [2]
    -------------------------------------------------------
    Total:

dl7M_tlf.a: [3]
    abort.o                             6
    exit.o                              4
    printf.o                           40
    putchar.o                          12
    rand.o                            168        8      140
    sprintf.o                          64
    xfail_s.o                          68                 4
    xfiles.o                                    72      152
    xprintfsmall_nomb.o             1 248
    xprout.o                           22
    xsprout.o                          10
    -------------------------------------------------------
    Total:                          1 642       80      296

m7M_tls.a: [4]
    fpinit_M.o                         34
    -------------------------------------------------------
    Total:                             34

rt7M_tl.a: [5]
    ABImemclr.o                         6
    ABImemclr4.o                        6
    ABImemcpy.o                       166
    ABImemset.o                        94
    ABImemset48.o                      58
    cexit.o                            10
    cmain.o                            26
    copy_init3.o                       44
    cstartup_M.o                       12
    data_init.o                        40
    memchr.o                           88
    memcmp.o                          104
    strchr.o                           22
    strlen.o                           54
    zero_init3.o                       64
    -------------------------------------------------------
    Total:                            794

shb_l.a: [6]
    exit.o                             20
    -------------------------------------------------------
    Total:                             20

    Gaps                               22        4
    Linker created                              38    8 192
-----------------------------------------------------------
    Grand Total:                   64 240    1 124   55 304


*******************************************************************************
*** ENTRY LIST
***

Entry                      Address    Size  Type      Object
-----                      -------    ----  ----      ------
.iar.init_table$$Base   0x0800fc4c           --   Gb  - Linker created -
.iar.init_table$$Limit  0x0800fc70           --   Gb  - Linker created -
?main                   0x0800fc91          Code  Gb  cmain.o [5]
AHBPrescTable           0x0800fb60    0x10  Data  Gb  system_stm32f4xx.o [1]
APBPrescTable           0x0800fd10     0x8  Data  Gb  system_stm32f4xx.o [1]
BSP_IO_ITClear          0x0800d9cb    0x12  Code  Gb  stm324x9i_eval_io.o [1]
BSP_IO_ITGetStatus      0x0800d9b9    0x12  Code  Gb  stm324x9i_eval_io.o [1]
BSP_LED_Init            0x0800d8cd    0x58  Code  Gb  stm324x9i_eval.o [1]
BSP_LED_Off             0x0800d93b    0x16  Code  Gb  stm324x9i_eval.o [1]
BSP_LED_On              0x0800d925    0x16  Code  Gb  stm324x9i_eval.o [1]
BSP_LED_Toggle          0x0800d951    0x14  Code  Gb  stm324x9i_eval.o [1]
BSP_RESET_IO_Init       0x0800d965    0x44  Code  Gb  stm324x9i_eval.o [1]
BSP_USART_Debug_Init    0x0800dd99    0x30  Code  Gb  stm324x9i_eval_debug.o [1]
BusFault_Handler        0x0800fc0b     0x2  Code  Gb  stm32f4xx_it.o [1]
CSTACK$$Base            0x10000000           --   Gb  - Linker created -
CSTACK$$Limit           0x10002000           --   Gb  - Linker created -
DHCP_state              0x2000b807     0x1  Data  Gb  app_ethernet.o [1]
DHCP_thread             0x0800d26b    0xca  Code  Gb  app_ethernet.o [1]
DMARxDscrTab            0x20003d44    0x80  Data  Gb  ethernetif.o [1]
DMATxDscrTab            0x20003dc4    0x80  Data  Gb  ethernetif.o [1]
DebugMon_Handler        0x0800fc0f     0x2  Code  Gb  stm32f4xx_it.o [1]
ETH_Delay               0x0800d141    0x26  Code  Lc  stm32f4xx_hal_eth.o [1]
ETH_FlushTransmitFIFO   0x0800d101    0x40  Code  Lc  stm32f4xx_hal_eth.o [1]
ETH_IRQHandler          0x0800fc1d     0x6  Code  Gb  stm32f4xx_it.o [1]
ETH_MACDMAConfig        0x0800d00f    0xf2  Code  Lc  stm32f4xx_hal_eth.o [1]
EXTI9_5_IRQHandler      0x0800fc15     0x8  Code  Gb  stm32f4xx_it.o [1]
Error_Handler           0x0800e581     0x2  Code  Lc  stm324x9i_eval_debug.o [1]
EthHandle               0x20003cf8    0x48  Data  Gb  ethernetif.o [1]
GPIO_PIN                0x0800d9b4     0x4  Data  Gb  stm324x9i_eval.o [1]
GPIO_PORT               0x200000c0     0x8  Data  Gb  stm324x9i_eval.o [1]
HAL_Delay               0x0800d8ad    0x1e  Code  Wk  stm32f4xx_hal.o [1]
HAL_ETH_ConfigMAC       0x0800cef5   0x11a  Code  Gb  stm32f4xx_hal_eth.o [1]
HAL_ETH_DMARxDescListInit
                        0x0800cac5    0x66  Code  Gb  stm32f4xx_hal_eth.o [1]
HAL_ETH_DMATxDescListInit
                        0x0800ca59    0x6c  Code  Gb  stm32f4xx_hal_eth.o [1]
HAL_ETH_GetReceivedFrame_IT
                        0x0800cc27    0x86  Code  Gb  stm32f4xx_hal_eth.o [1]
HAL_ETH_IRQHandler      0x0800ccad    0x64  Code  Gb  stm32f4xx_hal_eth.o [1]
HAL_ETH_Init            0x0800c6a5   0x3ae  Code  Gb  stm32f4xx_hal_eth.o [1]
HAL_ETH_MspInit         0x0800ba81   0x16c  Code  Gb  ethernetif.o [1]
HAL_ETH_ReadPHYRegister
                        0x0800cd11    0x7a  Code  Gb  stm32f4xx_hal_eth.o [1]
HAL_ETH_RxCpltCallback  0x0800bbed     0xa  Code  Gb  ethernetif.o [1]
HAL_ETH_Start           0x0800cdf9    0x7a  Code  Gb  stm32f4xx_hal_eth.o [1]
HAL_ETH_Stop            0x0800ce73    0x78  Code  Gb  stm32f4xx_hal_eth.o [1]
HAL_ETH_TransmitFrame   0x0800cb2b    0xfc  Code  Gb  stm32f4xx_hal_eth.o [1]
HAL_ETH_WritePHYRegister
                        0x0800cd8b    0x6e  Code  Gb  stm32f4xx_hal_eth.o [1]
HAL_GPIO_EXTI_Callback  0x0800d5a1    0x20  Code  Gb  main.o [1]
HAL_GPIO_EXTI_IRQHandler
                        0x0800c5c7    0x10  Code  Gb  stm32f4xx_hal_gpio.o [1]
HAL_GPIO_Init           0x0800c3ed   0x1c6  Code  Gb  stm32f4xx_hal_gpio.o [1]
HAL_GPIO_TogglePin      0x0800c5bf     0x8  Code  Gb  stm32f4xx_hal_gpio.o [1]
HAL_GPIO_WritePin       0x0800c5b3     0xc  Code  Gb  stm32f4xx_hal_gpio.o [1]
HAL_GetTick             0x0800d1f5     0xc  Code  Wk  stm32f4xx_hal.o [1]
HAL_IncTick             0x0800ec29    0x10  Code  Wk  stm32f4xx_hal.o [1]
HAL_Init                0x0800da21    0x30  Code  Gb  stm32f4xx_hal.o [1]
HAL_InitTick            0x0800e139    0x7a  Code  Gb  stm32f4xx_hal_timebase_tim.o [1]
HAL_NVIC_EnableIRQ      0x0800c67d     0xa  Code  Gb  stm32f4xx_hal_cortex.o [1]
HAL_NVIC_SetPriority    0x0800c62b    0x52  Code  Gb  stm32f4xx_hal_cortex.o [1]
HAL_NVIC_SetPriorityGrouping
                        0x0800c611    0x1a  Code  Gb  stm32f4xx_hal_cortex.o [1]
HAL_PWREx_EnableOverDrive
                        0x0800dd2d    0x60  Code  Gb  stm32f4xx_hal_pwr_ex.o [1]
HAL_RCC_ClockConfig     0x0800d68d   0x14c  Code  Gb  stm32f4xx_hal_rcc.o [1]
HAL_RCC_GetClockConfig  0x0800d803    0x38  Code  Gb  stm32f4xx_hal_rcc.o [1]
HAL_RCC_GetHCLKFreq     0x0800d7d9     0x6  Code  Gb  stm32f4xx_hal_rcc.o [1]
HAL_RCC_GetPCLK1Freq    0x0800d7df    0x10  Code  Gb  stm32f4xx_hal_rcc.o [1]
HAL_RCC_GetPCLK2Freq    0x0800d7ef     0xe  Code  Gb  stm32f4xx_hal_rcc.o [1]
HAL_RCC_OscConfig       0x0800da55   0x2d8  Code  Wk  stm32f4xx_hal_rcc.o [1]
HAL_TIMEx_CommutationCallback
                        0x0800f7f1     0x2  Code  Wk  stm32f4xx_hal_tim_ex.o [1]
HAL_TIM_Base_Init       0x0800e9d1    0x1e  Code  Gb  stm32f4xx_hal_tim.o [1]
HAL_TIM_Base_Start_IT   0x0800e9ef    0x16  Code  Gb  stm32f4xx_hal_tim.o [1]
HAL_TIM_IRQHandler      0x0800ea19   0x14a  Code  Gb  stm32f4xx_hal_tim.o [1]
HAL_TIM_PeriodElapsedCallback
                        0x0800e1b3     0x4  Code  Gb  stm32f4xx_hal_timebase_tim.o [1]
HAL_UART_Init           0x0800e1cd    0x44  Code  Gb  stm32f4xx_hal_uart.o [1]
HAL_UART_MspInit        0x0800ddc9    0x76  Code  Gb  stm324x9i_eval_debug.o [1]
HAL_UART_Transmit       0x0800e22b   0x100  Code  Gb  stm32f4xx_hal_uart.o [1]
HardFault_Handler       0x0800fc07     0x2  Code  Gb  stm32f4xx_it.o [1]
LoadInt                 0x080057b7    0x56  Code  Lc  xprintfsmall_nomb.o [3]
MemManage_Handler       0x0800fc09     0x2  Code  Gb  stm32f4xx_it.o [1]
NMI_Handler             0x0800fc05     0x2  Code  Gb  stm32f4xx_it.o [1]
Netif_LinkSemaphore     0x2000b610     0x4  Data  Gb  main.o [1]
PendSV_Handler          0x0800c345          Code  Gb  portasm.o [1]
Region$$Table$$Base     0x0800fc4c           --   Gb  - Linker created -
Region$$Table$$Limit    0x0800fc70           --   Gb  - Linker created -
Rx_Buff                 0x20003e44  0x17d0  Data  Gb  ethernetif.o [1]
SVC_Handler             0x0800c39d          Code  Gb  portasm.o [1]
StartThread             0x0800d4a7    0xe8  Code  Lc  main.o [1]
SysTick_Handler         0x0800fc11     0x4  Code  Gb  stm32f4xx_it.o [1]
SystemCoreClock         0x200000d8     0x4  Data  Gb  system_stm32f4xx.o [1]
SystemInit              0x0800fb11    0x3a  Code  Gb  system_stm32f4xx.o [1]
TIM6_DAC_IRQHandler     0x0800e1b7     0x6  Code  Gb  stm32f4xx_hal_timebase_tim.o [1]
TIM_Base_SetConfig      0x0800eb63    0x98  Code  Gb  stm32f4xx_hal_tim.o [1]
TimHandle               0x2000b694    0x3c  Data  Gb  stm32f4xx_hal_timebase_tim.o [1]
ToggleSys_led           0x0800d58f    0x12  Code  Lc  main.o [1]
Tx_Buff                 0x20005614  0x17d0  Data  Gb  ethernetif.o [1]
UART_SetConfig          0x0800e331   0x23e  Code  Lc  stm32f4xx_hal_uart.o [1]
UartHandle              0x2000b654    0x40  Data  Gb  stm324x9i_eval_debug.o [1]
UsageFault_Handler      0x0800fc0d     0x2  Code  Gb  stm32f4xx_it.o [1]
User_notification       0x0800d201    0x2a  Code  Gb  app_ethernet.o [1]
_LitobSmallNoMb         0x08005949    0xce  Code  Lc  xprintfsmall_nomb.o [3]
_PrintfSmallNoMb        0x08005589   0x224  Code  Gb  xprintfsmall_nomb.o [3]
_Prout                  0x0800fcbb    0x16  Code  Gb  xprout.o [3]
_PutcharsSmallNoMb      0x08005a17    0x2e  Code  Lc  xprintfsmall_nomb.o [3]
_PutfldSmallNoMb        0x0800580d   0x13c  Code  Lc  xprintfsmall_nomb.o [3]
_Rand_idx               0x2000b57c     0x4  Data  Lc  rand.o [3]
_Rand_rv                0x2000b4fc    0x80  Data  Lc  rand.o [3]
_Randinit               0x200000d0     0x1  Data  Gb  rand.o [3]
_Randseed               0x200000d4     0x4  Data  Gb  rand.o [3]
_SProut                 0x08003363     0xa  Code  Gb  xsprout.o [3]
__aeabi_memclr          0x08005581          Code  Gb  ABImemclr.o [5]
__aeabi_memclr4         0x08003d41          Code  Gb  ABImemclr4.o [5]
__aeabi_memcpy          0x08005a69          Code  Gb  ABImemcpy.o [5]
__aeabi_memcpy4         0x08005a89          Code  Gb  ABImemcpy.o [5]
__aeabi_memcpy8         0x08005a89          Code  Gb  ABImemcpy.o [5]
__aeabi_memset4         0x08005dcd          Code  Gb  ABImemset48.o [5]
__aeabi_memset8         0x08005dcd          Code  Gb  ABImemset48.o [5]
__cmain                 0x0800fc91          Code  Gb  cmain.o [5]
__exit                  0x0800c0e1    0x14  Code  Gb  exit.o [6]
__iar_Fail_s            0x08008ec5    0x1e  Code  Gb  xfail_s.o [3]
__iar_Memchr            0x08008f41          Code  Gb  memchr.o [5]
__iar_Memset4_word      0x08005dd5          Code  Gb  ABImemset48.o [5]
__iar_Memset8_word      0x08005dd5          Code  Gb  ABImemset48.o [5]
__iar_Memset_word       0x08008e4d          Code  Gb  ABImemset.o [5]
__iar_Stdout            0x20000000    0x48  Data  Gb  xfiles.o [3]
__iar_Strchr            0x08008ead          Code  Gb  strchr.o [5]
__iar_copy_init3        0x0800fbb1    0x2c  Code  Gb  copy_init3.o [5]
__iar_data_init3        0x0800fbdd    0x28  Code  Gb  data_init.o [5]
__iar_init_vfp          0x0800fc29          Code  Gb  fpinit_M.o [4]
__iar_program_start     0x0800fced          Code  Gb  cstartup_M.o [5]
__iar_systems$$module {Abs}
                        0x00000001          Data  Gb  command line/config [2]
__iar_zero_init3        0x0800fb71    0x40  Code  Gb  zero_init3.o [5]
__vector_table          0x08000000          Data  Gb  startup_stm32f429xx.o [1]
_call_main              0x0800fc9d          Code  Gb  cmain.o [5]
_exit                   0x0800fcb1          Code  Gb  cexit.o [5]
_main                   0x0800fca7          Code  Gb  cmain.o [5]
abort                   0x0800a825     0x6  Code  Gb  abort.o [3]
accept_function         0x0800eec5    0xe2  Code  Lc  api_msg.o [1]
ackno                   0x2000b700     0x4  Data  Lc  tcp_in.o [1]
arp_table               0x2000ad64    0xf0  Data  Lc  etharp.o [1]
cyclic_timer            0x0800a675    0x14  Code  Lc  timeouts.o [1]
dhcp_arp_reply          0x08000b13    0xe4  Code  Gb  dhcp.o [1]
dhcp_bind               0x08000fb9   0x160  Code  Lc  dhcp.o [1]
dhcp_check              0x08000215    0x5c  Code  Lc  dhcp.o [1]
dhcp_coarse_tmr         0x08000529    0xf8  Code  Gb  dhcp.o [1]
dhcp_create_msg         0x08001bc9   0x15c  Code  Lc  dhcp.o [1]
dhcp_create_msg::xid    0x2000b7b8     0x4  Data  Lc  dhcp.o [1]
dhcp_dec_pcb_refcount   0x080001f9    0x1c  Code  Lc  dhcp.o [1]
dhcp_delete_msg         0x08001d45    0x16  Code  Lc  dhcp.o [1]
dhcp_discover           0x08000d19   0x152  Code  Lc  dhcp.o [1]
dhcp_discover_request_options
                        0x200000a8     0x4  Data  Lc  dhcp.o [1]
dhcp_fine_tmr           0x080006fd    0xc2  Code  Gb  dhcp.o [1]
dhcp_handle_ack         0x080008b9    0x5e  Code  Lc  dhcp.o [1]
dhcp_inc_pcb_refcount   0x080001ad    0x4c  Code  Lc  dhcp.o [1]
dhcp_network_changed    0x08000aed    0x26  Code  Gb  dhcp.o [1]
dhcp_option_byte        0x080016f5    0x10  Code  Lc  dhcp.o [1]
dhcp_option_long        0x08001713    0x2c  Code  Lc  dhcp.o [1]
dhcp_option_short       0x08001705     0xe  Code  Lc  dhcp.o [1]
dhcp_option_trailer     0x08001d5b    0x34  Code  Lc  dhcp.o [1]
dhcp_parse_reply        0x08001757   0x264  Code  Lc  dhcp.o [1]
dhcp_pcb                0x200000b0     0x4  Data  Lc  dhcp.o [1]
dhcp_pcb_refcount       0x200000ac     0x1  Data  Lc  dhcp.o [1]
dhcp_rebind             0x0800134d   0x126  Code  Lc  dhcp.o [1]
dhcp_reboot             0x08001481   0x176  Code  Lc  dhcp.o [1]
dhcp_recv               0x080019cb   0x1fe  Code  Lc  dhcp.o [1]
dhcp_release            0x080015f7    0xd0  Code  Gb  dhcp.o [1]
dhcp_renew              0x08001215   0x128  Code  Gb  dhcp.o [1]
dhcp_rx_options_given   0x2000b70c     0xc  Data  Gb  dhcp.o [1]
dhcp_rx_options_val     0x2000b718    0x28  Data  Gb  dhcp.o [1]
dhcp_select             0x080002e9   0x1a4  Code  Lc  dhcp.o [1]
dhcp_start              0x08000917    0xa4  Code  Gb  dhcp.o [1]
dhcp_stop               0x080016c7    0x2e  Code  Gb  dhcp.o [1]
dhcp_supplied_address   0x08001d8f    0x1c  Code  Gb  dhcp.o [1]
do_memp_malloc_pool     0x080054b3    0x2a  Code  Lc  memp.o [1]
err_strerr              0x20000048    0x44  Data  Lc  err.o [1]
err_tcp                 0x0800edb9    0xd2  Code  Lc  api_msg.o [1]
etharp_cached_entry     0x2000b808     0x1  Data  Lc  etharp.o [1]
etharp_cleanup_netif    0x08002f47    0x52  Code  Gb  etharp.o [1]
etharp_find_entry       0x08002df1    0xd8  Code  Lc  etharp.o [1]
etharp_free_entry       0x08002d61    0x3a  Code  Lc  etharp.o [1]
etharp_input            0x08002f99    0xcc  Code  Gb  etharp.o [1]
etharp_output           0x080030c5    0xf6  Code  Gb  etharp.o [1]
etharp_output_to_arp_index
                        0x08003065    0x60  Code  Lc  etharp.o [1]
etharp_query            0x080031bb    0xe0  Code  Gb  etharp.o [1]
etharp_request          0x08003323     0x4  Code  Gb  etharp.o [1]
etharp_request_dst      0x0800329b    0x88  Code  Lc  etharp.o [1]
etharp_tmr              0x08002d9b    0x56  Code  Gb  etharp.o [1]
etharp_update_arp_entry
                        0x08002ec9    0x7e  Code  Lc  etharp.o [1]
ethbroadcast            0x08005bf0     0x8  Data  Gb  ethernet.o [1]
ethernet_input          0x08005b11    0x96  Code  Gb  ethernet.o [1]
ethernet_output         0x08005ba7    0x4a  Code  Gb  ethernet.o [1]
ethernetif_init         0x0800bed1    0x1e  Code  Gb  ethernetif.o [1]
ethernetif_input        0x0800be97    0x3a  Code  Lc  ethernetif.o [1]
ethernetif_notify_conn_changed
                        0x0800d22b    0x40  Code  Gb  app_ethernet.o [1]
ethernetif_set_link     0x0800beef    0x46  Code  Gb  ethernetif.o [1]
ethernetif_update_config
                        0x0800bf35    0xa8  Code  Gb  ethernetif.o [1]
ethzero                 0x0800fcf8     0x8  Data  Gb  ethernet.o [1]
exit                    0x0800fcab     0x4  Code  Gb  exit.o [3]
flags                   0x2000b6d0     0x1  Data  Lc  tcp_in.o [1]
fputc                   0x0800de3f    0x14  Code  Gb  stm324x9i_eval_debug.o [1]
gnetif                  0x2000b5d0    0x38  Data  Gb  main.o [1]
icmp_dest_unreach       0x0800467b     0x6  Code  Gb  icmp.o [1]
icmp_input              0x080044e5   0x196  Code  Gb  icmp.o [1]
icmp_send_response      0x08004685    0xb2  Code  Lc  icmp.o [1]
icmp_time_exceeded      0x08004681     0x4  Code  Gb  icmp.o [1]
inet_chksum             0x0800440f     0xc  Code  Gb  inet_chksum.o [1]
inet_chksum_pbuf        0x0800441b    0x58  Code  Gb  inet_chksum.o [1]
inet_chksum_pseudo      0x080043d9    0x28  Code  Gb  inet_chksum.o [1]
inet_cksum_pseudo_base  0x08004345    0x94  Code  Lc  inet_chksum.o [1]
inseg                   0x2000b6d4    0x14  Data  Lc  tcp_in.o [1]
io_driver               0x2000b7f0     0x4  Data  Lc  stm324x9i_eval_io.o [1]
ip4_addr_isbroadcast_u32
                        0x08004215    0x32  Code  Gb  ip4_addr.o [1]
ip4_debug_print         0x08004e6d    0xd2  Code  Gb  ip4.o [1]
ip4_frag                0x08007699   0x18c  Code  Gb  ip4_frag.o [1]
ip4_input               0x08004a4d   0x2f2  Code  Gb  ip4.o [1]
ip4_output_if           0x08004d45    0x28  Code  Gb  ip4.o [1]
ip4_output_if_src       0x08004d6d    0xea  Code  Gb  ip4.o [1]
ip4_reass               0x08007497   0x1ea  Code  Gb  ip4_frag.o [1]
ip4_route               0x080049e1    0x6c  Code  Gb  ip4.o [1]
ip4addr_ntoa            0x08004247     0x4  Code  Gb  ip4_addr.o [1]
ip4addr_ntoa::str       0x2000b77c    0x10  Data  Lc  ip4_addr.o [1]
ip4addr_ntoa_r          0x0800424b    0x92  Code  Gb  ip4_addr.o [1]
ip_addr_any             0x0800fd08     0x4  Data  Gb  ip4_addr.o [1]
ip_addr_broadcast       0x0800fd0c     0x4  Data  Gb  ip4_addr.o [1]
ip_chksum_pseudo        0x08004401     0xe  Code  Gb  inet_chksum.o [1]
ip_data                 0x2000b764    0x18  Data  Gb  ip.o [1]
ip_id                   0x2000b804     0x2  Data  Lc  ip4.o [1]
ip_reass_chain_frag_into_datagram_and_validate
                        0x080073b1    0xe6  Code  Lc  ip4_frag.o [1]
ip_reass_dequeue_datagram
                        0x08007395    0x1c  Code  Lc  ip4_frag.o [1]
ip_reass_free_complete_datagram
                        0x080072bd    0x6e  Code  Lc  ip4_frag.o [1]
ip_reass_pbufcount      0x2000b7a8     0x2  Data  Lc  ip4_frag.o [1]
ip_reass_remove_oldest_datagram
                        0x0800732b    0x6a  Code  Lc  ip4_frag.o [1]
ip_reass_tmr            0x0800727d    0x40  Code  Gb  ip4_frag.o [1]
ipfrag_free_pbuf_custom
                        0x08007681    0x18  Code  Lc  ip4_frag.o [1]
lfree                   0x20006dec     0x4  Data  Lc  mem.o [1]
link_arg                0x2000b608     0x8  Data  Gb  main.o [1]
lock_tcpip_core         0x2000b798     0x4  Data  Gb  tcpip.o [1]
low_level_init          0x0800bbf7   0x10e  Code  Lc  ethernetif.o [1]
low_level_input         0x0800bdd1    0xc6  Code  Lc  ethernetif.o [1]
low_level_output        0x0800bd05    0xcc  Code  Lc  ethernetif.o [1]
lwip_cyclic_timers      0x0800a7fc    0x28  Data  Gb  timeouts.o [1]
lwip_htonl              0x08003349    0x1a  Code  Gb  def.o [1]
lwip_htons              0x0800333d     0xc  Code  Gb  def.o [1]
lwip_init               0x0800e583    0x22  Code  Gb  init.o [1]
lwip_netconn_do_bind    0x0800f3a9    0x58  Code  Gb  api_msg.o [1]
lwip_netconn_do_close   0x0800f729    0x70  Code  Gb  api_msg.o [1]
lwip_netconn_do_close_internal
                        0x0800f17d   0x164  Code  Lc  api_msg.o [1]
lwip_netconn_do_delconn
                        0x0800f2e1    0xac  Code  Gb  api_msg.o [1]
lwip_netconn_do_listen  0x0800f411    0xdc  Code  Gb  api_msg.o [1]
lwip_netconn_do_newconn
                        0x0800efb3    0x88  Code  Gb  api_msg.o [1]
lwip_netconn_do_recv    0x0800f519    0x5a  Code  Gb  api_msg.o [1]
lwip_netconn_do_write   0x0800f6bf    0x6a  Code  Gb  api_msg.o [1]
lwip_netconn_do_writemore
                        0x0800f573   0x14c  Code  Lc  api_msg.o [1]
lwip_standard_chksum    0x080042e5    0x60  Code  Gb  inet_chksum.o [1]
lwip_strerr             0x0800724d    0x1a  Code  Gb  err.o [1]
lwip_sys_mutex          0x2000b7f8     0x4  Data  Gb  sys_arch.o [1]
main                    0x0800d405    0xa2  Code  Gb  main.o [1]
mbox                    0x2000b794     0x4  Data  Lc  tcpip.o [1]
mem_free                0x08003a85    0xa4  Code  Gb  mem.o [1]
mem_init                0x08003a51    0x34  Code  Gb  mem.o [1]
mem_malloc              0x08003bf3    0xc0  Code  Gb  mem.o [1]
mem_mutex               0x20009604     0x4  Data  Lc  mem.o [1]
mem_trim                0x08003b29    0xca  Code  Gb  mem.o [1]
memchr                  0x08008f41          Code  Gb  memchr.o [5]
memcmp                  0x08008f99          Code  Gb  memcmp.o [5]
memp_FRAG_PBUF          0x0800f8dc    0x10  Data  Gb  memp.o [1]
memp_NETBUF             0x0800f8ec    0x10  Data  Gb  memp.o [1]
memp_NETCONN            0x0800f8fc    0x10  Data  Gb  memp.o [1]
memp_PBUF               0x0800f93c    0x10  Data  Gb  memp.o [1]
memp_PBUF_POOL          0x0800f94c    0x10  Data  Gb  memp.o [1]
memp_REASSDATA          0x0800f8cc    0x10  Data  Gb  memp.o [1]
memp_SYS_TIMEOUT        0x0800f92c    0x10  Data  Gb  memp.o [1]
memp_TCPIP_MSG_API      0x0800f90c    0x10  Data  Gb  memp.o [1]
memp_TCPIP_MSG_INPKT    0x0800f91c    0x10  Data  Gb  memp.o [1]
memp_TCP_PCB            0x0800f89c    0x10  Data  Gb  memp.o [1]
memp_TCP_PCB_LISTEN     0x0800f8ac    0x10  Data  Gb  memp.o [1]
memp_TCP_SEG            0x0800f8bc    0x10  Data  Gb  memp.o [1]
memp_UDP_PCB            0x0800f88c    0x10  Data  Gb  memp.o [1]
memp_free               0x080054f9    0x16  Code  Gb  memp.o [1]
memp_init               0x0800549d    0x16  Code  Gb  memp.o [1]
memp_init_pool          0x08005475    0x28  Code  Gb  memp.o [1]
memp_malloc             0x080054e7    0x12  Code  Gb  memp.o [1]
memp_memory_FRAG_PBUF_base
                        0x2000abf8   0x16c  Data  Gb  memp.o [1]
memp_memory_NETBUF_base
                        0x2000b740    0x24  Data  Gb  memp.o [1]
memp_memory_NETCONN_base
                        0x2000b060    0xa4  Data  Gb  memp.o [1]
memp_memory_PBUF_POOL_base
                        0x20009608  0x1024  Data  Gb  memp.o [1]
memp_memory_PBUF_base   0x2000b1a8    0xa4  Data  Gb  memp.o [1]
memp_memory_REASSDATA_base
                        0x2000afbc    0xa4  Data  Gb  memp.o [1]
memp_memory_SYS_TIMEOUT_base
                        0x2000b104    0xa4  Data  Gb  memp.o [1]
memp_memory_TCPIP_MSG_API_base
                        0x2000b3f4    0x84  Data  Gb  memp.o [1]
memp_memory_TCPIP_MSG_INPKT_base
                        0x2000b478    0x84  Data  Gb  memp.o [1]
memp_memory_TCP_PCB_LISTEN_base
                        0x2000b24c    0x90  Data  Gb  memp.o [1]
memp_memory_TCP_PCB_base
                        0x2000a62c   0x5cc  Data  Gb  memp.o [1]
memp_memory_TCP_SEG_base
                        0x2000af18    0xa4  Data  Gb  memp.o [1]
memp_memory_UDP_PCB_base
                        0x2000ae54    0xc4  Data  Gb  memp.o [1]
memp_pools              0x0800554c    0x34  Data  Gb  memp.o [1]
memp_tab_FRAG_PBUF      0x2000b7d0     0x4  Data  Lc  memp.o [1]
memp_tab_NETBUF         0x2000b7d4     0x4  Data  Lc  memp.o [1]
memp_tab_NETCONN        0x2000b7d8     0x4  Data  Lc  memp.o [1]
memp_tab_PBUF           0x2000b7e8     0x4  Data  Lc  memp.o [1]
memp_tab_PBUF_POOL      0x2000b7ec     0x4  Data  Lc  memp.o [1]
memp_tab_REASSDATA      0x2000b7cc     0x4  Data  Lc  memp.o [1]
memp_tab_SYS_TIMEOUT    0x2000b7e4     0x4  Data  Lc  memp.o [1]
memp_tab_TCPIP_MSG_API  0x2000b7dc     0x4  Data  Lc  memp.o [1]
memp_tab_TCPIP_MSG_INPKT
                        0x2000b7e0     0x4  Data  Lc  memp.o [1]
memp_tab_TCP_PCB        0x2000b7c0     0x4  Data  Lc  memp.o [1]
memp_tab_TCP_PCB_LISTEN
                        0x2000b7c4     0x4  Data  Lc  memp.o [1]
memp_tab_TCP_SEG        0x2000b7c8     0x4  Data  Lc  memp.o [1]
memp_tab_UDP_PCB        0x2000b7bc     0x4  Data  Lc  memp.o [1]
netbuf_data             0x0800e98b    0x26  Code  Gb  netbuf.o [1]
netbuf_delete           0x0800e969    0x22  Code  Gb  netbuf.o [1]
netbuf_next             0x0800e9b1    0x20  Code  Gb  netbuf.o [1]
netconn_aborted         0x2000b806     0x1  Data  Gb  api_msg.o [1]
netconn_accept          0x0800e6bd    0x78  Code  Gb  api_lib.o [1]
netconn_alloc           0x0800f03b    0x68  Code  Gb  api_msg.o [1]
netconn_apimsg          0x0800e5a5    0x20  Code  Lc  api_lib.o [1]
netconn_bind            0x0800e64d    0x3a  Code  Gb  api_lib.o [1]
netconn_close           0x0800e90d    0x38  Code  Gb  api_lib.o [1]
netconn_delete          0x0800e623    0x2a  Code  Gb  api_lib.o [1]
netconn_drain           0x0800f0d3    0xaa  Code  Lc  api_msg.o [1]
netconn_free            0x0800f0a3    0x30  Code  Gb  api_msg.o [1]
netconn_listen_with_backlog
                        0x0800e68f    0x2e  Code  Gb  api_lib.o [1]
netconn_new_with_proto_and_callback
                        0x0800e5c5    0x5e  Code  Gb  api_lib.o [1]
netconn_recv            0x0800e829    0x68  Code  Gb  api_lib.o [1]
netconn_recv_data       0x0800e735    0xf4  Code  Lc  api_lib.o [1]
netconn_write_partly    0x0800e891    0x7c  Code  Gb  api_lib.o [1]
netif_add               0x08003d49    0xfa  Code  Gb  netif.o [1]
netif_default           0x2000b7a4     0x4  Data  Gb  netif.o [1]
netif_list              0x2000b7a0     0x4  Data  Gb  netif.o [1]
netif_num               0x2000b79c     0x1  Data  Lc  netif.o [1]
netif_set_addr          0x08003e43    0x44  Code  Gb  netif.o [1]
netif_set_default       0x08003f4d    0x1a  Code  Gb  netif.o [1]
netif_set_down          0x08003f99    0x1a  Code  Gb  netif.o [1]
netif_set_gw            0x08003efb    0x26  Code  Gb  netif.o [1]
netif_set_ipaddr        0x08003e87    0x74  Code  Gb  netif.o [1]
netif_set_link_callback
                        0x0800400d     0x6  Code  Gb  netif.o [1]
netif_set_link_down     0x08003ff3    0x1a  Code  Gb  netif.o [1]
netif_set_link_up       0x08003fb3    0x40  Code  Gb  netif.o [1]
netif_set_netmask       0x08003f21    0x24  Code  Gb  netif.o [1]
netif_set_up            0x08003f75    0x24  Code  Gb  netif.o [1]
next_timeout            0x2000b7b0     0x4  Data  Lc  timeouts.o [1]
obuf                    0x2000b580    0x50  Data  Lc  xfiles.o [3]
osDelay                 0x08009055     0xe  Code  Gb  cmsis_os.o [1]
osKernelStart           0x08009001     0xa  Code  Gb  cmsis_os.o [1]
osKernelSysTick         0x0800900b    0x10  Code  Gb  cmsis_os.o [1]
osMessageCreate         0x080091e1     0xa  Code  Gb  cmsis_os.o [1]
osMessageDelete         0x080092fb     0xe  Code  Gb  cmsis_os.o [1]
osMessageGet            0x0800922f    0x76  Code  Gb  cmsis_os.o [1]
osMessagePut            0x080091eb    0x44  Code  Gb  cmsis_os.o [1]
osMessageWaiting        0x080092eb    0x10  Code  Gb  cmsis_os.o [1]
osMutexCreate           0x08009063     0x6  Code  Gb  cmsis_os.o [1]
osMutexRelease          0x080090bf    0x46  Code  Gb  cmsis_os.o [1]
osMutexWait             0x08009069    0x56  Code  Gb  cmsis_os.o [1]
osSemaphoreCreate       0x08009105    0x2c  Code  Gb  cmsis_os.o [1]
osSemaphoreDelete       0x080091cd     0xc  Code  Gb  cmsis_os.o [1]
osSemaphoreRelease      0x08009187    0x46  Code  Gb  cmsis_os.o [1]
osSemaphoreWait         0x08009131    0x56  Code  Gb  cmsis_os.o [1]
osSystickHandler        0x080092d7    0x14  Code  Gb  cmsis_os.o [1]
osThreadCreate          0x0800901b    0x30  Code  Gb  cmsis_os.o [1]
osThreadTerminate       0x0800904b     0xa  Code  Gb  cmsis_os.o [1]
os_mutex_def_lwip_sys_mutex
                        0x08005dc8     0x4  Data  Gb  sys_arch.o [1]
pbuf_alloc              0x0800336d   0x154  Code  Gb  pbuf.o [1]
pbuf_alloced_custom     0x080034c9    0x64  Code  Gb  pbuf.o [1]
pbuf_cat                0x080036c3    0x28  Code  Gb  pbuf.o [1]
pbuf_chain              0x080036eb    0x20  Code  Gb  pbuf.o [1]
pbuf_clen               0x08003697    0x12  Code  Gb  pbuf.o [1]
pbuf_copy               0x0800370b    0xaa  Code  Gb  pbuf.o [1]
pbuf_copy_partial       0x080037b5    0x66  Code  Gb  pbuf.o [1]
pbuf_free               0x0800360f    0x88  Code  Gb  pbuf.o [1]
pbuf_header             0x08003607     0x4  Code  Gb  pbuf.o [1]
pbuf_header_force       0x0800360b     0x4  Code  Gb  pbuf.o [1]
pbuf_header_impl        0x08003581    0x86  Code  Lc  pbuf.o [1]
pbuf_realloc            0x0800352d    0x54  Code  Gb  pbuf.o [1]
pbuf_ref                0x080036a9    0x1a  Code  Gb  pbuf.o [1]
poll_tcp                0x0800ed07    0x60  Code  Lc  api_msg.o [1]
printf                  0x08002d39    0x28  Code  Gb  printf.o [3]
prvAddCurrentTaskToDelayedList
                        0x0800b069    0x4a  Code  Lc  tasks.o [1]
prvAddNewTaskToReadyList
                        0x0800a92d    0xe0  Code  Lc  tasks.o [1]
prvCopyDataFromQueue    0x0800b7a1    0x26  Code  Lc  queue.o [1]
prvCopyDataToQueue      0x0800b739    0x68  Code  Lc  queue.o [1]
prvIdleTask             0x0800ae85    0x6c  Code  Lc  tasks.o [1]
prvInitialiseNewTask    0x0800a885    0xa8  Code  Lc  tasks.o [1]
prvInsertBlockIntoFreeList
                        0x0800c26b    0x48  Code  Lc  heap_4.o [1]
prvResetNextTaskUnblockTime
                        0x0800aef1    0x1c  Code  Lc  tasks.o [1]
prvTaskExitError        0x0800b8a9    0x28  Code  Lc  port.o [1]
prvUnlockQueue          0x0800b7c7    0x60  Code  Lc  queue.o [1]
putchar                 0x0800fcd1     0xc  Code  Gb  putchar.o [3]
pvPortMalloc            0x0800c0f5   0x11e  Code  Gb  heap_4.o [1]
pvTaskIncrementMutexHeldCount
                        0x0800b03b    0x14  Code  Gb  tasks.o [1]
pxCurrentTCB            0x2000b304     0x4  Data  Gb  tasks.o [1]
pxDelayedTaskList       0x2000b308     0x4  Data  Lc  tasks.o [1]
pxEnd                   0x200000e8     0x4  Data  Lc  heap_4.o [1]
pxOverflowDelayedTaskList
                        0x2000b30c     0x4  Data  Lc  tasks.o [1]
pxPortInitialiseStack   0x0800b881    0x26  Code  Gb  port.o [1]
pxReadyTasksLists       0x2000b368    0x8c  Data  Lc  tasks.o [1]
ram                     0x20006de4     0x4  Data  Lc  mem.o [1]
ram_end                 0x20006de8     0x4  Data  Lc  mem.o [1]
ram_heap                0x20006df0  0x2814  Data  Gb  mem.o [1]
rand                    0x0800416d    0x96  Code  Gb  rand.o [3]
reassdatagrams          0x2000b7ac     0x4  Data  Lc  ip4_frag.o [1]
recv_acked              0x2000b6ee     0x2  Data  Lc  tcp_in.o [1]
recv_data               0x2000b704     0x4  Data  Lc  tcp_in.o [1]
recv_flags              0x2000b6d1     0x1  Data  Lc  tcp_in.o [1]
recv_tcp                0x0800ec9f    0x68  Code  Lc  api_msg.o [1]
recv_udp                0x0800ec39    0x66  Code  Lc  api_msg.o [1]
s_xSemaphore            0x20003d40     0x4  Data  Gb  ethernetif.o [1]
sec_hand                0x2000b800     0x4  Data  Lc  xfail_s.o [3]
sent_tcp                0x0800ed67    0x52  Code  Lc  api_msg.o [1]
seqno                   0x2000b6fc     0x4  Data  Lc  tcp_in.o [1]
setup_tcp               0x0800ee8b    0x3a  Code  Lc  api_msg.o [1]
sprintf                 0x0800d9e1    0x40  Code  Gb  sprintf.o [3]
strchr                  0x08008ead          Code  Gb  strchr.o [5]
strlen                  0x08008f09          Code  Gb  strlen.o [5]
sys_arch_mbox_fetch     0x08005c43    0x44  Code  Gb  sys_arch.o [1]
sys_arch_mbox_tryfetch  0x08005c87    0x24  Code  Gb  sys_arch.o [1]
sys_arch_protect        0x08005d99    0x12  Code  Gb  sys_arch.o [1]
sys_arch_sem_wait       0x08005cdb    0x34  Code  Gb  sys_arch.o [1]
sys_arch_unprotect      0x08005dab     0x2  Code  Gb  sys_arch.o [1]
sys_init                0x08005d2d    0x10  Code  Gb  sys_arch.o [1]
sys_mbox_free           0x08005c1d    0x14  Code  Gb  sys_arch.o [1]
sys_mbox_new            0x08005bf9    0x24  Code  Gb  sys_arch.o [1]
sys_mbox_set_invalid    0x08005cad     0x2  Code  Gb  sys_arch.o [1]
sys_mbox_trypost        0x08005c31    0x12  Code  Gb  sys_arch.o [1]
sys_mbox_valid          0x08005cab     0x2  Code  Gb  sys_arch.o [1]
sys_mutex_lock          0x08005d61     0xa  Code  Gb  sys_arch.o [1]
sys_mutex_new           0x08005d3d    0x1e  Code  Gb  sys_arch.o [1]
sys_mutex_unlock        0x08005d6b     0x2  Code  Gb  sys_arch.o [1]
sys_now                 0x0800c005     0x4  Code  Gb  ethernetif.o [1]
sys_sem_free            0x08005d15     0x6  Code  Gb  sys_arch.o [1]
sys_sem_new             0x08005caf    0x2c  Code  Gb  sys_arch.o [1]
sys_sem_set_invalid     0x08005d25     0x2  Code  Gb  sys_arch.o [1]
sys_sem_signal          0x08005d0f     0x6  Code  Gb  sys_arch.o [1]
sys_sem_valid           0x08005d1b     0x2  Code  Gb  sys_arch.o [1]
sys_thread_new          0x08005d6d    0x2c  Code  Gb  sys_arch.o [1]
sys_timeout             0x0800a6d3    0x7c  Code  Gb  timeouts.o [1]
sys_timeouts_init       0x0800a689    0x4a  Code  Gb  timeouts.o [1]
sys_timeouts_mbox_fetch
                        0x0800a74f    0x90  Code  Gb  timeouts.o [1]
tcp_abandon             0x08006019    0xb4  Code  Gb  tcp.o [1]
tcp_abort               0x080060cd     0x4  Code  Gb  tcp.o [1]
tcp_accept              0x080068e9     0xc  Code  Gb  tcp.o [1]
tcp_accept_null         0x08006175    0x10  Code  Lc  tcp.o [1]
tcp_active_pcbs         0x2000009c     0x4  Data  Gb  tcp.o [1]
tcp_active_pcbs_changed
                        0x2000008c     0x1  Data  Gb  tcp.o [1]
tcp_alloc               0x08006785   0x13c  Code  Gb  tcp.o [1]
tcp_arg                 0x080068cf     0x6  Code  Gb  tcp.o [1]
tcp_backoff             0x080065d8    0x10  Data  Lc  tcp.o [1]
tcp_bind                0x080060d1    0x86  Code  Gb  tcp.o [1]
tcp_bound_pcbs          0x20000094     0x4  Data  Gb  tcp.o [1]
tcp_close               0x08005f85    0x36  Code  Gb  tcp.o [1]
tcp_close_shutdown      0x08005e29   0x15c  Code  Lc  tcp.o [1]
tcp_create_segment      0x0800934d    0xac  Code  Lc  tcp_out.o [1]
tcp_debug_print         0x08006a67   0x118  Code  Gb  tcp.o [1]
tcp_debug_print_flags   0x08006b8f    0x6e  Code  Gb  tcp.o [1]
tcp_debug_print_state   0x08006b7f    0x10  Code  Gb  tcp.o [1]
tcp_debug_state_str     0x08006a5d     0xa  Code  Gb  tcp.o [1]
tcp_eff_send_mss_impl   0x080069bd    0x22  Code  Gb  tcp.o [1]
tcp_enqueue_flags       0x08009983    0xea  Code  Gb  tcp_out.o [1]
tcp_err                 0x080068e1     0x8  Code  Gb  tcp.o [1]
tcp_fasttmr             0x080065e9    0x5e  Code  Gb  tcp.o [1]
tcp_getoptbyte          0x08008979    0x26  Code  Lc  tcp_in.o [1]
tcp_input               0x08007999   0x42e  Code  Gb  tcp_in.o [1]
tcp_input_pcb           0x2000b708     0x4  Data  Gb  tcp_in.o [1]
tcp_keepalive           0x08009f61    0xf4  Code  Gb  tcp_out.o [1]
tcp_kill_state          0x0800673b    0x4a  Code  Lc  tcp.o [1]
tcp_listen_input        0x08007f51   0x10c  Code  Lc  tcp_in.o [1]
tcp_listen_pcbs         0x20000098     0x4  Data  Gb  tcp.o [1]
tcp_listen_with_backlog
                        0x08006185    0x78  Code  Gb  tcp.o [1]
tcp_netif_ip_addr_changed
                        0x08006a0d    0x44  Code  Gb  tcp.o [1]
tcp_netif_ip_addr_changed_pcblist
                        0x080069df    0x2e  Code  Lc  tcp.o [1]
tcp_new                 0x080068c9     0x2  Code  Gb  tcp.o [1]
tcp_new_port            0x08006291    0x52  Code  Lc  tcp.o [1]
tcp_next_iss::iss       0x200000a4     0x4  Data  Lc  tcp.o [1]
tcp_optidx              0x2000b6ec     0x2  Data  Lc  tcp_in.o [1]
tcp_output              0x08009b43   0x1e0  Code  Gb  tcp_out.o [1]
tcp_output_segment      0x08009d23    0xda  Code  Lc  tcp_out.o [1]
tcp_parseopt            0x0800899f    0xa6  Code  Lc  tcp_in.o [1]
tcp_pbuf_prealloc       0x080093f9    0x58  Code  Lc  tcp_out.o [1]
tcp_pcb_lists           0x080062e4    0x10  Data  Gb  tcp.o [1]
tcp_pcb_purge           0x080068fd    0x66  Code  Gb  tcp.o [1]
tcp_pcb_remove          0x08006963    0x52  Code  Gb  tcp.o [1]
tcp_pcbs_sane           0x08006c01    0x1a  Code  Gb  tcp.o [1]
tcp_persist_backoff     0x080065d0     0x8  Data  Lc  tcp.o [1]
tcp_poll                0x080068f5     0x8  Code  Gb  tcp.o [1]
tcp_port                0x200000dc     0x2  Data  Lc  tcp.o [1]
tcp_process             0x0800805d   0x414  Code  Lc  tcp_in.o [1]
tcp_process_refused_data
                        0x0800664d    0x88  Code  Gb  tcp.o [1]
tcp_receive             0x0800847d   0x4fc  Code  Lc  tcp_in.o [1]
tcp_recv                0x080068d5     0x6  Code  Gb  tcp.o [1]
tcp_recv_null           0x08006717    0x24  Code  Gb  tcp.o [1]
tcp_recved              0x08006233    0x5e  Code  Gb  tcp.o [1]
tcp_rexmit              0x08009ecf    0x4a  Code  Gb  tcp_out.o [1]
tcp_rexmit_fast         0x08009f19    0x48  Code  Gb  tcp_out.o [1]
tcp_rexmit_rto          0x08009e9d    0x32  Code  Gb  tcp_out.o [1]
tcp_rst                 0x08009dfd    0xa0  Code  Gb  tcp_out.o [1]
tcp_seg_free            0x080066f7    0x20  Code  Gb  tcp.o [1]
tcp_segs_free           0x080066d5    0x22  Code  Gb  tcp.o [1]
tcp_send_empty_ack      0x08009a6d    0xd6  Code  Gb  tcp_out.o [1]
tcp_send_fin            0x08009309    0x44  Code  Gb  tcp_out.o [1]
tcp_sent                0x080068db     0x6  Code  Gb  tcp.o [1]
tcp_shutdown            0x08005fd5    0x44  Code  Gb  tcp.o [1]
tcp_slowtmr             0x080062f5   0x2d4  Code  Gb  tcp.o [1]
tcp_state_str           0x08007220    0x2c  Data  Lc  tcp.o [1]
tcp_ticks               0x20000090     0x4  Data  Gb  tcp.o [1]
tcp_timer               0x2000b809     0x1  Data  Lc  tcp.o [1]
tcp_timer_ctr           0x2000008d     0x1  Data  Lc  tcp.o [1]
tcp_timer_needed        0x0800a645    0x2a  Code  Gb  timeouts.o [1]
tcp_tmr                 0x08005e09    0x1c  Code  Gb  tcp.o [1]
tcp_trigger_input_pcb_close
                        0x08008a45     0xc  Code  Gb  tcp_in.o [1]
tcp_tw_pcbs             0x200000a0     0x4  Data  Gb  tcp.o [1]
tcp_update_rcv_ann_wnd  0x080061fd    0x36  Code  Gb  tcp.o [1]
tcp_write               0x08009451   0x49e  Code  Gb  tcp_out.o [1]
tcp_zero_window_probe   0x0800a055   0x15e  Code  Gb  tcp_out.o [1]
tcpecho_init            0x0800e10b    0x18  Code  Gb  tcpecho.o [1]
tcpecho_thread          0x0800e089    0x82  Code  Lc  tcpecho.o [1]
tcphdr                  0x2000b6f4     0x4  Data  Lc  tcp_in.o [1]
tcphdr_opt1len          0x2000b6ea     0x2  Data  Lc  tcp_in.o [1]
tcphdr_opt2             0x2000b6f8     0x4  Data  Lc  tcp_in.o [1]
tcphdr_optlen           0x2000b6e8     0x2  Data  Lc  tcp_in.o [1]
tcpip_init              0x0800df8f    0x3a  Code  Gb  tcpip.o [1]
tcpip_init_done         0x2000b78c     0x4  Data  Lc  tcpip.o [1]
tcpip_init_done_arg     0x2000b790     0x4  Data  Lc  tcpip.o [1]
tcpip_inpkt             0x0800df19    0x46  Code  Gb  tcpip.o [1]
tcpip_input             0x0800df5f    0x10  Code  Gb  tcpip.o [1]
tcpip_send_msg_wait_sem
                        0x0800df6f    0x20  Code  Gb  tcpip.o [1]
tcpip_tcp_timer         0x0800a621    0x24  Code  Lc  timeouts.o [1]
tcpip_tcp_timer_active  0x2000b7fc     0x4  Data  Lc  timeouts.o [1]
tcpip_thread            0x0800de65    0xb4  Code  Lc  tcpip.o [1]
tcplen                  0x2000b6f0     0x2  Data  Lc  tcp_in.o [1]
timeouts_last_time      0x2000b7b4     0x4  Data  Lc  timeouts.o [1]
ucHeap                  0x200000f8  0x3c00  Data  Lc  heap_4.o [1]
ucMaxSysCallPriority    0x200000b4     0x1  Data  Lc  port.o [1]
udp_bind                0x080026cd   0x114  Code  Gb  udp.o [1]
udp_connect             0x080027e1    0x70  Code  Gb  udp.o [1]
udp_debug_print         0x080028e1    0x5a  Code  Gb  udp.o [1]
udp_input               0x08002369   0x20c  Code  Gb  udp.o [1]
udp_netif_ip_addr_changed
                        0x080028a3    0x30  Code  Gb  udp.o [1]
udp_new                 0x08002887     0x4  Code  Gb  udp.o [1]
udp_pcbs                0x200000cc     0x4  Data  Gb  udp.o [1]
udp_port                0x200000c8     0x2  Data  Lc  udp.o [1]
udp_recv                0x08002859     0x6  Code  Gb  udp.o [1]
udp_remove              0x0800285f    0x28  Code  Gb  udp.o [1]
udp_sendto_if           0x08002575    0x30  Code  Gb  udp.o [1]
udp_sendto_if_src       0x080025a5   0x122  Code  Gb  udp.o [1]
ulMaxPRIGROUPValue      0x200000bc     0x4  Data  Lc  port.o [1]
uwTick                  0x2000b7f4     0x4  Data  Gb  stm32f4xx_hal.o [1]
uxCriticalNesting       0x200000b8     0x4  Data  Lc  port.o [1]
uxCurrentNumberOfTasks  0x2000b314     0x4  Data  Lc  tasks.o [1]
uxDeletedTasksWaitingCleanUp
                        0x2000b310     0x4  Data  Lc  tasks.o [1]
uxListRemove            0x0800c31f    0x24  Code  Gb  list.o [1]
uxPendedTicks           0x2000b324     0x4  Data  Lc  tasks.o [1]
uxQueueMessagesWaiting  0x0800b6d9    0x1e  Code  Gb  queue.o [1]
uxQueueMessagesWaitingFromISR
                        0x0800b6ff    0x16  Code  Gb  queue.o [1]
uxSchedulerSuspended    0x2000b338     0x4  Data  Lc  tasks.o [1]
uxTaskNumber            0x2000b330     0x4  Data  Lc  tasks.o [1]
uxTopReadyPriority      0x2000b31c     0x4  Data  Lc  tasks.o [1]
vListInitialise         0x0800c2b9    0x1a  Code  Gb  list.o [1]
vListInsert             0x0800c2eb    0x34  Code  Gb  list.o [1]
vListInsertEnd          0x0800c2d3    0x18  Code  Gb  list.o [1]
vPortEnableVFP          0x0800c3d1          Code  Gb  portasm.o [1]
vPortEnterCritical      0x0800b977    0x32  Code  Gb  port.o [1]
vPortExitCritical       0x0800b9a9    0x22  Code  Gb  port.o [1]
vPortFree               0x0800c213    0x58  Code  Gb  heap_4.o [1]
vPortStartFirstTask     0x0800c3b9          Code  Gb  portasm.o [1]
vPortValidateInterruptPriority
                        0x0800b9f1    0x44  Code  Gb  port.o [1]
vQueueDelete            0x0800b715    0x24  Code  Gb  queue.o [1]
vQueueUnregisterQueue   0x0800b827    0x52  Code  Gb  queue.o [1]
vTaskDelay              0x0800aab9    0x42  Code  Gb  tasks.o [1]
vTaskDelete             0x0800aa0d    0xac  Code  Gb  tasks.o [1]
vTaskMissedYield        0x0800ae7b     0xa  Code  Gb  tasks.o [1]
vTaskPlaceOnEventList   0x0800ad59    0x26  Code  Gb  tasks.o [1]
vTaskPriorityInherit    0x0800af25    0x82  Code  Gb  tasks.o [1]
vTaskSetTimeOutState    0x0800adf5    0x20  Code  Gb  tasks.o [1]
vTaskStartScheduler     0x0800aafb    0x64  Code  Gb  tasks.o [1]
vTaskSuspendAll         0x0800ab69     0xc  Code  Gb  tasks.o [1]
vTaskSwitchContext      0x0800acff    0x5a  Code  Gb  tasks.o [1]
xBlockAllocatedBit      0x200000f4     0x4  Data  Lc  heap_4.o [1]
xDelayedTaskList1       0x2000b33c    0x14  Data  Lc  tasks.o [1]
xDelayedTaskList2       0x2000b350    0x14  Data  Lc  tasks.o [1]
xFreeBytesRemaining     0x200000ec     0x4  Data  Lc  heap_4.o [1]
xIdleTaskHandle         0x2000b364     0x4  Data  Lc  tasks.o [1]
xMinimumEverFreeBytesRemaining
                        0x200000f0     0x4  Data  Lc  heap_4.o [1]
xNextTaskUnblockTime    0x2000b334     0x4  Data  Lc  tasks.o [1]
xNumOfOverflows         0x2000b32c     0x4  Data  Lc  tasks.o [1]
xPendingReadyList       0x2000b2dc    0x14  Data  Lc  tasks.o [1]
xPortStartScheduler     0x0800b8d1    0xa6  Code  Gb  port.o [1]
xPortSysTickHandler     0x0800b9cb    0x26  Code  Gb  port.o [1]
xQueueCreateCountingSemaphore
                        0x0800b1cb    0x54  Code  Gb  queue.o [1]
xQueueCreateMutex       0x0800b191    0x3a  Code  Gb  queue.o [1]
xQueueGenericCreate     0x0800b143    0x4e  Code  Gb  queue.o [1]
xQueueGenericReceive    0x0800b4d7   0x176  Code  Gb  queue.o [1]
xQueueGenericReset      0x0800b0bd    0x86  Code  Gb  queue.o [1]
xQueueGenericSend       0x0800b21f   0x15c  Code  Gb  queue.o [1]
xQueueGenericSendFromISR
                        0x0800b387    0xac  Code  Gb  queue.o [1]
xQueueGiveFromISR       0x0800b43b    0x9c  Code  Gb  queue.o [1]
xQueueReceiveFromISR    0x0800b64d    0x8c  Code  Gb  queue.o [1]
xQueueRegistry          0x2000b614    0x40  Data  Gb  queue.o [1]
xSchedulerRunning       0x2000b320     0x4  Data  Lc  tasks.o [1]
xStart                  0x200000e0     0x8  Data  Lc  heap_4.o [1]
xTaskCheckForTimeOut    0x0800ae15    0x66  Code  Gb  tasks.o [1]
xTaskCreate             0x0800a82d    0x52  Code  Gb  tasks.o [1]
xTaskGetSchedulerState  0x0800af0d    0x18  Code  Gb  tasks.o [1]
xTaskGetTickCount       0x0800ac23     0x8  Code  Gb  tasks.o [1]
xTaskGetTickCountFromISR
                        0x0800ac2b     0xe  Code  Gb  tasks.o [1]
xTaskIncrementTick      0x0800ac39    0xc6  Code  Gb  tasks.o [1]
xTaskPriorityDisinherit
                        0x0800afa7    0x94  Code  Gb  tasks.o [1]
xTaskRemoveFromEventList
                        0x0800ad8b    0x64  Code  Gb  tasks.o [1]
xTaskResumeAll          0x0800ab75    0xae  Code  Gb  tasks.o [1]
xTasksWaitingTermination
                        0x2000b2f0    0x14  Data  Lc  tasks.o [1]
xTickCount              0x2000b318     0x4  Data  Lc  tasks.o [1]
xYieldPending           0x2000b328     0x4  Data  Lc  tasks.o [1]


[1] = C:\Users\youcai\Desktop\Lwip_PCB\LWIP_EVAM\EWARM\Release\Obj
[2] = command line
[3] = dl7M_tlf.a
[4] = m7M_tls.a
[5] = rt7M_tl.a
[6] = shb_l.a

  64 240 bytes of readonly  code memory
   1 124 bytes of readonly  data memory
  55 304 bytes of readwrite data memory

Errors: none
Warnings: none
